Copyright 1986-2019 Xilinx, Inc. All Rights Reserved.
--------------------------------------------------------------------------------------------------------------------
| Tool Version : Vivado v.2019.1 (lin64) Build 2552052 Fri May 24 14:47:09 MDT 2019
| Date         : Mon Dec 29 02:06:03 2025
| Host         : hvm1 running 64-bit Ubuntu 22.04.5 LTS
| Command      : report_utilization -hierarchical -hierarchical_depth 1 -file reports/hls_reuse5_19_7_util_hier.rpt
| Design       : p
| Device       : xcvu13pfhga2104-3
| Design State : Routed
--------------------------------------------------------------------------------------------------------------------

Utilization Design Information

Table of Contents
-----------------
1. Utilization by Hierarchy

1. Utilization by Hierarchy
---------------------------

+------------------------------------------------------------------------------------------------------+-----------------------------------------------------------------------------------+------------+------------+---------+------+-------+--------+--------+------+--------------+
|                                               Instance                                               |                                       Module                                      | Total LUTs | Logic LUTs | LUTRAMs | SRLs |  FFs  | RAMB36 | RAMB18 | URAM | DSP48 Blocks |
+------------------------------------------------------------------------------------------------------+-----------------------------------------------------------------------------------+------------+------------+---------+------+-------+--------+--------+------+--------------+
| p                                                                                                    |                                                                             (top) |      68966 |      68966 |       0 |    0 | 14524 |      0 |      4 |    0 |         2859 |
|   (p)                                                                                                |                                                                             (top) |      15496 |      15496 |       0 |    0 |  2359 |      0 |      4 |    0 |            0 |
|   call_ret1_normalize_0_0_0_0_0_0_0_0_0_0_0_0_0_0_0_0_0_0_0_0_0_0_0_0_0_0_0_0_0_0_0_0_0_0_0_1_fu_249 | normalize_0_0_0_0_0_0_0_0_0_0_0_0_0_0_0_0_0_0_0_0_0_0_0_0_0_0_0_0_0_0_0_0_0_0_0_1 |       1216 |       1216 |       0 |    0 |  1098 |      0 |      0 |    0 |           64 |
|   call_ret4_normalize_0_0_0_0_0_0_0_0_0_0_0_0_0_0_0_0_0_0_0_0_0_0_0_0_0_0_0_0_0_0_0_0_0_0_0_s_fu_385 | normalize_0_0_0_0_0_0_0_0_0_0_0_0_0_0_0_0_0_0_0_0_0_0_0_0_0_0_0_0_0_0_0_0_0_0_0_s |        453 |        453 |       0 |    0 |     0 |      0 |      0 |    0 |           32 |
|   call_ret5_relu_ap_fixed_19_7_5_3_0_ap_fixed_19_7_5_3_0_relu_config9_s_fu_457                       |                       relu_ap_fixed_19_7_5_3_0_ap_fixed_19_7_5_3_0_relu_config9_s |        288 |        288 |       0 |    0 |     0 |      0 |      0 |    0 |            0 |
|   call_ret7_normalize_0_0_0_0_0_0_0_0_0_0_0_0_0_0_0_0_0_0_0_0_0_0_0_0_0_0_0_0_0_0_0_0_0_0_0_2_fu_421 | normalize_0_0_0_0_0_0_0_0_0_0_0_0_0_0_0_0_0_0_0_0_0_0_0_0_0_0_0_0_0_0_0_0_0_0_0_2 |        320 |        320 |       0 |    0 |     0 |      0 |      0 |    0 |           32 |
|   call_ret8_relu_ap_fixed_19_7_5_3_0_ap_fixed_19_7_5_3_0_relu_config13_s_fu_493                      |                      relu_ap_fixed_19_7_5_3_0_ap_fixed_19_7_5_3_0_relu_config13_s |         16 |         16 |       0 |    0 |     0 |      0 |      0 |    0 |            0 |
|   grp_dense_latency_0_0_0_0_0_0_0_0_0_0_0_0_0_0_0_0_0_0_0_0_0_0_0_0_0_0_0_0_0_0_0_0_0_1_fu_171       | dense_latency_0_0_0_0_0_0_0_0_0_0_0_0_0_0_0_0_0_0_0_0_0_0_0_0_0_0_0_0_0_0_0_0_0_1 |      11883 |      11883 |       0 |    0 |  3031 |      0 |      0 |    0 |          666 |
|   grp_dense_latency_0_0_0_0_0_0_0_0_0_0_0_0_0_0_0_0_0_0_0_0_0_0_0_0_0_0_0_0_0_0_0_0_0_fu_103         |   dense_latency_0_0_0_0_0_0_0_0_0_0_0_0_0_0_0_0_0_0_0_0_0_0_0_0_0_0_0_0_0_0_0_0_0 |      21720 |      21720 |       0 |    0 |  5071 |      0 |      0 |    0 |         1139 |
|   grp_dense_latency_0_0_0_0_0_0_0_0_0_0_0_0_0_0_0_0_0_0_0_0_0_0_0_0_0_0_0_0_0_0_0_0_0_s_fu_207       | dense_latency_0_0_0_0_0_0_0_0_0_0_0_0_0_0_0_0_0_0_0_0_0_0_0_0_0_0_0_0_0_0_0_0_0_s |      15462 |      15462 |       0 |    0 |  2418 |      0 |      0 |    0 |          780 |
|   grp_dense_latency_ap_fixed_ap_fixed_19_7_5_3_0_config14_0_0_0_0_0_0_fu_213                         |                   dense_latency_ap_fixed_ap_fixed_19_7_5_3_0_config14_0_0_0_0_0_0 |       1908 |       1908 |       0 |    0 |   495 |      0 |      0 |    0 |          141 |
|   grp_softmax_stable_ap_fixed_ap_fixed_19_7_5_3_0_softmax_config16_s_fu_529                          |                    softmax_stable_ap_fixed_ap_fixed_19_7_5_3_0_softmax_config16_s |        249 |        249 |       0 |    0 |    52 |      0 |      0 |    0 |            5 |
+------------------------------------------------------------------------------------------------------+-----------------------------------------------------------------------------------+------------+------------+---------+------+-------+--------+--------+------+--------------+
* Note: The sum of lower-level cells may be larger than their parent cells total, due to cross-hierarchy LUT combining


