

================================================================
== Vivado HLS Report for 'dense_wrapper_ap_ufixed_8_2_5_3_0_ap_fixed_8_3_5_3_0_config15_s'
================================================================
* Date:           Tue Sep 22 06:02:55 2026

* Version:        2019.1 (Build 2552052 on Fri May 24 15:28:33 MDT 2019)
* Project:        myproject_prj
* Solution:       solution1
* Product family: kintexu
* Target device:  xcku035-fbva676-2-e


================================================================
== Performance Estimates
================================================================
+ Timing (ns): 
    * Summary: 
    +--------+-------+----------+------------+
    |  Clock | Target| Estimated| Uncertainty|
    +--------+-------+----------+------------+
    |ap_clk  |   5.00|     3.859|        0.62|
    +--------+-------+----------+------------+

+ Latency (clock cycles): 
    * Summary: 
    +-----+-----+-----+-----+---------------------------------------------+
    |  Latency  |  Interval |                   Pipeline                  |
    | min | max | min | max |                     Type                    |
    +-----+-----+-----+-----+---------------------------------------------+
    |   11|   12|   10|   10| loop rewind(delay=0 initiation interval(s)) |
    +-----+-----+-----+-----+---------------------------------------------+

    + Detail: 
        * Instance: 
        N/A

        * Loop: 
        +-------------+-----+-----+----------+-----------+-----------+------+----------+
        |             |  Latency  | Iteration|  Initiation Interval  | Trip |          |
        |  Loop Name  | min | max |  Latency |  achieved |   target  | Count| Pipelined|
        +-------------+-----+-----+----------+-----------+-----------+------+----------+
        |- ReuseLoop  |   11|   11|         3|          1|          1|    10|    yes   |
        +-------------+-----+-----+----------+-----------+-----------+------+----------+



================================================================
== Utilization Estimates
================================================================
* Summary: 
+-----------------+---------+-------+--------+--------+-----+
|       Name      | BRAM_18K| DSP48E|   FF   |   LUT  | URAM|
+-----------------+---------+-------+--------+--------+-----+
|DSP              |        -|      -|       -|       -|    -|
|Expression       |        -|      0|       0|    1274|    -|
|FIFO             |        -|      -|       -|       -|    -|
|Instance         |        -|      -|       0|      53|    -|
|Memory           |        4|      -|       0|       0|    -|
|Multiplexer      |        -|      -|       -|     702|    -|
|Register         |        -|      -|     741|       -|    -|
+-----------------+---------+-------+--------+--------+-----+
|Total            |        4|      0|     741|    2029|    0|
+-----------------+---------+-------+--------+--------+-----+
|Available        |     1080|   1700|  406256|  203128|    0|
+-----------------+---------+-------+--------+--------+-----+
|Utilization (%)  |    ~0   |      0|   ~0   |   ~0   |    0|
+-----------------+---------+-------+--------+--------+-----+

+ Detail: 
    * Instance: 
    +------------------------------+-------------------------+---------+-------+---+----+-----+
    |           Instance           |          Module         | BRAM_18K| DSP48E| FF| LUT| URAM|
    +------------------------------+-------------------------+---------+-------+---+----+-----+
    |myproject_mux_104_8_1_1_U677  |myproject_mux_104_8_1_1  |        0|      0|  0|  53|    0|
    +------------------------------+-------------------------+---------+-------+---+----+-----+
    |Total                         |                         |        0|      0|  0|  53|    0|
    +------------------------------+-------------------------+---------+-------+---+----+-----+

    * DSP48E: 
    N/A

    * Memory: 
    +---------+-----------------------------------------------------------------------+---------+---+----+-----+------+-----+------+-------------+
    |  Memory |                                 Module                                | BRAM_18K| FF| LUT| URAM| Words| Bits| Banks| W*Bits*Banks|
    +---------+-----------------------------------------------------------------------+---------+---+----+-----+------+-----+------+-------------+
    |w15_V_U  |dense_wrapper_ap_ufixed_8_2_5_3_0_ap_fixed_8_3_5_3_0_config15_s_w15_V  |        4|  0|   0|    0|    10|  118|     1|         1180|
    +---------+-----------------------------------------------------------------------+---------+---+----+-----+------+-----+------+-------------+
    |Total    |                                                                       |        4|  0|   0|    0|    10|  118|     1|         1180|
    +---------+-----------------------------------------------------------------------+---------+---+----+-----+------+-----+------+-------------+

    * FIFO: 
    N/A

    * Expression: 
    +--------------------------+----------+-------+---+----+------------+------------+
    |       Variable Name      | Operation| DSP48E| FF| LUT| Bitwidth P0| Bitwidth P1|
    +--------------------------+----------+-------+---+----+------------+------------+
    |mul_ln1118_14_fu_974_p2   |     *    |      0|  0|  40|           8|           8|
    |mul_ln1118_15_fu_1023_p2  |     *    |      0|  0|  40|           8|           8|
    |mul_ln1118_16_fu_1072_p2  |     *    |      0|  0|  40|           8|           8|
    |mul_ln1118_17_fu_1121_p2  |     *    |      0|  0|  40|           8|           8|
    |mul_ln1118_18_fu_1170_p2  |     *    |      0|  0|  40|           8|           8|
    |mul_ln1118_19_fu_1219_p2  |     *    |      0|  0|  40|           8|           8|
    |mul_ln1118_20_fu_1268_p2  |     *    |      0|  0|  40|           8|           8|
    |mul_ln1118_21_fu_1317_p2  |     *    |      0|  0|  40|           8|           8|
    |mul_ln1118_22_fu_1366_p2  |     *    |      0|  0|  40|           8|           8|
    |mul_ln1118_23_fu_1415_p2  |     *    |      0|  0|  40|           8|           8|
    |mul_ln1118_24_fu_1464_p2  |     *    |      0|  0|  40|           8|           8|
    |mul_ln1118_25_fu_1513_p2  |     *    |      0|  0|  40|           8|           8|
    |mul_ln1118_26_fu_1562_p2  |     *    |      0|  0|  40|           8|           8|
    |mul_ln1118_27_fu_1614_p2  |     *    |      0|  0|  40|           6|           8|
    |mul_ln1118_fu_925_p2      |     *    |      0|  0|  40|           8|           8|
    |acc_0_V_fu_959_p2         |     +    |      0|  0|  23|          16|          16|
    |acc_10_V_fu_1449_p2       |     +    |      0|  0|  23|          16|          16|
    |acc_11_V_fu_1498_p2       |     +    |      0|  0|  23|          16|          16|
    |acc_12_V_fu_1547_p2       |     +    |      0|  0|  23|          16|          16|
    |acc_13_V_fu_1596_p2       |     +    |      0|  0|  23|          16|          16|
    |acc_14_V_fu_1638_p2       |     +    |      0|  0|  23|          16|          16|
    |acc_1_V_fu_1008_p2        |     +    |      0|  0|  23|          16|          16|
    |acc_2_V_fu_1057_p2        |     +    |      0|  0|  23|          16|          16|
    |acc_3_V_fu_1106_p2        |     +    |      0|  0|  23|          16|          16|
    |acc_4_V_fu_1155_p2        |     +    |      0|  0|  23|          16|          16|
    |acc_5_V_fu_1204_p2        |     +    |      0|  0|  23|          16|          16|
    |acc_6_V_fu_1253_p2        |     +    |      0|  0|  23|          16|          16|
    |acc_7_V_fu_1302_p2        |     +    |      0|  0|  23|          16|          16|
    |acc_8_V_fu_1351_p2        |     +    |      0|  0|  23|          16|          16|
    |acc_9_V_fu_1400_p2        |     +    |      0|  0|  23|          16|          16|
    |add_ln703_16_fu_965_p2    |     +    |      0|  0|  20|          13|          13|
    |add_ln703_17_fu_1014_p2   |     +    |      0|  0|  20|          13|          13|
    |add_ln703_18_fu_1063_p2   |     +    |      0|  0|  20|          13|          13|
    |add_ln703_19_fu_1112_p2   |     +    |      0|  0|  20|          13|          13|
    |add_ln703_20_fu_1161_p2   |     +    |      0|  0|  20|          13|          13|
    |add_ln703_21_fu_1210_p2   |     +    |      0|  0|  20|          13|          13|
    |add_ln703_22_fu_1259_p2   |     +    |      0|  0|  20|          13|          13|
    |add_ln703_23_fu_1308_p2   |     +    |      0|  0|  20|          13|          13|
    |add_ln703_24_fu_1357_p2   |     +    |      0|  0|  20|          13|          13|
    |add_ln703_25_fu_1406_p2   |     +    |      0|  0|  20|          13|          13|
    |add_ln703_26_fu_1455_p2   |     +    |      0|  0|  20|          13|          13|
    |add_ln703_27_fu_1504_p2   |     +    |      0|  0|  20|          13|          13|
    |add_ln703_28_fu_1553_p2   |     +    |      0|  0|  20|          13|          13|
    |add_ln703_29_fu_1602_p2   |     +    |      0|  0|  20|          13|          13|
    |add_ln703_30_fu_1644_p2   |     +    |      0|  0|  20|          13|          13|
    |w_index_fu_737_p2         |     +    |      0|  0|  12|           1|           4|
    |ap_condition_256          |    and   |      0|  0|   2|           1|           1|
    |ap_condition_262          |    and   |      0|  0|   2|           1|           1|
    |ap_condition_40           |    and   |      0|  0|   2|           1|           1|
    |icmp_ln46_fu_743_p2       |   icmp   |      0|  0|   9|           4|           4|
    |ap_enable_pp0             |    xor   |      0|  0|   2|           1|           2|
    +--------------------------+----------+-------+---+----+------------+------------+
    |Total                     |          |      0|  0|1274|         562|         568|
    +--------------------------+----------+-------+---+----+------------+------------+

    * Multiplexer: 
    +--------------------------------------------------+----+-----------+-----+-----------+
    |                       Name                       | LUT| Input Size| Bits| Total Bits|
    +--------------------------------------------------+----+-----------+-----+-----------+
    |acc_V_0_05_reg_718                                |   9|          2|   16|         32|
    |acc_V_10_015_reg_578                              |   9|          2|   16|         32|
    |acc_V_11_016_reg_564                              |   9|          2|   16|         32|
    |acc_V_12_017_reg_550                              |   9|          2|   16|         32|
    |acc_V_13_018_reg_536                              |   9|          2|   16|         32|
    |acc_V_14_019_reg_522                              |   9|          2|   16|         32|
    |acc_V_1_06_reg_704                                |   9|          2|   16|         32|
    |acc_V_2_07_reg_690                                |   9|          2|   16|         32|
    |acc_V_3_08_reg_676                                |   9|          2|   16|         32|
    |acc_V_4_09_reg_662                                |   9|          2|   16|         32|
    |acc_V_5_010_reg_648                               |   9|          2|   16|         32|
    |acc_V_6_011_reg_634                               |   9|          2|   16|         32|
    |acc_V_7_012_reg_620                               |   9|          2|   16|         32|
    |acc_V_8_013_reg_606                               |   9|          2|   16|         32|
    |acc_V_9_014_reg_592                               |   9|          2|   16|         32|
    |ap_NS_fsm                                         |  15|          3|    1|          3|
    |ap_enable_reg_pp0_iter1                           |   9|          2|    1|          2|
    |ap_enable_reg_pp0_iter2                           |   9|          2|    1|          2|
    |ap_phi_mux_data_0_V_read36_phi_phi_fu_406_p4      |   9|          2|    8|         16|
    |ap_phi_mux_data_0_V_read36_rewind_phi_fu_266_p6   |   9|          2|    8|         16|
    |ap_phi_mux_data_1_V_read37_phi_phi_fu_418_p4      |   9|          2|    8|         16|
    |ap_phi_mux_data_1_V_read37_rewind_phi_fu_280_p6   |   9|          2|    8|         16|
    |ap_phi_mux_data_2_V_read38_phi_phi_fu_430_p4      |   9|          2|    8|         16|
    |ap_phi_mux_data_2_V_read38_rewind_phi_fu_294_p6   |   9|          2|    8|         16|
    |ap_phi_mux_data_3_V_read39_phi_phi_fu_442_p4      |   9|          2|    8|         16|
    |ap_phi_mux_data_3_V_read39_rewind_phi_fu_308_p6   |   9|          2|    8|         16|
    |ap_phi_mux_data_4_V_read40_phi_phi_fu_454_p4      |   9|          2|    8|         16|
    |ap_phi_mux_data_4_V_read40_rewind_phi_fu_322_p6   |   9|          2|    8|         16|
    |ap_phi_mux_data_5_V_read41_phi_phi_fu_466_p4      |   9|          2|    8|         16|
    |ap_phi_mux_data_5_V_read41_rewind_phi_fu_336_p6   |   9|          2|    8|         16|
    |ap_phi_mux_data_6_V_read42_phi_phi_fu_478_p4      |   9|          2|    8|         16|
    |ap_phi_mux_data_6_V_read42_rewind_phi_fu_350_p6   |   9|          2|    8|         16|
    |ap_phi_mux_data_7_V_read43_phi_phi_fu_490_p4      |   9|          2|    8|         16|
    |ap_phi_mux_data_7_V_read43_rewind_phi_fu_364_p6   |   9|          2|    8|         16|
    |ap_phi_mux_data_8_V_read44_phi_phi_fu_502_p4      |   9|          2|    8|         16|
    |ap_phi_mux_data_8_V_read44_rewind_phi_fu_378_p6   |   9|          2|    8|         16|
    |ap_phi_mux_data_9_V_read45_phi_phi_fu_514_p4      |   9|          2|    8|         16|
    |ap_phi_mux_data_9_V_read45_rewind_phi_fu_392_p6   |   9|          2|    8|         16|
    |ap_phi_mux_do_init_phi_fu_235_p6                  |  15|          3|    1|          3|
    |ap_phi_mux_w_index35_phi_fu_251_p6                |  15|          3|    4|         12|
    |ap_phi_reg_pp0_iter1_data_0_V_read36_phi_reg_402  |   9|          2|    8|         16|
    |ap_phi_reg_pp0_iter1_data_1_V_read37_phi_reg_414  |   9|          2|    8|         16|
    |ap_phi_reg_pp0_iter1_data_2_V_read38_phi_reg_426  |   9|          2|    8|         16|
    |ap_phi_reg_pp0_iter1_data_3_V_read39_phi_reg_438  |   9|          2|    8|         16|
    |ap_phi_reg_pp0_iter1_data_4_V_read40_phi_reg_450  |   9|          2|    8|         16|
    |ap_phi_reg_pp0_iter1_data_5_V_read41_phi_reg_462  |   9|          2|    8|         16|
    |ap_phi_reg_pp0_iter1_data_6_V_read42_phi_reg_474  |   9|          2|    8|         16|
    |ap_phi_reg_pp0_iter1_data_7_V_read43_phi_reg_486  |   9|          2|    8|         16|
    |ap_phi_reg_pp0_iter1_data_8_V_read44_phi_reg_498  |   9|          2|    8|         16|
    |ap_phi_reg_pp0_iter1_data_9_V_read45_phi_reg_510  |   9|          2|    8|         16|
    |ap_return_0                                       |   9|          2|    8|         16|
    |ap_return_1                                       |   9|          2|    8|         16|
    |ap_return_10                                      |   9|          2|    8|         16|
    |ap_return_11                                      |   9|          2|    8|         16|
    |ap_return_12                                      |   9|          2|    8|         16|
    |ap_return_13                                      |   9|          2|    8|         16|
    |ap_return_14                                      |   9|          2|    8|         16|
    |ap_return_2                                       |   9|          2|    8|         16|
    |ap_return_3                                       |   9|          2|    8|         16|
    |ap_return_4                                       |   9|          2|    8|         16|
    |ap_return_5                                       |   9|          2|    8|         16|
    |ap_return_6                                       |   9|          2|    8|         16|
    |ap_return_7                                       |   9|          2|    8|         16|
    |ap_return_8                                       |   9|          2|    8|         16|
    |ap_return_9                                       |   9|          2|    8|         16|
    |data_0_V_read36_phi_reg_402                       |   9|          2|    8|         16|
    |data_1_V_read37_phi_reg_414                       |   9|          2|    8|         16|
    |data_2_V_read38_phi_reg_426                       |   9|          2|    8|         16|
    |data_3_V_read39_phi_reg_438                       |   9|          2|    8|         16|
    |data_4_V_read40_phi_reg_450                       |   9|          2|    8|         16|
    |data_5_V_read41_phi_reg_462                       |   9|          2|    8|         16|
    |data_6_V_read42_phi_reg_474                       |   9|          2|    8|         16|
    |data_7_V_read43_phi_reg_486                       |   9|          2|    8|         16|
    |data_8_V_read44_phi_reg_498                       |   9|          2|    8|         16|
    |data_9_V_read45_phi_reg_510                       |   9|          2|    8|         16|
    |w_index35_reg_247                                 |   9|          2|    4|          8|
    +--------------------------------------------------+----+-----------+-----+-----------+
    |Total                                             | 702|        155|  692|       1390|
    +--------------------------------------------------+----+-----------+-----+-----------+

    * Register: 
    +--------------------------------------------------+----+----+-----+-----------+
    |                       Name                       | FF | LUT| Bits| Const Bits|
    +--------------------------------------------------+----+----+-----+-----------+
    |acc_V_0_05_reg_718                                |  16|   0|   16|          0|
    |acc_V_10_015_reg_578                              |  16|   0|   16|          0|
    |acc_V_11_016_reg_564                              |  16|   0|   16|          0|
    |acc_V_12_017_reg_550                              |  16|   0|   16|          0|
    |acc_V_13_018_reg_536                              |  16|   0|   16|          0|
    |acc_V_14_019_reg_522                              |  16|   0|   16|          0|
    |acc_V_1_06_reg_704                                |  16|   0|   16|          0|
    |acc_V_2_07_reg_690                                |  16|   0|   16|          0|
    |acc_V_3_08_reg_676                                |  16|   0|   16|          0|
    |acc_V_4_09_reg_662                                |  16|   0|   16|          0|
    |acc_V_5_010_reg_648                               |  16|   0|   16|          0|
    |acc_V_6_011_reg_634                               |  16|   0|   16|          0|
    |acc_V_7_012_reg_620                               |  16|   0|   16|          0|
    |acc_V_8_013_reg_606                               |  16|   0|   16|          0|
    |acc_V_9_014_reg_592                               |  16|   0|   16|          0|
    |ap_CS_fsm                                         |   2|   0|    2|          0|
    |ap_enable_reg_pp0_iter1                           |   1|   0|    1|          0|
    |ap_enable_reg_pp0_iter2                           |   1|   0|    1|          0|
    |ap_phi_reg_pp0_iter1_data_0_V_read36_phi_reg_402  |   8|   0|    8|          0|
    |ap_phi_reg_pp0_iter1_data_1_V_read37_phi_reg_414  |   8|   0|    8|          0|
    |ap_phi_reg_pp0_iter1_data_2_V_read38_phi_reg_426  |   8|   0|    8|          0|
    |ap_phi_reg_pp0_iter1_data_3_V_read39_phi_reg_438  |   8|   0|    8|          0|
    |ap_phi_reg_pp0_iter1_data_4_V_read40_phi_reg_450  |   8|   0|    8|          0|
    |ap_phi_reg_pp0_iter1_data_5_V_read41_phi_reg_462  |   8|   0|    8|          0|
    |ap_phi_reg_pp0_iter1_data_6_V_read42_phi_reg_474  |   8|   0|    8|          0|
    |ap_phi_reg_pp0_iter1_data_7_V_read43_phi_reg_486  |   8|   0|    8|          0|
    |ap_phi_reg_pp0_iter1_data_8_V_read44_phi_reg_498  |   8|   0|    8|          0|
    |ap_phi_reg_pp0_iter1_data_9_V_read45_phi_reg_510  |   8|   0|    8|          0|
    |ap_return_0_preg                                  |   8|   0|    8|          0|
    |ap_return_10_preg                                 |   8|   0|    8|          0|
    |ap_return_11_preg                                 |   8|   0|    8|          0|
    |ap_return_12_preg                                 |   8|   0|    8|          0|
    |ap_return_13_preg                                 |   8|   0|    8|          0|
    |ap_return_14_preg                                 |   8|   0|    8|          0|
    |ap_return_1_preg                                  |   8|   0|    8|          0|
    |ap_return_2_preg                                  |   8|   0|    8|          0|
    |ap_return_3_preg                                  |   8|   0|    8|          0|
    |ap_return_4_preg                                  |   8|   0|    8|          0|
    |ap_return_5_preg                                  |   8|   0|    8|          0|
    |ap_return_6_preg                                  |   8|   0|    8|          0|
    |ap_return_7_preg                                  |   8|   0|    8|          0|
    |ap_return_8_preg                                  |   8|   0|    8|          0|
    |ap_return_9_preg                                  |   8|   0|    8|          0|
    |data_0_V_read36_phi_reg_402                       |   8|   0|    8|          0|
    |data_0_V_read36_rewind_reg_262                    |   8|   0|    8|          0|
    |data_1_V_read37_phi_reg_414                       |   8|   0|    8|          0|
    |data_1_V_read37_rewind_reg_276                    |   8|   0|    8|          0|
    |data_2_V_read38_phi_reg_426                       |   8|   0|    8|          0|
    |data_2_V_read38_rewind_reg_290                    |   8|   0|    8|          0|
    |data_3_V_read39_phi_reg_438                       |   8|   0|    8|          0|
    |data_3_V_read39_rewind_reg_304                    |   8|   0|    8|          0|
    |data_4_V_read40_phi_reg_450                       |   8|   0|    8|          0|
    |data_4_V_read40_rewind_reg_318                    |   8|   0|    8|          0|
    |data_5_V_read41_phi_reg_462                       |   8|   0|    8|          0|
    |data_5_V_read41_rewind_reg_332                    |   8|   0|    8|          0|
    |data_6_V_read42_phi_reg_474                       |   8|   0|    8|          0|
    |data_6_V_read42_rewind_reg_346                    |   8|   0|    8|          0|
    |data_7_V_read43_phi_reg_486                       |   8|   0|    8|          0|
    |data_7_V_read43_rewind_reg_360                    |   8|   0|    8|          0|
    |data_8_V_read44_phi_reg_498                       |   8|   0|    8|          0|
    |data_8_V_read44_rewind_reg_374                    |   8|   0|    8|          0|
    |data_9_V_read45_phi_reg_510                       |   8|   0|    8|          0|
    |data_9_V_read45_rewind_reg_388                    |   8|   0|    8|          0|
    |do_init_reg_231                                   |   1|   0|    1|          0|
    |icmp_ln46_reg_1954                                |   1|   0|    1|          0|
    |icmp_ln46_reg_1954_pp0_iter1_reg                  |   1|   0|    1|          0|
    |tmp_15_reg_1969                                   |   8|   0|    8|          0|
    |tmp_16_reg_1974                                   |   8|   0|    8|          0|
    |tmp_17_reg_1979                                   |   8|   0|    8|          0|
    |tmp_18_reg_1984                                   |   8|   0|    8|          0|
    |tmp_19_reg_1989                                   |   8|   0|    8|          0|
    |tmp_20_reg_1994                                   |   8|   0|    8|          0|
    |tmp_21_reg_1999                                   |   8|   0|    8|          0|
    |tmp_22_reg_2004                                   |   8|   0|    8|          0|
    |tmp_23_reg_2009                                   |   8|   0|    8|          0|
    |tmp_24_reg_2014                                   |   8|   0|    8|          0|
    |tmp_25_reg_2019                                   |   8|   0|    8|          0|
    |tmp_26_reg_2024                                   |   8|   0|    8|          0|
    |tmp_27_reg_2029                                   |   8|   0|    8|          0|
    |tmp_28_reg_1958                                   |   8|   0|    8|          0|
    |tmp_29_reg_2034                                   |   6|   0|    6|          0|
    |trunc_ln59_reg_1964                               |   8|   0|    8|          0|
    |w_index35_reg_247                                 |   4|   0|    4|          0|
    |w_index_reg_1949                                  |   4|   0|    4|          0|
    +--------------------------------------------------+----+----+-----+-----------+
    |Total                                             | 741|   0|  741|          0|
    +--------------------------------------------------+----+----+-----+-----------+



================================================================
== Interface
================================================================
* Summary: 
+---------------+-----+-----+------------+----------------------------------------------------------------------------+--------------+
|   RTL Ports   | Dir | Bits|  Protocol  |                                Source Object                               |    C Type    |
+---------------+-----+-----+------------+----------------------------------------------------------------------------+--------------+
|ap_clk         |  in |    1| ap_ctrl_hs | dense_wrapper<ap_ufixed<8, 2, 5, 3, 0>, ap_fixed<8, 3, 5, 3, 0>, config15> | return value |
|ap_rst         |  in |    1| ap_ctrl_hs | dense_wrapper<ap_ufixed<8, 2, 5, 3, 0>, ap_fixed<8, 3, 5, 3, 0>, config15> | return value |
|ap_start       |  in |    1| ap_ctrl_hs | dense_wrapper<ap_ufixed<8, 2, 5, 3, 0>, ap_fixed<8, 3, 5, 3, 0>, config15> | return value |
|ap_done        | out |    1| ap_ctrl_hs | dense_wrapper<ap_ufixed<8, 2, 5, 3, 0>, ap_fixed<8, 3, 5, 3, 0>, config15> | return value |
|ap_idle        | out |    1| ap_ctrl_hs | dense_wrapper<ap_ufixed<8, 2, 5, 3, 0>, ap_fixed<8, 3, 5, 3, 0>, config15> | return value |
|ap_ready       | out |    1| ap_ctrl_hs | dense_wrapper<ap_ufixed<8, 2, 5, 3, 0>, ap_fixed<8, 3, 5, 3, 0>, config15> | return value |
|ap_return_0    | out |    8| ap_ctrl_hs | dense_wrapper<ap_ufixed<8, 2, 5, 3, 0>, ap_fixed<8, 3, 5, 3, 0>, config15> | return value |
|ap_return_1    | out |    8| ap_ctrl_hs | dense_wrapper<ap_ufixed<8, 2, 5, 3, 0>, ap_fixed<8, 3, 5, 3, 0>, config15> | return value |
|ap_return_2    | out |    8| ap_ctrl_hs | dense_wrapper<ap_ufixed<8, 2, 5, 3, 0>, ap_fixed<8, 3, 5, 3, 0>, config15> | return value |
|ap_return_3    | out |    8| ap_ctrl_hs | dense_wrapper<ap_ufixed<8, 2, 5, 3, 0>, ap_fixed<8, 3, 5, 3, 0>, config15> | return value |
|ap_return_4    | out |    8| ap_ctrl_hs | dense_wrapper<ap_ufixed<8, 2, 5, 3, 0>, ap_fixed<8, 3, 5, 3, 0>, config15> | return value |
|ap_return_5    | out |    8| ap_ctrl_hs | dense_wrapper<ap_ufixed<8, 2, 5, 3, 0>, ap_fixed<8, 3, 5, 3, 0>, config15> | return value |
|ap_return_6    | out |    8| ap_ctrl_hs | dense_wrapper<ap_ufixed<8, 2, 5, 3, 0>, ap_fixed<8, 3, 5, 3, 0>, config15> | return value |
|ap_return_7    | out |    8| ap_ctrl_hs | dense_wrapper<ap_ufixed<8, 2, 5, 3, 0>, ap_fixed<8, 3, 5, 3, 0>, config15> | return value |
|ap_return_8    | out |    8| ap_ctrl_hs | dense_wrapper<ap_ufixed<8, 2, 5, 3, 0>, ap_fixed<8, 3, 5, 3, 0>, config15> | return value |
|ap_return_9    | out |    8| ap_ctrl_hs | dense_wrapper<ap_ufixed<8, 2, 5, 3, 0>, ap_fixed<8, 3, 5, 3, 0>, config15> | return value |
|ap_return_10   | out |    8| ap_ctrl_hs | dense_wrapper<ap_ufixed<8, 2, 5, 3, 0>, ap_fixed<8, 3, 5, 3, 0>, config15> | return value |
|ap_return_11   | out |    8| ap_ctrl_hs | dense_wrapper<ap_ufixed<8, 2, 5, 3, 0>, ap_fixed<8, 3, 5, 3, 0>, config15> | return value |
|ap_return_12   | out |    8| ap_ctrl_hs | dense_wrapper<ap_ufixed<8, 2, 5, 3, 0>, ap_fixed<8, 3, 5, 3, 0>, config15> | return value |
|ap_return_13   | out |    8| ap_ctrl_hs | dense_wrapper<ap_ufixed<8, 2, 5, 3, 0>, ap_fixed<8, 3, 5, 3, 0>, config15> | return value |
|ap_return_14   | out |    8| ap_ctrl_hs | dense_wrapper<ap_ufixed<8, 2, 5, 3, 0>, ap_fixed<8, 3, 5, 3, 0>, config15> | return value |
|data_0_V_read  |  in |    8|   ap_none  |                                data_0_V_read                               |    scalar    |
|data_1_V_read  |  in |    8|   ap_none  |                                data_1_V_read                               |    scalar    |
|data_2_V_read  |  in |    8|   ap_none  |                                data_2_V_read                               |    scalar    |
|data_3_V_read  |  in |    8|   ap_none  |                                data_3_V_read                               |    scalar    |
|data_4_V_read  |  in |    8|   ap_none  |                                data_4_V_read                               |    scalar    |
|data_5_V_read  |  in |    8|   ap_none  |                                data_5_V_read                               |    scalar    |
|data_6_V_read  |  in |    8|   ap_none  |                                data_6_V_read                               |    scalar    |
|data_7_V_read  |  in |    8|   ap_none  |                                data_7_V_read                               |    scalar    |
|data_8_V_read  |  in |    8|   ap_none  |                                data_8_V_read                               |    scalar    |
|data_9_V_read  |  in |    8|   ap_none  |                                data_9_V_read                               |    scalar    |
+---------------+-----+-----+------------+----------------------------------------------------------------------------+--------------+

