

================================================================
== Vivado HLS Report for 'dense_resource_rf_leq_nin_ap_ufixed_ap_fixed_config2_mult_0_0_0_0_0_0_0'
================================================================
* Date:           Mon Aug 10 20:48:31 2026

* Version:        2019.1 (Build 2552052 on Fri May 24 15:28:33 MDT 2019)
* Project:        myproject_prj
* Solution:       solution1
* Product family: kintexu
* Target device:  xcku035-fbva676-2-e


================================================================
== Performance Estimates
================================================================
+ Timing (ns): 
    * Summary: 
    +--------+-------+----------+------------+
    |  Clock | Target| Estimated| Uncertainty|
    +--------+-------+----------+------------+
    |ap_clk  |   5.00|     3.825|        0.62|
    +--------+-------+----------+------------+

+ Latency (clock cycles): 
    * Summary: 
    +-----+-----+-----+-----+---------------------------------------------+
    |  Latency  |  Interval |                   Pipeline                  |
    | min | max | min | max |                     Type                    |
    +-----+-----+-----+-----+---------------------------------------------+
    |   10|   11|    9|    9| loop rewind(delay=0 initiation interval(s)) |
    +-----+-----+-----+-----+---------------------------------------------+

    + Detail: 
        * Instance: 
        N/A

        * Loop: 
        +-------------+-----+-----+----------+-----------+-----------+------+----------+
        |             |  Latency  | Iteration|  Initiation Interval  | Trip |          |
        |  Loop Name  | min | max |  Latency |  achieved |   target  | Count| Pipelined|
        +-------------+-----+-----+----------+-----------+-----------+------+----------+
        |- ReuseLoop  |   10|   10|         3|          1|          1|     9|    yes   |
        +-------------+-----+-----+----------+-----------+-----------+------+----------+



================================================================
== Utilization Estimates
================================================================
* Summary: 
+-----------------+---------+-------+--------+--------+-----+
|       Name      | BRAM_18K| DSP48E|   FF   |   LUT  | URAM|
+-----------------+---------+-------+--------+--------+-----+
|DSP              |        -|      -|       -|       -|    -|
|Expression       |        -|      0|       0|     549|    -|
|FIFO             |        -|      -|       -|       -|    -|
|Instance         |        -|      -|       -|       -|    -|
|Memory           |        2|      -|       0|       0|    -|
|Multiplexer      |        -|      -|       -|     165|    -|
|Register         |        -|      -|     202|       -|    -|
+-----------------+---------+-------+--------+--------+-----+
|Total            |        2|      0|     202|     714|    0|
+-----------------+---------+-------+--------+--------+-----+
|Available        |     1080|   1700|  406256|  203128|    0|
+-----------------+---------+-------+--------+--------+-----+
|Utilization (%)  |    ~0   |      0|   ~0   |   ~0   |    0|
+-----------------+---------+-------+--------+--------+-----+

+ Detail: 
    * Instance: 
    N/A

    * DSP48E: 
    N/A

    * Memory: 
    +--------+------------------------------------------------------------------------------+---------+---+----+-----+------+-----+------+-------------+
    | Memory |                                    Module                                    | BRAM_18K| FF| LUT| URAM| Words| Bits| Banks| W*Bits*Banks|
    +--------+------------------------------------------------------------------------------+---------+---+----+-----+------+-----+------+-------------+
    |w2_V_U  |dense_resource_rf_leq_nin_ap_ufixed_ap_fixed_config2_mult_0_0_0_0_0_0_0_w2_V  |        2|  0|   0|    0|     9|   48|     1|          432|
    +--------+------------------------------------------------------------------------------+---------+---+----+-----+------+-----+------+-------------+
    |Total   |                                                                              |        2|  0|   0|    0|     9|   48|     1|          432|
    +--------+------------------------------------------------------------------------------+---------+---+----+-----+------+-----+------+-------------+

    * FIFO: 
    N/A

    * Expression: 
    +-------------------------+----------+-------+---+----+------------+------------+
    |      Variable Name      | Operation| DSP48E| FF| LUT| Bitwidth P0| Bitwidth P1|
    +-------------------------+----------+-------+---+----+------------+------------+
    |mul_ln1118_75_fu_559_p2  |     *    |      0|  0|  40|           8|           8|
    |mul_ln1118_76_fu_592_p2  |     *    |      0|  0|  40|           8|           8|
    |mul_ln1118_77_fu_625_p2  |     *    |      0|  0|  40|           8|           8|
    |mul_ln1118_78_fu_658_p2  |     *    |      0|  0|  40|           8|           8|
    |mul_ln1118_79_fu_691_p2  |     *    |      0|  0|  40|           8|           8|
    |mul_ln1118_fu_526_p2     |     *    |      0|  0|  40|           8|           8|
    |acc_0_V_fu_546_p2        |     +    |      0|  0|  22|          15|          15|
    |acc_1_V_fu_579_p2        |     +    |      0|  0|  22|          15|          15|
    |acc_2_V_fu_612_p2        |     +    |      0|  0|  22|          15|          15|
    |acc_3_V_fu_645_p2        |     +    |      0|  0|  22|          15|          15|
    |acc_4_V_fu_678_p2        |     +    |      0|  0|  22|          15|          15|
    |acc_5_V_fu_711_p2        |     +    |      0|  0|  22|          15|          15|
    |w_index_fu_240_p2        |     +    |      0|  0|  12|           1|           4|
    |ap_condition_136         |    and   |      0|  0|   2|           1|           1|
    |icmp_ln19_1_fu_294_p2    |   icmp   |      0|  0|   9|           4|           1|
    |icmp_ln19_2_fu_300_p2    |   icmp   |      0|  0|   9|           4|           2|
    |icmp_ln19_3_fu_306_p2    |   icmp   |      0|  0|   9|           4|           2|
    |icmp_ln19_4_fu_312_p2    |   icmp   |      0|  0|   9|           4|           3|
    |icmp_ln19_5_fu_318_p2    |   icmp   |      0|  0|   9|           4|           3|
    |icmp_ln19_6_fu_324_p2    |   icmp   |      0|  0|   9|           4|           3|
    |icmp_ln19_7_fu_330_p2    |   icmp   |      0|  0|   9|           4|           3|
    |icmp_ln19_fu_288_p2      |   icmp   |      0|  0|   9|           4|           1|
    |icmp_ln46_fu_246_p2      |   icmp   |      0|  0|  11|           4|           5|
    |or_ln19_1_fu_358_p2      |    or    |      0|  0|   2|           1|           1|
    |or_ln19_2_fu_372_p2      |    or    |      0|  0|   2|           1|           1|
    |or_ln19_3_fu_386_p2      |    or    |      0|  0|   2|           1|           1|
    |or_ln19_4_fu_400_p2      |    or    |      0|  0|   2|           1|           1|
    |or_ln19_5_fu_414_p2      |    or    |      0|  0|   2|           1|           1|
    |or_ln19_6_fu_428_p2      |    or    |      0|  0|   2|           1|           1|
    |or_ln19_fu_344_p2        |    or    |      0|  0|   2|           1|           1|
    |select_ln19_1_fu_350_p3  |  select  |      0|  0|   8|           1|           8|
    |select_ln19_2_fu_364_p3  |  select  |      0|  0|   8|           1|           8|
    |select_ln19_3_fu_378_p3  |  select  |      0|  0|   8|           1|           8|
    |select_ln19_4_fu_392_p3  |  select  |      0|  0|   8|           1|           8|
    |select_ln19_5_fu_406_p3  |  select  |      0|  0|   8|           1|           8|
    |select_ln19_6_fu_420_p3  |  select  |      0|  0|   8|           1|           8|
    |select_ln19_7_fu_434_p3  |  select  |      0|  0|   8|           1|           8|
    |select_ln19_fu_336_p3    |  select  |      0|  0|   8|           1|           8|
    |ap_enable_pp0            |    xor   |      0|  0|   2|           1|           2|
    +-------------------------+----------+-------+---+----+------------+------------+
    |Total                    |          |      0|  0| 549|         192|         239|
    +-------------------------+----------+-------+---+----+------------+------------+

    * Multiplexer: 
    +------------------------------------+----+-----------+-----+-----------+
    |                Name                | LUT| Input Size| Bits| Total Bits|
    +------------------------------------+----+-----------+-----+-----------+
    |ap_NS_fsm                           |  15|          3|    1|          3|
    |ap_enable_reg_pp0_iter1             |   9|          2|    1|          2|
    |ap_enable_reg_pp0_iter2             |   9|          2|    1|          2|
    |ap_phi_mux_w_index17_phi_fu_125_p6  |  15|          3|    4|         12|
    |ap_return_0                         |   9|          2|    8|         16|
    |ap_return_1                         |   9|          2|    8|         16|
    |ap_return_2                         |   9|          2|    8|         16|
    |ap_return_3                         |   9|          2|    8|         16|
    |ap_return_4                         |   9|          2|    8|         16|
    |ap_return_5                         |   9|          2|    8|         16|
    |p_Val2_1012_reg_179                 |   9|          2|   14|         28|
    |p_Val2_1114_reg_165                 |   9|          2|   14|         28|
    |p_Val2_1216_reg_151                 |   9|          2|   14|         28|
    |p_Val2_6_reg_221                    |   9|          2|   14|         28|
    |p_Val2_88_reg_207                   |   9|          2|   14|         28|
    |p_Val2_910_reg_193                  |   9|          2|   14|         28|
    |w_index17_reg_121                   |   9|          2|    4|          8|
    +------------------------------------+----+-----------+-----+-----------+
    |Total                               | 165|         36|  143|        291|
    +------------------------------------+----+-----------+-----+-----------+

    * Register: 
    +---------------------------------+----+----+-----+-----------+
    |               Name              | FF | LUT| Bits| Const Bits|
    +---------------------------------+----+----+-----+-----------+
    |ap_CS_fsm                        |   2|   0|    2|          0|
    |ap_enable_reg_pp0_iter1          |   1|   0|    1|          0|
    |ap_enable_reg_pp0_iter2          |   1|   0|    1|          0|
    |ap_return_0_preg                 |   8|   0|    8|          0|
    |ap_return_1_preg                 |   8|   0|    8|          0|
    |ap_return_2_preg                 |   8|   0|    8|          0|
    |ap_return_3_preg                 |   8|   0|    8|          0|
    |ap_return_4_preg                 |   8|   0|    8|          0|
    |ap_return_5_preg                 |   8|   0|    8|          0|
    |icmp_ln46_reg_831                |   1|   0|    1|          0|
    |icmp_ln46_reg_831_pp0_iter1_reg  |   1|   0|    1|          0|
    |p_Val2_1012_reg_179              |  14|   0|   14|          0|
    |p_Val2_1114_reg_165              |  14|   0|   14|          0|
    |p_Val2_1216_reg_151              |  14|   0|   14|          0|
    |p_Val2_6_reg_221                 |  14|   0|   14|          0|
    |p_Val2_88_reg_207                |  14|   0|   14|          0|
    |p_Val2_910_reg_193               |  14|   0|   14|          0|
    |select_ln19_7_reg_835            |   8|   0|    8|          0|
    |tmp_382_i_reg_845                |   8|   0|    8|          0|
    |tmp_384_i_reg_850                |   8|   0|    8|          0|
    |tmp_386_i_reg_855                |   8|   0|    8|          0|
    |tmp_388_i_reg_860                |   8|   0|    8|          0|
    |tmp_390_i_reg_865                |   8|   0|    8|          0|
    |trunc_ln59_reg_840               |   8|   0|    8|          0|
    |w_index17_reg_121                |   4|   0|    4|          0|
    |w_index_reg_826                  |   4|   0|    4|          0|
    +---------------------------------+----+----+-----+-----------+
    |Total                            | 202|   0|  202|          0|
    +---------------------------------+----+----+-----+-----------+



================================================================
== Interface
================================================================
* Summary: 
+--------------------+-----+-----+------------+--------------------------------------------------------------------------+--------------+
|      RTL Ports     | Dir | Bits|  Protocol  |                               Source Object                              |    C Type    |
+--------------------+-----+-----+------------+--------------------------------------------------------------------------+--------------+
|ap_clk              |  in |    1| ap_ctrl_hs | dense_resource_rf_leq_nin<ap_ufixed,ap_fixed,config2_mult>.0.0.0.0.0.0.0 | return value |
|ap_rst              |  in |    1| ap_ctrl_hs | dense_resource_rf_leq_nin<ap_ufixed,ap_fixed,config2_mult>.0.0.0.0.0.0.0 | return value |
|ap_start            |  in |    1| ap_ctrl_hs | dense_resource_rf_leq_nin<ap_ufixed,ap_fixed,config2_mult>.0.0.0.0.0.0.0 | return value |
|ap_done             | out |    1| ap_ctrl_hs | dense_resource_rf_leq_nin<ap_ufixed,ap_fixed,config2_mult>.0.0.0.0.0.0.0 | return value |
|ap_idle             | out |    1| ap_ctrl_hs | dense_resource_rf_leq_nin<ap_ufixed,ap_fixed,config2_mult>.0.0.0.0.0.0.0 | return value |
|ap_ready            | out |    1| ap_ctrl_hs | dense_resource_rf_leq_nin<ap_ufixed,ap_fixed,config2_mult>.0.0.0.0.0.0.0 | return value |
|ap_return_0         | out |    8| ap_ctrl_hs | dense_resource_rf_leq_nin<ap_ufixed,ap_fixed,config2_mult>.0.0.0.0.0.0.0 | return value |
|ap_return_1         | out |    8| ap_ctrl_hs | dense_resource_rf_leq_nin<ap_ufixed,ap_fixed,config2_mult>.0.0.0.0.0.0.0 | return value |
|ap_return_2         | out |    8| ap_ctrl_hs | dense_resource_rf_leq_nin<ap_ufixed,ap_fixed,config2_mult>.0.0.0.0.0.0.0 | return value |
|ap_return_3         | out |    8| ap_ctrl_hs | dense_resource_rf_leq_nin<ap_ufixed,ap_fixed,config2_mult>.0.0.0.0.0.0.0 | return value |
|ap_return_4         | out |    8| ap_ctrl_hs | dense_resource_rf_leq_nin<ap_ufixed,ap_fixed,config2_mult>.0.0.0.0.0.0.0 | return value |
|ap_return_5         | out |    8| ap_ctrl_hs | dense_resource_rf_leq_nin<ap_ufixed,ap_fixed,config2_mult>.0.0.0.0.0.0.0 | return value |
|kernel_data_V_8     |  in |    8|   ap_none  |                              kernel_data_V_8                             |    pointer   |
|kernel_data_V_0     |  in |    8|   ap_none  |                              kernel_data_V_0                             |    pointer   |
|kernel_data_V_1411  |  in |    8|   ap_none  |                            kernel_data_V_1411                            |    pointer   |
|kernel_data_V_2412  |  in |    8|   ap_none  |                            kernel_data_V_2412                            |    pointer   |
|kernel_data_V_3413  |  in |    8|   ap_none  |                            kernel_data_V_3413                            |    pointer   |
|kernel_data_V_4414  |  in |    8|   ap_none  |                            kernel_data_V_4414                            |    pointer   |
|kernel_data_V_5415  |  in |    8|   ap_none  |                            kernel_data_V_5415                            |    pointer   |
|kernel_data_V_6     |  in |    8|   ap_none  |                              kernel_data_V_6                             |    pointer   |
|kernel_data_V_7     |  in |    8|   ap_none  |                              kernel_data_V_7                             |    pointer   |
+--------------------+-----+-----+------------+--------------------------------------------------------------------------+--------------+

