

================================================================
== Vivado HLS Report for 'dense_resource_rf_leq_nin_ap_ufixed_ap_fixed_config6_mult_0_0_0_0_0_0_0_0_0'
================================================================
* Date:           Mon Aug 10 20:48:37 2026

* Version:        2019.1 (Build 2552052 on Fri May 24 15:28:33 MDT 2019)
* Project:        myproject_prj
* Solution:       solution1
* Product family: kintexu
* Target device:  xcku035-fbva676-2-e


================================================================
== Performance Estimates
================================================================
+ Timing (ns): 
    * Summary: 
    +--------+-------+----------+------------+
    |  Clock | Target| Estimated| Uncertainty|
    +--------+-------+----------+------------+
    |ap_clk  |   5.00|     4.306|        0.62|
    +--------+-------+----------+------------+

+ Latency (clock cycles): 
    * Summary: 
    +-----+-----+-----+-----+---------------------------------------------+
    |  Latency  |  Interval |                   Pipeline                  |
    | min | max | min | max |                     Type                    |
    +-----+-----+-----+-----+---------------------------------------------+
    |   10|   11|    9|    9| loop rewind(delay=0 initiation interval(s)) |
    +-----+-----+-----+-----+---------------------------------------------+

    + Detail: 
        * Instance: 
        N/A

        * Loop: 
        +-------------+-----+-----+----------+-----------+-----------+------+----------+
        |             |  Latency  | Iteration|  Initiation Interval  | Trip |          |
        |  Loop Name  | min | max |  Latency |  achieved |   target  | Count| Pipelined|
        +-------------+-----+-----+----------+-----------+-----------+------+----------+
        |- ReuseLoop  |   10|   10|         3|          1|          1|     9|    yes   |
        +-------------+-----+-----+----------+-----------+-----------+------+----------+



================================================================
== Utilization Estimates
================================================================
* Summary: 
+-----------------+---------+-------+--------+--------+-----+
|       Name      | BRAM_18K| DSP48E|   FF   |   LUT  | URAM|
+-----------------+---------+-------+--------+--------+-----+
|DSP              |        -|      -|       -|       -|    -|
|Expression       |        -|      0|       0|    2719|    -|
|FIFO             |        -|      -|       -|       -|    -|
|Instance         |        -|      -|       0|    2544|    -|
|Memory           |       11|      -|       0|       0|    -|
|Multiplexer      |        -|      -|       -|    2160|    -|
|Register         |        -|      -|    2219|       -|    -|
+-----------------+---------+-------+--------+--------+-----+
|Total            |       11|      0|    2219|    7423|    0|
+-----------------+---------+-------+--------+--------+-----+
|Available        |     1080|   1700|  406256|  203128|    0|
+-----------------+---------+-------+--------+--------+-----+
|Utilization (%)  |        1|      0|   ~0   |       3|    0|
+-----------------+---------+-------+--------+--------+-----+

+ Detail: 
    * Instance: 
    +------------------------------+-------------------------+---------+-------+---+----+-----+
    |           Instance           |          Module         | BRAM_18K| DSP48E| FF| LUT| URAM|
    +------------------------------+-------------------------+---------+-------+---+----+-----+
    |myproject_mux_164_8_1_1_U157  |myproject_mux_164_8_1_1  |        0|      0|  0|  53|    0|
    |myproject_mux_646_8_1_1_U158  |myproject_mux_646_8_1_1  |        0|      0|  0|  53|    0|
    |myproject_mux_646_8_1_1_U159  |myproject_mux_646_8_1_1  |        0|      0|  0|  53|    0|
    |myproject_mux_646_8_1_1_U160  |myproject_mux_646_8_1_1  |        0|      0|  0|  53|    0|
    |myproject_mux_646_8_1_1_U161  |myproject_mux_646_8_1_1  |        0|      0|  0|  53|    0|
    |myproject_mux_646_8_1_1_U162  |myproject_mux_646_8_1_1  |        0|      0|  0|  53|    0|
    |myproject_mux_646_8_1_1_U163  |myproject_mux_646_8_1_1  |        0|      0|  0|  53|    0|
    |myproject_mux_646_8_1_1_U164  |myproject_mux_646_8_1_1  |        0|      0|  0|  53|    0|
    |myproject_mux_646_8_1_1_U165  |myproject_mux_646_8_1_1  |        0|      0|  0|  53|    0|
    |myproject_mux_646_8_1_1_U166  |myproject_mux_646_8_1_1  |        0|      0|  0|  53|    0|
    |myproject_mux_646_8_1_1_U167  |myproject_mux_646_8_1_1  |        0|      0|  0|  53|    0|
    |myproject_mux_646_8_1_1_U168  |myproject_mux_646_8_1_1  |        0|      0|  0|  53|    0|
    |myproject_mux_646_8_1_1_U169  |myproject_mux_646_8_1_1  |        0|      0|  0|  53|    0|
    |myproject_mux_646_8_1_1_U170  |myproject_mux_646_8_1_1  |        0|      0|  0|  53|    0|
    |myproject_mux_646_8_1_1_U171  |myproject_mux_646_8_1_1  |        0|      0|  0|  53|    0|
    |myproject_mux_646_8_1_1_U172  |myproject_mux_646_8_1_1  |        0|      0|  0|  53|    0|
    |myproject_mux_646_8_1_1_U173  |myproject_mux_646_8_1_1  |        0|      0|  0|  53|    0|
    |myproject_mux_646_8_1_1_U174  |myproject_mux_646_8_1_1  |        0|      0|  0|  53|    0|
    |myproject_mux_646_8_1_1_U175  |myproject_mux_646_8_1_1  |        0|      0|  0|  53|    0|
    |myproject_mux_646_8_1_1_U176  |myproject_mux_646_8_1_1  |        0|      0|  0|  53|    0|
    |myproject_mux_646_8_1_1_U177  |myproject_mux_646_8_1_1  |        0|      0|  0|  53|    0|
    |myproject_mux_646_8_1_1_U178  |myproject_mux_646_8_1_1  |        0|      0|  0|  53|    0|
    |myproject_mux_646_8_1_1_U179  |myproject_mux_646_8_1_1  |        0|      0|  0|  53|    0|
    |myproject_mux_646_8_1_1_U180  |myproject_mux_646_8_1_1  |        0|      0|  0|  53|    0|
    |myproject_mux_646_8_1_1_U181  |myproject_mux_646_8_1_1  |        0|      0|  0|  53|    0|
    |myproject_mux_646_8_1_1_U182  |myproject_mux_646_8_1_1  |        0|      0|  0|  53|    0|
    |myproject_mux_646_8_1_1_U183  |myproject_mux_646_8_1_1  |        0|      0|  0|  53|    0|
    |myproject_mux_646_8_1_1_U184  |myproject_mux_646_8_1_1  |        0|      0|  0|  53|    0|
    |myproject_mux_646_8_1_1_U185  |myproject_mux_646_8_1_1  |        0|      0|  0|  53|    0|
    |myproject_mux_646_8_1_1_U186  |myproject_mux_646_8_1_1  |        0|      0|  0|  53|    0|
    |myproject_mux_646_8_1_1_U187  |myproject_mux_646_8_1_1  |        0|      0|  0|  53|    0|
    |myproject_mux_646_8_1_1_U188  |myproject_mux_646_8_1_1  |        0|      0|  0|  53|    0|
    |myproject_mux_646_8_1_1_U189  |myproject_mux_646_8_1_1  |        0|      0|  0|  53|    0|
    |myproject_mux_646_8_1_1_U190  |myproject_mux_646_8_1_1  |        0|      0|  0|  53|    0|
    |myproject_mux_646_8_1_1_U191  |myproject_mux_646_8_1_1  |        0|      0|  0|  53|    0|
    |myproject_mux_646_8_1_1_U192  |myproject_mux_646_8_1_1  |        0|      0|  0|  53|    0|
    |myproject_mux_646_8_1_1_U193  |myproject_mux_646_8_1_1  |        0|      0|  0|  53|    0|
    |myproject_mux_646_8_1_1_U194  |myproject_mux_646_8_1_1  |        0|      0|  0|  53|    0|
    |myproject_mux_646_8_1_1_U195  |myproject_mux_646_8_1_1  |        0|      0|  0|  53|    0|
    |myproject_mux_646_8_1_1_U196  |myproject_mux_646_8_1_1  |        0|      0|  0|  53|    0|
    |myproject_mux_646_8_1_1_U197  |myproject_mux_646_8_1_1  |        0|      0|  0|  53|    0|
    |myproject_mux_646_8_1_1_U198  |myproject_mux_646_8_1_1  |        0|      0|  0|  53|    0|
    |myproject_mux_646_8_1_1_U199  |myproject_mux_646_8_1_1  |        0|      0|  0|  53|    0|
    |myproject_mux_646_8_1_1_U200  |myproject_mux_646_8_1_1  |        0|      0|  0|  53|    0|
    |myproject_mux_646_8_1_1_U201  |myproject_mux_646_8_1_1  |        0|      0|  0|  53|    0|
    |myproject_mux_646_8_1_1_U202  |myproject_mux_646_8_1_1  |        0|      0|  0|  53|    0|
    |myproject_mux_646_8_1_1_U203  |myproject_mux_646_8_1_1  |        0|      0|  0|  53|    0|
    |myproject_mux_646_8_1_1_U204  |myproject_mux_646_8_1_1  |        0|      0|  0|  53|    0|
    +------------------------------+-------------------------+---------+-------+---+----+-----+
    |Total                         |                         |        0|      0|  0|2544|    0|
    +------------------------------+-------------------------+---------+-------+---+----+-----+

    * DSP48E: 
    N/A

    * Memory: 
    +--------+----------------------------------------------------------------------------------+---------+---+----+-----+------+-----+------+-------------+
    | Memory |                                      Module                                      | BRAM_18K| FF| LUT| URAM| Words| Bits| Banks| W*Bits*Banks|
    +--------+----------------------------------------------------------------------------------+---------+---+----+-----+------+-----+------+-------------+
    |w6_V_U  |dense_resource_rf_leq_nin_ap_ufixed_ap_fixed_config6_mult_0_0_0_0_0_0_0_0_0_wHfu  |       11|  0|   0|    0|     9|  380|     1|         3420|
    +--------+----------------------------------------------------------------------------------+---------+---+----+-----+------+-----+------+-------------+
    |Total   |                                                                                  |       11|  0|   0|    0|     9|  380|     1|         3420|
    +--------+----------------------------------------------------------------------------------+---------+---+----+-----+------+-----+------+-------------+

    * FIFO: 
    N/A

    * Expression: 
    +---------------------------+----------+-------+---+----+------------+------------+
    |       Variable Name       | Operation| DSP48E| FF| LUT| Bitwidth P0| Bitwidth P1|
    +---------------------------+----------+-------+---+----+------------+------------+
    |mul_ln1118_28_fu_2487_p2   |     *    |      0|  0|  40|           8|           8|
    |mul_ln1118_29_fu_2655_p2   |     *    |      0|  0|  40|           8|           8|
    |mul_ln1118_30_fu_2823_p2   |     *    |      0|  0|  40|           8|           8|
    |mul_ln1118_31_fu_2991_p2   |     *    |      0|  0|  40|           8|           8|
    |mul_ln1118_32_fu_3159_p2   |     *    |      0|  0|  40|           8|           8|
    |mul_ln1118_33_fu_3327_p2   |     *    |      0|  0|  40|           8|           8|
    |mul_ln1118_34_fu_3495_p2   |     *    |      0|  0|  40|           8|           8|
    |mul_ln1118_35_fu_3663_p2   |     *    |      0|  0|  40|           8|           8|
    |mul_ln1118_36_fu_3831_p2   |     *    |      0|  0|  40|           8|           8|
    |mul_ln1118_37_fu_3999_p2   |     *    |      0|  0|  40|           8|           8|
    |mul_ln1118_38_fu_4167_p2   |     *    |      0|  0|  40|           8|           8|
    |mul_ln1118_39_fu_4335_p2   |     *    |      0|  0|  40|           8|           8|
    |mul_ln1118_40_fu_4503_p2   |     *    |      0|  0|  40|           8|           8|
    |mul_ln1118_41_fu_4671_p2   |     *    |      0|  0|  40|           8|           8|
    |mul_ln1118_42_fu_4839_p2   |     *    |      0|  0|  40|           8|           8|
    |mul_ln1118_43_fu_5007_p2   |     *    |      0|  0|  40|           8|           8|
    |mul_ln1118_44_fu_5175_p2   |     *    |      0|  0|  40|           8|           8|
    |mul_ln1118_45_fu_5343_p2   |     *    |      0|  0|  40|           8|           8|
    |mul_ln1118_46_fu_5511_p2   |     *    |      0|  0|  40|           8|           8|
    |mul_ln1118_47_fu_5679_p2   |     *    |      0|  0|  40|           8|           8|
    |mul_ln1118_48_fu_5847_p2   |     *    |      0|  0|  40|           8|           8|
    |mul_ln1118_49_fu_6015_p2   |     *    |      0|  0|  40|           8|           8|
    |mul_ln1118_50_fu_6183_p2   |     *    |      0|  0|  40|           8|           8|
    |mul_ln1118_51_fu_6351_p2   |     *    |      0|  0|  40|           8|           8|
    |mul_ln1118_52_fu_6519_p2   |     *    |      0|  0|  40|           8|           8|
    |mul_ln1118_53_fu_6687_p2   |     *    |      0|  0|  40|           8|           8|
    |mul_ln1118_54_fu_6855_p2   |     *    |      0|  0|  40|           8|           8|
    |mul_ln1118_55_fu_7023_p2   |     *    |      0|  0|  40|           8|           8|
    |mul_ln1118_56_fu_7191_p2   |     *    |      0|  0|  40|           8|           8|
    |mul_ln1118_57_fu_7359_p2   |     *    |      0|  0|  40|           8|           8|
    |mul_ln1118_58_fu_7527_p2   |     *    |      0|  0|  40|           8|           8|
    |mul_ln1118_59_fu_7695_p2   |     *    |      0|  0|  40|           8|           8|
    |mul_ln1118_60_fu_7863_p2   |     *    |      0|  0|  40|           8|           8|
    |mul_ln1118_61_fu_8031_p2   |     *    |      0|  0|  40|           8|           8|
    |mul_ln1118_62_fu_8199_p2   |     *    |      0|  0|  40|           8|           8|
    |mul_ln1118_63_fu_8367_p2   |     *    |      0|  0|  40|           8|           8|
    |mul_ln1118_64_fu_8535_p2   |     *    |      0|  0|  40|           8|           8|
    |mul_ln1118_65_fu_8703_p2   |     *    |      0|  0|  40|           8|           8|
    |mul_ln1118_66_fu_8871_p2   |     *    |      0|  0|  40|           8|           8|
    |mul_ln1118_67_fu_9039_p2   |     *    |      0|  0|  40|           8|           8|
    |mul_ln1118_68_fu_9207_p2   |     *    |      0|  0|  40|           8|           8|
    |mul_ln1118_69_fu_9375_p2   |     *    |      0|  0|  40|           8|           8|
    |mul_ln1118_70_fu_9543_p2   |     *    |      0|  0|  40|           8|           8|
    |mul_ln1118_71_fu_9711_p2   |     *    |      0|  0|  40|           8|           8|
    |mul_ln1118_72_fu_9879_p2   |     *    |      0|  0|  40|           8|           8|
    |mul_ln1118_73_fu_10047_p2  |     *    |      0|  0|  40|           8|           8|
    |mul_ln1118_74_fu_10215_p2  |     *    |      0|  0|  40|           8|           4|
    |mul_ln1118_fu_2315_p2      |     *    |      0|  0|  40|           8|           8|
    |acc_0_V_fu_10279_p2        |     +    |      0|  0|  16|          16|          16|
    |acc_1_V_fu_10333_p2        |     +    |      0|  0|  16|          16|          16|
    |acc_2_V_fu_10387_p2        |     +    |      0|  0|  16|          16|          16|
    |acc_3_V_fu_10441_p2        |     +    |      0|  0|  16|          16|          16|
    |acc_4_V_fu_10495_p2        |     +    |      0|  0|  16|          16|          16|
    |acc_5_V_fu_10549_p2        |     +    |      0|  0|  16|          16|          16|
    |acc_6_V_fu_10603_p2        |     +    |      0|  0|  16|          16|          16|
    |acc_7_V_fu_10657_p2        |     +    |      0|  0|  16|          16|          16|
    |add_ln703_31_fu_10255_p2   |     +    |      0|  0|  16|          16|          16|
    |add_ln703_32_fu_10261_p2   |     +    |      0|  0|  16|          16|          16|
    |add_ln703_33_fu_10267_p2   |     +    |      0|  0|  16|          16|          16|
    |add_ln703_34_fu_10273_p2   |     +    |      0|  0|  16|          16|          16|
    |add_ln703_36_fu_10303_p2   |     +    |      0|  0|  16|          16|          16|
    |add_ln703_37_fu_10309_p2   |     +    |      0|  0|  16|          16|          16|
    |add_ln703_38_fu_10315_p2   |     +    |      0|  0|  16|          16|          16|
    |add_ln703_39_fu_10321_p2   |     +    |      0|  0|  16|          16|          16|
    |add_ln703_40_fu_10327_p2   |     +    |      0|  0|  16|          16|          16|
    |add_ln703_42_fu_10357_p2   |     +    |      0|  0|  16|          16|          16|
    |add_ln703_43_fu_10363_p2   |     +    |      0|  0|  16|          16|          16|
    |add_ln703_44_fu_10369_p2   |     +    |      0|  0|  16|          16|          16|
    |add_ln703_45_fu_10375_p2   |     +    |      0|  0|  16|          16|          16|
    |add_ln703_46_fu_10381_p2   |     +    |      0|  0|  16|          16|          16|
    |add_ln703_48_fu_10411_p2   |     +    |      0|  0|  16|          16|          16|
    |add_ln703_49_fu_10417_p2   |     +    |      0|  0|  16|          16|          16|
    |add_ln703_50_fu_10423_p2   |     +    |      0|  0|  16|          16|          16|
    |add_ln703_51_fu_10429_p2   |     +    |      0|  0|  16|          16|          16|
    |add_ln703_52_fu_10435_p2   |     +    |      0|  0|  16|          16|          16|
    |add_ln703_54_fu_10465_p2   |     +    |      0|  0|  16|          16|          16|
    |add_ln703_55_fu_10471_p2   |     +    |      0|  0|  16|          16|          16|
    |add_ln703_56_fu_10477_p2   |     +    |      0|  0|  16|          16|          16|
    |add_ln703_57_fu_10483_p2   |     +    |      0|  0|  16|          16|          16|
    |add_ln703_58_fu_10489_p2   |     +    |      0|  0|  16|          16|          16|
    |add_ln703_60_fu_10519_p2   |     +    |      0|  0|  16|          16|          16|
    |add_ln703_61_fu_10525_p2   |     +    |      0|  0|  16|          16|          16|
    |add_ln703_62_fu_10531_p2   |     +    |      0|  0|  16|          16|          16|
    |add_ln703_63_fu_10537_p2   |     +    |      0|  0|  16|          16|          16|
    |add_ln703_64_fu_10543_p2   |     +    |      0|  0|  16|          16|          16|
    |add_ln703_66_fu_10573_p2   |     +    |      0|  0|  16|          16|          16|
    |add_ln703_67_fu_10579_p2   |     +    |      0|  0|  16|          16|          16|
    |add_ln703_68_fu_10585_p2   |     +    |      0|  0|  16|          16|          16|
    |add_ln703_69_fu_10591_p2   |     +    |      0|  0|  16|          16|          16|
    |add_ln703_70_fu_10597_p2   |     +    |      0|  0|  16|          16|          16|
    |add_ln703_72_fu_10627_p2   |     +    |      0|  0|  16|          16|          16|
    |add_ln703_73_fu_10633_p2   |     +    |      0|  0|  16|          16|          16|
    |add_ln703_74_fu_10639_p2   |     +    |      0|  0|  16|          16|          16|
    |add_ln703_75_fu_10645_p2   |     +    |      0|  0|  16|          16|          16|
    |add_ln703_76_fu_10651_p2   |     +    |      0|  0|  16|          16|          16|
    |add_ln703_fu_10249_p2      |     +    |      0|  0|  16|          16|          16|
    |w_index_fu_2248_p2         |     +    |      0|  0|  12|           1|           4|
    |ap_condition_40            |    and   |      0|  0|   2|           1|           1|
    |ap_condition_593           |    and   |      0|  0|   2|           1|           1|
    |ap_condition_599           |    and   |      0|  0|   2|           1|           1|
    |icmp_ln46_fu_2259_p2       |   icmp   |      0|  0|  11|           4|           5|
    |ap_enable_pp0              |    xor   |      0|  0|   2|           1|           2|
    +---------------------------+----------+-------+---+----+------------+------------+
    |Total                      |          |      0|  0|2719|        1161|        1162|
    +---------------------------+----------+-------+---+----+------------+------------+

    * Multiplexer: 
    +-----------------------------------------------------+----+-----------+-----+-----------+
    |                         Name                        | LUT| Input Size| Bits| Total Bits|
    +-----------------------------------------------------+----+-----------+-----+-----------+
    |ap_NS_fsm                                            |  15|          3|    1|          3|
    |ap_enable_reg_pp0_iter1                              |   9|          2|    1|          2|
    |ap_enable_reg_pp0_iter2                              |   9|          2|    1|          2|
    |ap_phi_mux_data_0_V_read69_phi_phi_fu_1492_p4        |   9|          2|    8|         16|
    |ap_phi_mux_data_0_V_read69_rewind_phi_fu_736_p6      |   9|          2|    8|         16|
    |ap_phi_mux_data_10_V_read79_phi_phi_fu_1612_p4       |   9|          2|    8|         16|
    |ap_phi_mux_data_10_V_read79_rewind_phi_fu_876_p6     |   9|          2|    8|         16|
    |ap_phi_mux_data_11_V_read80_phi_phi_fu_1624_p4       |   9|          2|    8|         16|
    |ap_phi_mux_data_11_V_read80_rewind_phi_fu_890_p6     |   9|          2|    8|         16|
    |ap_phi_mux_data_12_V_read81_phi_phi_fu_1636_p4       |   9|          2|    8|         16|
    |ap_phi_mux_data_12_V_read81_rewind_phi_fu_904_p6     |   9|          2|    8|         16|
    |ap_phi_mux_data_13_V_read82_phi_phi_fu_1648_p4       |   9|          2|    8|         16|
    |ap_phi_mux_data_13_V_read82_rewind_phi_fu_918_p6     |   9|          2|    8|         16|
    |ap_phi_mux_data_14_V_read83_phi_phi_fu_1660_p4       |   9|          2|    8|         16|
    |ap_phi_mux_data_14_V_read83_rewind_phi_fu_932_p6     |   9|          2|    8|         16|
    |ap_phi_mux_data_15_V_read84_phi_phi_fu_1672_p4       |   9|          2|    8|         16|
    |ap_phi_mux_data_15_V_read84_rewind_phi_fu_946_p6     |   9|          2|    8|         16|
    |ap_phi_mux_data_16_V_read85_phi_phi_fu_1684_p4       |   9|          2|    8|         16|
    |ap_phi_mux_data_16_V_read85_rewind_phi_fu_960_p6     |   9|          2|    8|         16|
    |ap_phi_mux_data_17_V_read86_phi_phi_fu_1696_p4       |   9|          2|    8|         16|
    |ap_phi_mux_data_17_V_read86_rewind_phi_fu_974_p6     |   9|          2|    8|         16|
    |ap_phi_mux_data_18_V_read87_phi_phi_fu_1708_p4       |   9|          2|    8|         16|
    |ap_phi_mux_data_18_V_read87_rewind_phi_fu_988_p6     |   9|          2|    8|         16|
    |ap_phi_mux_data_19_V_read88_phi_phi_fu_1720_p4       |   9|          2|    8|         16|
    |ap_phi_mux_data_19_V_read88_rewind_phi_fu_1002_p6    |   9|          2|    8|         16|
    |ap_phi_mux_data_1_V_read70_phi_phi_fu_1504_p4        |   9|          2|    8|         16|
    |ap_phi_mux_data_1_V_read70_rewind_phi_fu_750_p6      |   9|          2|    8|         16|
    |ap_phi_mux_data_20_V_read89_phi_phi_fu_1732_p4       |   9|          2|    8|         16|
    |ap_phi_mux_data_20_V_read89_rewind_phi_fu_1016_p6    |   9|          2|    8|         16|
    |ap_phi_mux_data_21_V_read90_phi_phi_fu_1744_p4       |   9|          2|    8|         16|
    |ap_phi_mux_data_21_V_read90_rewind_phi_fu_1030_p6    |   9|          2|    8|         16|
    |ap_phi_mux_data_22_V_read91_phi_phi_fu_1756_p4       |   9|          2|    8|         16|
    |ap_phi_mux_data_22_V_read91_rewind_phi_fu_1044_p6    |   9|          2|    8|         16|
    |ap_phi_mux_data_23_V_read92_phi_phi_fu_1768_p4       |   9|          2|    8|         16|
    |ap_phi_mux_data_23_V_read92_rewind_phi_fu_1058_p6    |   9|          2|    8|         16|
    |ap_phi_mux_data_24_V_read93_phi_phi_fu_1780_p4       |   9|          2|    8|         16|
    |ap_phi_mux_data_24_V_read93_rewind_phi_fu_1072_p6    |   9|          2|    8|         16|
    |ap_phi_mux_data_25_V_read94_phi_phi_fu_1792_p4       |   9|          2|    8|         16|
    |ap_phi_mux_data_25_V_read94_rewind_phi_fu_1086_p6    |   9|          2|    8|         16|
    |ap_phi_mux_data_26_V_read95_phi_phi_fu_1804_p4       |   9|          2|    8|         16|
    |ap_phi_mux_data_26_V_read95_rewind_phi_fu_1100_p6    |   9|          2|    8|         16|
    |ap_phi_mux_data_27_V_read96_phi_phi_fu_1816_p4       |   9|          2|    8|         16|
    |ap_phi_mux_data_27_V_read96_rewind_phi_fu_1114_p6    |   9|          2|    8|         16|
    |ap_phi_mux_data_28_V_read97_phi_phi_fu_1828_p4       |   9|          2|    8|         16|
    |ap_phi_mux_data_28_V_read97_rewind_phi_fu_1128_p6    |   9|          2|    8|         16|
    |ap_phi_mux_data_29_V_read98_phi_phi_fu_1840_p4       |   9|          2|    8|         16|
    |ap_phi_mux_data_29_V_read98_rewind_phi_fu_1142_p6    |   9|          2|    8|         16|
    |ap_phi_mux_data_2_V_read71_phi_phi_fu_1516_p4        |   9|          2|    8|         16|
    |ap_phi_mux_data_2_V_read71_rewind_phi_fu_764_p6      |   9|          2|    8|         16|
    |ap_phi_mux_data_30_V_read99_phi_phi_fu_1852_p4       |   9|          2|    8|         16|
    |ap_phi_mux_data_30_V_read99_rewind_phi_fu_1156_p6    |   9|          2|    8|         16|
    |ap_phi_mux_data_31_V_read100_phi_phi_fu_1864_p4      |   9|          2|    8|         16|
    |ap_phi_mux_data_31_V_read100_rewind_phi_fu_1170_p6   |   9|          2|    8|         16|
    |ap_phi_mux_data_32_V_read101_phi_phi_fu_1876_p4      |   9|          2|    8|         16|
    |ap_phi_mux_data_32_V_read101_rewind_phi_fu_1184_p6   |   9|          2|    8|         16|
    |ap_phi_mux_data_33_V_read102_phi_phi_fu_1888_p4      |   9|          2|    8|         16|
    |ap_phi_mux_data_33_V_read102_rewind_phi_fu_1198_p6   |   9|          2|    8|         16|
    |ap_phi_mux_data_34_V_read103_phi_phi_fu_1900_p4      |   9|          2|    8|         16|
    |ap_phi_mux_data_34_V_read103_rewind_phi_fu_1212_p6   |   9|          2|    8|         16|
    |ap_phi_mux_data_35_V_read104_phi_phi_fu_1912_p4      |   9|          2|    8|         16|
    |ap_phi_mux_data_35_V_read104_rewind_phi_fu_1226_p6   |   9|          2|    8|         16|
    |ap_phi_mux_data_36_V_read105_phi_phi_fu_1924_p4      |   9|          2|    8|         16|
    |ap_phi_mux_data_36_V_read105_rewind_phi_fu_1240_p6   |   9|          2|    8|         16|
    |ap_phi_mux_data_37_V_read106_phi_phi_fu_1936_p4      |   9|          2|    8|         16|
    |ap_phi_mux_data_37_V_read106_rewind_phi_fu_1254_p6   |   9|          2|    8|         16|
    |ap_phi_mux_data_38_V_read107_phi_phi_fu_1948_p4      |   9|          2|    8|         16|
    |ap_phi_mux_data_38_V_read107_rewind_phi_fu_1268_p6   |   9|          2|    8|         16|
    |ap_phi_mux_data_39_V_read108_phi_phi_fu_1960_p4      |   9|          2|    8|         16|
    |ap_phi_mux_data_39_V_read108_rewind_phi_fu_1282_p6   |   9|          2|    8|         16|
    |ap_phi_mux_data_3_V_read72_phi_phi_fu_1528_p4        |   9|          2|    8|         16|
    |ap_phi_mux_data_3_V_read72_rewind_phi_fu_778_p6      |   9|          2|    8|         16|
    |ap_phi_mux_data_40_V_read109_phi_phi_fu_1972_p4      |   9|          2|    8|         16|
    |ap_phi_mux_data_40_V_read109_rewind_phi_fu_1296_p6   |   9|          2|    8|         16|
    |ap_phi_mux_data_41_V_read110_phi_phi_fu_1984_p4      |   9|          2|    8|         16|
    |ap_phi_mux_data_41_V_read110_rewind_phi_fu_1310_p6   |   9|          2|    8|         16|
    |ap_phi_mux_data_42_V_read111_phi_phi_fu_1996_p4      |   9|          2|    8|         16|
    |ap_phi_mux_data_42_V_read111_rewind_phi_fu_1324_p6   |   9|          2|    8|         16|
    |ap_phi_mux_data_43_V_read112_phi_phi_fu_2008_p4      |   9|          2|    8|         16|
    |ap_phi_mux_data_43_V_read112_rewind_phi_fu_1338_p6   |   9|          2|    8|         16|
    |ap_phi_mux_data_44_V_read113_phi_phi_fu_2020_p4      |   9|          2|    8|         16|
    |ap_phi_mux_data_44_V_read113_rewind_phi_fu_1352_p6   |   9|          2|    8|         16|
    |ap_phi_mux_data_45_V_read114_phi_phi_fu_2032_p4      |   9|          2|    8|         16|
    |ap_phi_mux_data_45_V_read114_rewind_phi_fu_1366_p6   |   9|          2|    8|         16|
    |ap_phi_mux_data_46_V_read115_phi_phi_fu_2044_p4      |   9|          2|    8|         16|
    |ap_phi_mux_data_46_V_read115_rewind_phi_fu_1380_p6   |   9|          2|    8|         16|
    |ap_phi_mux_data_47_V_read116_phi_phi_fu_2056_p4      |   9|          2|    8|         16|
    |ap_phi_mux_data_47_V_read116_rewind_phi_fu_1394_p6   |   9|          2|    8|         16|
    |ap_phi_mux_data_48_V_read117_phi_phi_fu_2068_p4      |   9|          2|    8|         16|
    |ap_phi_mux_data_48_V_read117_rewind_phi_fu_1408_p6   |   9|          2|    8|         16|
    |ap_phi_mux_data_49_V_read118_phi_phi_fu_2080_p4      |   9|          2|    8|         16|
    |ap_phi_mux_data_49_V_read118_rewind_phi_fu_1422_p6   |   9|          2|    8|         16|
    |ap_phi_mux_data_4_V_read73_phi_phi_fu_1540_p4        |   9|          2|    8|         16|
    |ap_phi_mux_data_4_V_read73_rewind_phi_fu_792_p6      |   9|          2|    8|         16|
    |ap_phi_mux_data_50_V_read119_phi_phi_fu_2092_p4      |   9|          2|    8|         16|
    |ap_phi_mux_data_50_V_read119_rewind_phi_fu_1436_p6   |   9|          2|    8|         16|
    |ap_phi_mux_data_51_V_read120_phi_phi_fu_2104_p4      |   9|          2|    8|         16|
    |ap_phi_mux_data_51_V_read120_rewind_phi_fu_1450_p6   |   9|          2|    8|         16|
    |ap_phi_mux_data_52_V_read121_phi_phi_fu_2116_p4      |   9|          2|    8|         16|
    |ap_phi_mux_data_52_V_read121_rewind_phi_fu_1464_p6   |   9|          2|    8|         16|
    |ap_phi_mux_data_53_V_read122_phi_phi_fu_2128_p4      |   9|          2|    8|         16|
    |ap_phi_mux_data_53_V_read122_rewind_phi_fu_1478_p6   |   9|          2|    8|         16|
    |ap_phi_mux_data_5_V_read74_phi_phi_fu_1552_p4        |   9|          2|    8|         16|
    |ap_phi_mux_data_5_V_read74_rewind_phi_fu_806_p6      |   9|          2|    8|         16|
    |ap_phi_mux_data_6_V_read75_phi_phi_fu_1564_p4        |   9|          2|    8|         16|
    |ap_phi_mux_data_6_V_read75_rewind_phi_fu_820_p6      |   9|          2|    8|         16|
    |ap_phi_mux_data_7_V_read76_phi_phi_fu_1576_p4        |   9|          2|    8|         16|
    |ap_phi_mux_data_7_V_read76_rewind_phi_fu_834_p6      |   9|          2|    8|         16|
    |ap_phi_mux_data_8_V_read77_phi_phi_fu_1588_p4        |   9|          2|    8|         16|
    |ap_phi_mux_data_8_V_read77_rewind_phi_fu_848_p6      |   9|          2|    8|         16|
    |ap_phi_mux_data_9_V_read78_phi_phi_fu_1600_p4        |   9|          2|    8|         16|
    |ap_phi_mux_data_9_V_read78_rewind_phi_fu_862_p6      |   9|          2|    8|         16|
    |ap_phi_mux_do_init_phi_fu_705_p6                     |  15|          3|    1|          3|
    |ap_phi_mux_w_index21_phi_fu_721_p6                   |  15|          3|    4|         12|
    |ap_phi_reg_pp0_iter1_data_0_V_read69_phi_reg_1488    |   9|          2|    8|         16|
    |ap_phi_reg_pp0_iter1_data_10_V_read79_phi_reg_1608   |   9|          2|    8|         16|
    |ap_phi_reg_pp0_iter1_data_11_V_read80_phi_reg_1620   |   9|          2|    8|         16|
    |ap_phi_reg_pp0_iter1_data_12_V_read81_phi_reg_1632   |   9|          2|    8|         16|
    |ap_phi_reg_pp0_iter1_data_13_V_read82_phi_reg_1644   |   9|          2|    8|         16|
    |ap_phi_reg_pp0_iter1_data_14_V_read83_phi_reg_1656   |   9|          2|    8|         16|
    |ap_phi_reg_pp0_iter1_data_15_V_read84_phi_reg_1668   |   9|          2|    8|         16|
    |ap_phi_reg_pp0_iter1_data_16_V_read85_phi_reg_1680   |   9|          2|    8|         16|
    |ap_phi_reg_pp0_iter1_data_17_V_read86_phi_reg_1692   |   9|          2|    8|         16|
    |ap_phi_reg_pp0_iter1_data_18_V_read87_phi_reg_1704   |   9|          2|    8|         16|
    |ap_phi_reg_pp0_iter1_data_19_V_read88_phi_reg_1716   |   9|          2|    8|         16|
    |ap_phi_reg_pp0_iter1_data_1_V_read70_phi_reg_1500    |   9|          2|    8|         16|
    |ap_phi_reg_pp0_iter1_data_20_V_read89_phi_reg_1728   |   9|          2|    8|         16|
    |ap_phi_reg_pp0_iter1_data_21_V_read90_phi_reg_1740   |   9|          2|    8|         16|
    |ap_phi_reg_pp0_iter1_data_22_V_read91_phi_reg_1752   |   9|          2|    8|         16|
    |ap_phi_reg_pp0_iter1_data_23_V_read92_phi_reg_1764   |   9|          2|    8|         16|
    |ap_phi_reg_pp0_iter1_data_24_V_read93_phi_reg_1776   |   9|          2|    8|         16|
    |ap_phi_reg_pp0_iter1_data_25_V_read94_phi_reg_1788   |   9|          2|    8|         16|
    |ap_phi_reg_pp0_iter1_data_26_V_read95_phi_reg_1800   |   9|          2|    8|         16|
    |ap_phi_reg_pp0_iter1_data_27_V_read96_phi_reg_1812   |   9|          2|    8|         16|
    |ap_phi_reg_pp0_iter1_data_28_V_read97_phi_reg_1824   |   9|          2|    8|         16|
    |ap_phi_reg_pp0_iter1_data_29_V_read98_phi_reg_1836   |   9|          2|    8|         16|
    |ap_phi_reg_pp0_iter1_data_2_V_read71_phi_reg_1512    |   9|          2|    8|         16|
    |ap_phi_reg_pp0_iter1_data_30_V_read99_phi_reg_1848   |   9|          2|    8|         16|
    |ap_phi_reg_pp0_iter1_data_31_V_read100_phi_reg_1860  |   9|          2|    8|         16|
    |ap_phi_reg_pp0_iter1_data_32_V_read101_phi_reg_1872  |   9|          2|    8|         16|
    |ap_phi_reg_pp0_iter1_data_33_V_read102_phi_reg_1884  |   9|          2|    8|         16|
    |ap_phi_reg_pp0_iter1_data_34_V_read103_phi_reg_1896  |   9|          2|    8|         16|
    |ap_phi_reg_pp0_iter1_data_35_V_read104_phi_reg_1908  |   9|          2|    8|         16|
    |ap_phi_reg_pp0_iter1_data_36_V_read105_phi_reg_1920  |   9|          2|    8|         16|
    |ap_phi_reg_pp0_iter1_data_37_V_read106_phi_reg_1932  |   9|          2|    8|         16|
    |ap_phi_reg_pp0_iter1_data_38_V_read107_phi_reg_1944  |   9|          2|    8|         16|
    |ap_phi_reg_pp0_iter1_data_39_V_read108_phi_reg_1956  |   9|          2|    8|         16|
    |ap_phi_reg_pp0_iter1_data_3_V_read72_phi_reg_1524    |   9|          2|    8|         16|
    |ap_phi_reg_pp0_iter1_data_40_V_read109_phi_reg_1968  |   9|          2|    8|         16|
    |ap_phi_reg_pp0_iter1_data_41_V_read110_phi_reg_1980  |   9|          2|    8|         16|
    |ap_phi_reg_pp0_iter1_data_42_V_read111_phi_reg_1992  |   9|          2|    8|         16|
    |ap_phi_reg_pp0_iter1_data_43_V_read112_phi_reg_2004  |   9|          2|    8|         16|
    |ap_phi_reg_pp0_iter1_data_44_V_read113_phi_reg_2016  |   9|          2|    8|         16|
    |ap_phi_reg_pp0_iter1_data_45_V_read114_phi_reg_2028  |   9|          2|    8|         16|
    |ap_phi_reg_pp0_iter1_data_46_V_read115_phi_reg_2040  |   9|          2|    8|         16|
    |ap_phi_reg_pp0_iter1_data_47_V_read116_phi_reg_2052  |   9|          2|    8|         16|
    |ap_phi_reg_pp0_iter1_data_48_V_read117_phi_reg_2064  |   9|          2|    8|         16|
    |ap_phi_reg_pp0_iter1_data_49_V_read118_phi_reg_2076  |   9|          2|    8|         16|
    |ap_phi_reg_pp0_iter1_data_4_V_read73_phi_reg_1536    |   9|          2|    8|         16|
    |ap_phi_reg_pp0_iter1_data_50_V_read119_phi_reg_2088  |   9|          2|    8|         16|
    |ap_phi_reg_pp0_iter1_data_51_V_read120_phi_reg_2100  |   9|          2|    8|         16|
    |ap_phi_reg_pp0_iter1_data_52_V_read121_phi_reg_2112  |   9|          2|    8|         16|
    |ap_phi_reg_pp0_iter1_data_53_V_read122_phi_reg_2124  |   9|          2|    8|         16|
    |ap_phi_reg_pp0_iter1_data_5_V_read74_phi_reg_1548    |   9|          2|    8|         16|
    |ap_phi_reg_pp0_iter1_data_6_V_read75_phi_reg_1560    |   9|          2|    8|         16|
    |ap_phi_reg_pp0_iter1_data_7_V_read76_phi_reg_1572    |   9|          2|    8|         16|
    |ap_phi_reg_pp0_iter1_data_8_V_read77_phi_reg_1584    |   9|          2|    8|         16|
    |ap_phi_reg_pp0_iter1_data_9_V_read78_phi_reg_1596    |   9|          2|    8|         16|
    |ap_return_0                                          |   9|          2|    8|         16|
    |ap_return_1                                          |   9|          2|    8|         16|
    |ap_return_2                                          |   9|          2|    8|         16|
    |ap_return_3                                          |   9|          2|    8|         16|
    |ap_return_4                                          |   9|          2|    8|         16|
    |ap_return_5                                          |   9|          2|    8|         16|
    |ap_return_6                                          |   9|          2|    8|         16|
    |ap_return_7                                          |   9|          2|    8|         16|
    |data_0_V_read69_phi_reg_1488                         |   9|          2|    8|         16|
    |data_10_V_read79_phi_reg_1608                        |   9|          2|    8|         16|
    |data_11_V_read80_phi_reg_1620                        |   9|          2|    8|         16|
    |data_12_V_read81_phi_reg_1632                        |   9|          2|    8|         16|
    |data_13_V_read82_phi_reg_1644                        |   9|          2|    8|         16|
    |data_14_V_read83_phi_reg_1656                        |   9|          2|    8|         16|
    |data_15_V_read84_phi_reg_1668                        |   9|          2|    8|         16|
    |data_16_V_read85_phi_reg_1680                        |   9|          2|    8|         16|
    |data_17_V_read86_phi_reg_1692                        |   9|          2|    8|         16|
    |data_18_V_read87_phi_reg_1704                        |   9|          2|    8|         16|
    |data_19_V_read88_phi_reg_1716                        |   9|          2|    8|         16|
    |data_1_V_read70_phi_reg_1500                         |   9|          2|    8|         16|
    |data_20_V_read89_phi_reg_1728                        |   9|          2|    8|         16|
    |data_21_V_read90_phi_reg_1740                        |   9|          2|    8|         16|
    |data_22_V_read91_phi_reg_1752                        |   9|          2|    8|         16|
    |data_23_V_read92_phi_reg_1764                        |   9|          2|    8|         16|
    |data_24_V_read93_phi_reg_1776                        |   9|          2|    8|         16|
    |data_25_V_read94_phi_reg_1788                        |   9|          2|    8|         16|
    |data_26_V_read95_phi_reg_1800                        |   9|          2|    8|         16|
    |data_27_V_read96_phi_reg_1812                        |   9|          2|    8|         16|
    |data_28_V_read97_phi_reg_1824                        |   9|          2|    8|         16|
    |data_29_V_read98_phi_reg_1836                        |   9|          2|    8|         16|
    |data_2_V_read71_phi_reg_1512                         |   9|          2|    8|         16|
    |data_30_V_read99_phi_reg_1848                        |   9|          2|    8|         16|
    |data_31_V_read100_phi_reg_1860                       |   9|          2|    8|         16|
    |data_32_V_read101_phi_reg_1872                       |   9|          2|    8|         16|
    |data_33_V_read102_phi_reg_1884                       |   9|          2|    8|         16|
    |data_34_V_read103_phi_reg_1896                       |   9|          2|    8|         16|
    |data_35_V_read104_phi_reg_1908                       |   9|          2|    8|         16|
    |data_36_V_read105_phi_reg_1920                       |   9|          2|    8|         16|
    |data_37_V_read106_phi_reg_1932                       |   9|          2|    8|         16|
    |data_38_V_read107_phi_reg_1944                       |   9|          2|    8|         16|
    |data_39_V_read108_phi_reg_1956                       |   9|          2|    8|         16|
    |data_3_V_read72_phi_reg_1524                         |   9|          2|    8|         16|
    |data_40_V_read109_phi_reg_1968                       |   9|          2|    8|         16|
    |data_41_V_read110_phi_reg_1980                       |   9|          2|    8|         16|
    |data_42_V_read111_phi_reg_1992                       |   9|          2|    8|         16|
    |data_43_V_read112_phi_reg_2004                       |   9|          2|    8|         16|
    |data_44_V_read113_phi_reg_2016                       |   9|          2|    8|         16|
    |data_45_V_read114_phi_reg_2028                       |   9|          2|    8|         16|
    |data_46_V_read115_phi_reg_2040                       |   9|          2|    8|         16|
    |data_47_V_read116_phi_reg_2052                       |   9|          2|    8|         16|
    |data_48_V_read117_phi_reg_2064                       |   9|          2|    8|         16|
    |data_49_V_read118_phi_reg_2076                       |   9|          2|    8|         16|
    |data_4_V_read73_phi_reg_1536                         |   9|          2|    8|         16|
    |data_50_V_read119_phi_reg_2088                       |   9|          2|    8|         16|
    |data_51_V_read120_phi_reg_2100                       |   9|          2|    8|         16|
    |data_52_V_read121_phi_reg_2112                       |   9|          2|    8|         16|
    |data_53_V_read122_phi_reg_2124                       |   9|          2|    8|         16|
    |data_5_V_read74_phi_reg_1548                         |   9|          2|    8|         16|
    |data_6_V_read75_phi_reg_1560                         |   9|          2|    8|         16|
    |data_7_V_read76_phi_reg_1572                         |   9|          2|    8|         16|
    |data_8_V_read77_phi_reg_1584                         |   9|          2|    8|         16|
    |data_9_V_read78_phi_reg_1596                         |   9|          2|    8|         16|
    |p_Val2_18_reg_2220                                   |   9|          2|   16|         32|
    |p_Val2_210_reg_2206                                  |   9|          2|   16|         32|
    |p_Val2_312_reg_2192                                  |   9|          2|   16|         32|
    |p_Val2_414_reg_2178                                  |   9|          2|   16|         32|
    |p_Val2_516_reg_2164                                  |   9|          2|   16|         32|
    |p_Val2_618_reg_2150                                  |   9|          2|   16|         32|
    |p_Val2_6_reg_2234                                    |   9|          2|   16|         32|
    |p_Val2_720_reg_2136                                  |   9|          2|   16|         32|
    |w_index21_reg_717                                    |   9|          2|    4|          8|
    +-----------------------------------------------------+----+-----------+-----+-----------+
    |Total                                                |2160|        479| 1932|       3870|
    +-----------------------------------------------------+----+-----------+-----+-----------+

    * Register: 
    +-----------------------------------------------------+----+----+-----+-----------+
    |                         Name                        | FF | LUT| Bits| Const Bits|
    +-----------------------------------------------------+----+----+-----+-----------+
    |ap_CS_fsm                                            |   2|   0|    2|          0|
    |ap_enable_reg_pp0_iter1                              |   1|   0|    1|          0|
    |ap_enable_reg_pp0_iter2                              |   1|   0|    1|          0|
    |ap_phi_reg_pp0_iter1_data_0_V_read69_phi_reg_1488    |   8|   0|    8|          0|
    |ap_phi_reg_pp0_iter1_data_10_V_read79_phi_reg_1608   |   8|   0|    8|          0|
    |ap_phi_reg_pp0_iter1_data_11_V_read80_phi_reg_1620   |   8|   0|    8|          0|
    |ap_phi_reg_pp0_iter1_data_12_V_read81_phi_reg_1632   |   8|   0|    8|          0|
    |ap_phi_reg_pp0_iter1_data_13_V_read82_phi_reg_1644   |   8|   0|    8|          0|
    |ap_phi_reg_pp0_iter1_data_14_V_read83_phi_reg_1656   |   8|   0|    8|          0|
    |ap_phi_reg_pp0_iter1_data_15_V_read84_phi_reg_1668   |   8|   0|    8|          0|
    |ap_phi_reg_pp0_iter1_data_16_V_read85_phi_reg_1680   |   8|   0|    8|          0|
    |ap_phi_reg_pp0_iter1_data_17_V_read86_phi_reg_1692   |   8|   0|    8|          0|
    |ap_phi_reg_pp0_iter1_data_18_V_read87_phi_reg_1704   |   8|   0|    8|          0|
    |ap_phi_reg_pp0_iter1_data_19_V_read88_phi_reg_1716   |   8|   0|    8|          0|
    |ap_phi_reg_pp0_iter1_data_1_V_read70_phi_reg_1500    |   8|   0|    8|          0|
    |ap_phi_reg_pp0_iter1_data_20_V_read89_phi_reg_1728   |   8|   0|    8|          0|
    |ap_phi_reg_pp0_iter1_data_21_V_read90_phi_reg_1740   |   8|   0|    8|          0|
    |ap_phi_reg_pp0_iter1_data_22_V_read91_phi_reg_1752   |   8|   0|    8|          0|
    |ap_phi_reg_pp0_iter1_data_23_V_read92_phi_reg_1764   |   8|   0|    8|          0|
    |ap_phi_reg_pp0_iter1_data_24_V_read93_phi_reg_1776   |   8|   0|    8|          0|
    |ap_phi_reg_pp0_iter1_data_25_V_read94_phi_reg_1788   |   8|   0|    8|          0|
    |ap_phi_reg_pp0_iter1_data_26_V_read95_phi_reg_1800   |   8|   0|    8|          0|
    |ap_phi_reg_pp0_iter1_data_27_V_read96_phi_reg_1812   |   8|   0|    8|          0|
    |ap_phi_reg_pp0_iter1_data_28_V_read97_phi_reg_1824   |   8|   0|    8|          0|
    |ap_phi_reg_pp0_iter1_data_29_V_read98_phi_reg_1836   |   8|   0|    8|          0|
    |ap_phi_reg_pp0_iter1_data_2_V_read71_phi_reg_1512    |   8|   0|    8|          0|
    |ap_phi_reg_pp0_iter1_data_30_V_read99_phi_reg_1848   |   8|   0|    8|          0|
    |ap_phi_reg_pp0_iter1_data_31_V_read100_phi_reg_1860  |   8|   0|    8|          0|
    |ap_phi_reg_pp0_iter1_data_32_V_read101_phi_reg_1872  |   8|   0|    8|          0|
    |ap_phi_reg_pp0_iter1_data_33_V_read102_phi_reg_1884  |   8|   0|    8|          0|
    |ap_phi_reg_pp0_iter1_data_34_V_read103_phi_reg_1896  |   8|   0|    8|          0|
    |ap_phi_reg_pp0_iter1_data_35_V_read104_phi_reg_1908  |   8|   0|    8|          0|
    |ap_phi_reg_pp0_iter1_data_36_V_read105_phi_reg_1920  |   8|   0|    8|          0|
    |ap_phi_reg_pp0_iter1_data_37_V_read106_phi_reg_1932  |   8|   0|    8|          0|
    |ap_phi_reg_pp0_iter1_data_38_V_read107_phi_reg_1944  |   8|   0|    8|          0|
    |ap_phi_reg_pp0_iter1_data_39_V_read108_phi_reg_1956  |   8|   0|    8|          0|
    |ap_phi_reg_pp0_iter1_data_3_V_read72_phi_reg_1524    |   8|   0|    8|          0|
    |ap_phi_reg_pp0_iter1_data_40_V_read109_phi_reg_1968  |   8|   0|    8|          0|
    |ap_phi_reg_pp0_iter1_data_41_V_read110_phi_reg_1980  |   8|   0|    8|          0|
    |ap_phi_reg_pp0_iter1_data_42_V_read111_phi_reg_1992  |   8|   0|    8|          0|
    |ap_phi_reg_pp0_iter1_data_43_V_read112_phi_reg_2004  |   8|   0|    8|          0|
    |ap_phi_reg_pp0_iter1_data_44_V_read113_phi_reg_2016  |   8|   0|    8|          0|
    |ap_phi_reg_pp0_iter1_data_45_V_read114_phi_reg_2028  |   8|   0|    8|          0|
    |ap_phi_reg_pp0_iter1_data_46_V_read115_phi_reg_2040  |   8|   0|    8|          0|
    |ap_phi_reg_pp0_iter1_data_47_V_read116_phi_reg_2052  |   8|   0|    8|          0|
    |ap_phi_reg_pp0_iter1_data_48_V_read117_phi_reg_2064  |   8|   0|    8|          0|
    |ap_phi_reg_pp0_iter1_data_49_V_read118_phi_reg_2076  |   8|   0|    8|          0|
    |ap_phi_reg_pp0_iter1_data_4_V_read73_phi_reg_1536    |   8|   0|    8|          0|
    |ap_phi_reg_pp0_iter1_data_50_V_read119_phi_reg_2088  |   8|   0|    8|          0|
    |ap_phi_reg_pp0_iter1_data_51_V_read120_phi_reg_2100  |   8|   0|    8|          0|
    |ap_phi_reg_pp0_iter1_data_52_V_read121_phi_reg_2112  |   8|   0|    8|          0|
    |ap_phi_reg_pp0_iter1_data_53_V_read122_phi_reg_2124  |   8|   0|    8|          0|
    |ap_phi_reg_pp0_iter1_data_5_V_read74_phi_reg_1548    |   8|   0|    8|          0|
    |ap_phi_reg_pp0_iter1_data_6_V_read75_phi_reg_1560    |   8|   0|    8|          0|
    |ap_phi_reg_pp0_iter1_data_7_V_read76_phi_reg_1572    |   8|   0|    8|          0|
    |ap_phi_reg_pp0_iter1_data_8_V_read77_phi_reg_1584    |   8|   0|    8|          0|
    |ap_phi_reg_pp0_iter1_data_9_V_read78_phi_reg_1596    |   8|   0|    8|          0|
    |ap_return_0_preg                                     |   8|   0|    8|          0|
    |ap_return_1_preg                                     |   8|   0|    8|          0|
    |ap_return_2_preg                                     |   8|   0|    8|          0|
    |ap_return_3_preg                                     |   8|   0|    8|          0|
    |ap_return_4_preg                                     |   8|   0|    8|          0|
    |ap_return_5_preg                                     |   8|   0|    8|          0|
    |ap_return_6_preg                                     |   8|   0|    8|          0|
    |ap_return_7_preg                                     |   8|   0|    8|          0|
    |data_0_V_read69_phi_reg_1488                         |   8|   0|    8|          0|
    |data_0_V_read69_rewind_reg_732                       |   8|   0|    8|          0|
    |data_10_V_read79_phi_reg_1608                        |   8|   0|    8|          0|
    |data_10_V_read79_rewind_reg_872                      |   8|   0|    8|          0|
    |data_11_V_read80_phi_reg_1620                        |   8|   0|    8|          0|
    |data_11_V_read80_rewind_reg_886                      |   8|   0|    8|          0|
    |data_12_V_read81_phi_reg_1632                        |   8|   0|    8|          0|
    |data_12_V_read81_rewind_reg_900                      |   8|   0|    8|          0|
    |data_13_V_read82_phi_reg_1644                        |   8|   0|    8|          0|
    |data_13_V_read82_rewind_reg_914                      |   8|   0|    8|          0|
    |data_14_V_read83_phi_reg_1656                        |   8|   0|    8|          0|
    |data_14_V_read83_rewind_reg_928                      |   8|   0|    8|          0|
    |data_15_V_read84_phi_reg_1668                        |   8|   0|    8|          0|
    |data_15_V_read84_rewind_reg_942                      |   8|   0|    8|          0|
    |data_16_V_read85_phi_reg_1680                        |   8|   0|    8|          0|
    |data_16_V_read85_rewind_reg_956                      |   8|   0|    8|          0|
    |data_17_V_read86_phi_reg_1692                        |   8|   0|    8|          0|
    |data_17_V_read86_rewind_reg_970                      |   8|   0|    8|          0|
    |data_18_V_read87_phi_reg_1704                        |   8|   0|    8|          0|
    |data_18_V_read87_rewind_reg_984                      |   8|   0|    8|          0|
    |data_19_V_read88_phi_reg_1716                        |   8|   0|    8|          0|
    |data_19_V_read88_rewind_reg_998                      |   8|   0|    8|          0|
    |data_1_V_read70_phi_reg_1500                         |   8|   0|    8|          0|
    |data_1_V_read70_rewind_reg_746                       |   8|   0|    8|          0|
    |data_20_V_read89_phi_reg_1728                        |   8|   0|    8|          0|
    |data_20_V_read89_rewind_reg_1012                     |   8|   0|    8|          0|
    |data_21_V_read90_phi_reg_1740                        |   8|   0|    8|          0|
    |data_21_V_read90_rewind_reg_1026                     |   8|   0|    8|          0|
    |data_22_V_read91_phi_reg_1752                        |   8|   0|    8|          0|
    |data_22_V_read91_rewind_reg_1040                     |   8|   0|    8|          0|
    |data_23_V_read92_phi_reg_1764                        |   8|   0|    8|          0|
    |data_23_V_read92_rewind_reg_1054                     |   8|   0|    8|          0|
    |data_24_V_read93_phi_reg_1776                        |   8|   0|    8|          0|
    |data_24_V_read93_rewind_reg_1068                     |   8|   0|    8|          0|
    |data_25_V_read94_phi_reg_1788                        |   8|   0|    8|          0|
    |data_25_V_read94_rewind_reg_1082                     |   8|   0|    8|          0|
    |data_26_V_read95_phi_reg_1800                        |   8|   0|    8|          0|
    |data_26_V_read95_rewind_reg_1096                     |   8|   0|    8|          0|
    |data_27_V_read96_phi_reg_1812                        |   8|   0|    8|          0|
    |data_27_V_read96_rewind_reg_1110                     |   8|   0|    8|          0|
    |data_28_V_read97_phi_reg_1824                        |   8|   0|    8|          0|
    |data_28_V_read97_rewind_reg_1124                     |   8|   0|    8|          0|
    |data_29_V_read98_phi_reg_1836                        |   8|   0|    8|          0|
    |data_29_V_read98_rewind_reg_1138                     |   8|   0|    8|          0|
    |data_2_V_read71_phi_reg_1512                         |   8|   0|    8|          0|
    |data_2_V_read71_rewind_reg_760                       |   8|   0|    8|          0|
    |data_30_V_read99_phi_reg_1848                        |   8|   0|    8|          0|
    |data_30_V_read99_rewind_reg_1152                     |   8|   0|    8|          0|
    |data_31_V_read100_phi_reg_1860                       |   8|   0|    8|          0|
    |data_31_V_read100_rewind_reg_1166                    |   8|   0|    8|          0|
    |data_32_V_read101_phi_reg_1872                       |   8|   0|    8|          0|
    |data_32_V_read101_rewind_reg_1180                    |   8|   0|    8|          0|
    |data_33_V_read102_phi_reg_1884                       |   8|   0|    8|          0|
    |data_33_V_read102_rewind_reg_1194                    |   8|   0|    8|          0|
    |data_34_V_read103_phi_reg_1896                       |   8|   0|    8|          0|
    |data_34_V_read103_rewind_reg_1208                    |   8|   0|    8|          0|
    |data_35_V_read104_phi_reg_1908                       |   8|   0|    8|          0|
    |data_35_V_read104_rewind_reg_1222                    |   8|   0|    8|          0|
    |data_36_V_read105_phi_reg_1920                       |   8|   0|    8|          0|
    |data_36_V_read105_rewind_reg_1236                    |   8|   0|    8|          0|
    |data_37_V_read106_phi_reg_1932                       |   8|   0|    8|          0|
    |data_37_V_read106_rewind_reg_1250                    |   8|   0|    8|          0|
    |data_38_V_read107_phi_reg_1944                       |   8|   0|    8|          0|
    |data_38_V_read107_rewind_reg_1264                    |   8|   0|    8|          0|
    |data_39_V_read108_phi_reg_1956                       |   8|   0|    8|          0|
    |data_39_V_read108_rewind_reg_1278                    |   8|   0|    8|          0|
    |data_3_V_read72_phi_reg_1524                         |   8|   0|    8|          0|
    |data_3_V_read72_rewind_reg_774                       |   8|   0|    8|          0|
    |data_40_V_read109_phi_reg_1968                       |   8|   0|    8|          0|
    |data_40_V_read109_rewind_reg_1292                    |   8|   0|    8|          0|
    |data_41_V_read110_phi_reg_1980                       |   8|   0|    8|          0|
    |data_41_V_read110_rewind_reg_1306                    |   8|   0|    8|          0|
    |data_42_V_read111_phi_reg_1992                       |   8|   0|    8|          0|
    |data_42_V_read111_rewind_reg_1320                    |   8|   0|    8|          0|
    |data_43_V_read112_phi_reg_2004                       |   8|   0|    8|          0|
    |data_43_V_read112_rewind_reg_1334                    |   8|   0|    8|          0|
    |data_44_V_read113_phi_reg_2016                       |   8|   0|    8|          0|
    |data_44_V_read113_rewind_reg_1348                    |   8|   0|    8|          0|
    |data_45_V_read114_phi_reg_2028                       |   8|   0|    8|          0|
    |data_45_V_read114_rewind_reg_1362                    |   8|   0|    8|          0|
    |data_46_V_read115_phi_reg_2040                       |   8|   0|    8|          0|
    |data_46_V_read115_rewind_reg_1376                    |   8|   0|    8|          0|
    |data_47_V_read116_phi_reg_2052                       |   8|   0|    8|          0|
    |data_47_V_read116_rewind_reg_1390                    |   8|   0|    8|          0|
    |data_48_V_read117_phi_reg_2064                       |   8|   0|    8|          0|
    |data_48_V_read117_rewind_reg_1404                    |   8|   0|    8|          0|
    |data_49_V_read118_phi_reg_2076                       |   8|   0|    8|          0|
    |data_49_V_read118_rewind_reg_1418                    |   8|   0|    8|          0|
    |data_4_V_read73_phi_reg_1536                         |   8|   0|    8|          0|
    |data_4_V_read73_rewind_reg_788                       |   8|   0|    8|          0|
    |data_50_V_read119_phi_reg_2088                       |   8|   0|    8|          0|
    |data_50_V_read119_rewind_reg_1432                    |   8|   0|    8|          0|
    |data_51_V_read120_phi_reg_2100                       |   8|   0|    8|          0|
    |data_51_V_read120_rewind_reg_1446                    |   8|   0|    8|          0|
    |data_52_V_read121_phi_reg_2112                       |   8|   0|    8|          0|
    |data_52_V_read121_rewind_reg_1460                    |   8|   0|    8|          0|
    |data_53_V_read122_phi_reg_2124                       |   8|   0|    8|          0|
    |data_53_V_read122_rewind_reg_1474                    |   8|   0|    8|          0|
    |data_5_V_read74_phi_reg_1548                         |   8|   0|    8|          0|
    |data_5_V_read74_rewind_reg_802                       |   8|   0|    8|          0|
    |data_6_V_read75_phi_reg_1560                         |   8|   0|    8|          0|
    |data_6_V_read75_rewind_reg_816                       |   8|   0|    8|          0|
    |data_7_V_read76_phi_reg_1572                         |   8|   0|    8|          0|
    |data_7_V_read76_rewind_reg_830                       |   8|   0|    8|          0|
    |data_8_V_read77_phi_reg_1584                         |   8|   0|    8|          0|
    |data_8_V_read77_rewind_reg_844                       |   8|   0|    8|          0|
    |data_9_V_read78_phi_reg_1596                         |   8|   0|    8|          0|
    |data_9_V_read78_rewind_reg_858                       |   8|   0|    8|          0|
    |do_init_reg_701                                      |   1|   0|    1|          0|
    |icmp_ln46_reg_11075                                  |   1|   0|    1|          0|
    |icmp_ln46_reg_11075_pp0_iter1_reg                    |   1|   0|    1|          0|
    |p_Val2_18_reg_2220                                   |  16|   0|   16|          0|
    |p_Val2_210_reg_2206                                  |  16|   0|   16|          0|
    |p_Val2_312_reg_2192                                  |  16|   0|   16|          0|
    |p_Val2_414_reg_2178                                  |  16|   0|   16|          0|
    |p_Val2_516_reg_2164                                  |  16|   0|   16|          0|
    |p_Val2_618_reg_2150                                  |  16|   0|   16|          0|
    |p_Val2_6_reg_2234                                    |  16|   0|   16|          0|
    |p_Val2_720_reg_2136                                  |  16|   0|   16|          0|
    |trunc_ln708_38_reg_11089                             |  15|   0|   15|          0|
    |trunc_ln708_39_reg_11094                             |  15|   0|   15|          0|
    |trunc_ln708_40_reg_11099                             |  15|   0|   15|          0|
    |trunc_ln708_41_reg_11104                             |  15|   0|   15|          0|
    |trunc_ln708_42_reg_11109                             |  15|   0|   15|          0|
    |trunc_ln708_43_reg_11114                             |  15|   0|   15|          0|
    |trunc_ln708_44_reg_11119                             |  15|   0|   15|          0|
    |trunc_ln708_45_reg_11124                             |  15|   0|   15|          0|
    |trunc_ln708_46_reg_11129                             |  15|   0|   15|          0|
    |trunc_ln708_47_reg_11134                             |  15|   0|   15|          0|
    |trunc_ln708_48_reg_11139                             |  15|   0|   15|          0|
    |trunc_ln708_49_reg_11144                             |  15|   0|   15|          0|
    |trunc_ln708_50_reg_11149                             |  15|   0|   15|          0|
    |trunc_ln708_51_reg_11154                             |  15|   0|   15|          0|
    |trunc_ln708_52_reg_11159                             |  15|   0|   15|          0|
    |trunc_ln708_53_reg_11164                             |  15|   0|   15|          0|
    |trunc_ln708_54_reg_11169                             |  15|   0|   15|          0|
    |trunc_ln708_55_reg_11174                             |  15|   0|   15|          0|
    |trunc_ln708_56_reg_11179                             |  15|   0|   15|          0|
    |trunc_ln708_57_reg_11184                             |  15|   0|   15|          0|
    |trunc_ln708_58_reg_11189                             |  15|   0|   15|          0|
    |trunc_ln708_59_reg_11194                             |  15|   0|   15|          0|
    |trunc_ln708_60_reg_11199                             |  15|   0|   15|          0|
    |trunc_ln708_61_reg_11204                             |  15|   0|   15|          0|
    |trunc_ln708_62_reg_11209                             |  15|   0|   15|          0|
    |trunc_ln708_63_reg_11214                             |  15|   0|   15|          0|
    |trunc_ln708_64_reg_11219                             |  15|   0|   15|          0|
    |trunc_ln708_65_reg_11224                             |  15|   0|   15|          0|
    |trunc_ln708_66_reg_11229                             |  15|   0|   15|          0|
    |trunc_ln708_67_reg_11234                             |  15|   0|   15|          0|
    |trunc_ln708_68_reg_11239                             |  15|   0|   15|          0|
    |trunc_ln708_69_reg_11244                             |  15|   0|   15|          0|
    |trunc_ln708_70_reg_11249                             |  15|   0|   15|          0|
    |trunc_ln708_71_reg_11254                             |  15|   0|   15|          0|
    |trunc_ln708_72_reg_11259                             |  15|   0|   15|          0|
    |trunc_ln708_73_reg_11264                             |  15|   0|   15|          0|
    |trunc_ln708_74_reg_11269                             |  15|   0|   15|          0|
    |trunc_ln708_75_reg_11274                             |  15|   0|   15|          0|
    |trunc_ln708_76_reg_11279                             |  15|   0|   15|          0|
    |trunc_ln708_77_reg_11284                             |  15|   0|   15|          0|
    |trunc_ln708_78_reg_11289                             |  15|   0|   15|          0|
    |trunc_ln708_79_reg_11294                             |  15|   0|   15|          0|
    |trunc_ln708_80_reg_11299                             |  15|   0|   15|          0|
    |trunc_ln708_81_reg_11304                             |  15|   0|   15|          0|
    |trunc_ln708_82_reg_11309                             |  15|   0|   15|          0|
    |trunc_ln708_83_reg_11314                             |  11|   0|   11|          0|
    |trunc_ln708_s_reg_11084                              |  15|   0|   15|          0|
    |trunc_ln_reg_11079                                   |  15|   0|   15|          0|
    |w_index21_reg_717                                    |   4|   0|    4|          0|
    |w_index_reg_11065                                    |   4|   0|    4|          0|
    +-----------------------------------------------------+----+----+-----+-----------+
    |Total                                                |2219|   0| 2219|          0|
    +-----------------------------------------------------+----+----+-----+-----------+



================================================================
== Interface
================================================================
* Summary: 
+----------------+-----+-----+------------+------------------------------------------------------------------------------+--------------+
|    RTL Ports   | Dir | Bits|  Protocol  |                                 Source Object                                |    C Type    |
+----------------+-----+-----+------------+------------------------------------------------------------------------------+--------------+
|ap_clk          |  in |    1| ap_ctrl_hs | dense_resource_rf_leq_nin<ap_ufixed,ap_fixed,config6_mult>.0.0.0.0.0.0.0.0.0 | return value |
|ap_rst          |  in |    1| ap_ctrl_hs | dense_resource_rf_leq_nin<ap_ufixed,ap_fixed,config6_mult>.0.0.0.0.0.0.0.0.0 | return value |
|ap_start        |  in |    1| ap_ctrl_hs | dense_resource_rf_leq_nin<ap_ufixed,ap_fixed,config6_mult>.0.0.0.0.0.0.0.0.0 | return value |
|ap_done         | out |    1| ap_ctrl_hs | dense_resource_rf_leq_nin<ap_ufixed,ap_fixed,config6_mult>.0.0.0.0.0.0.0.0.0 | return value |
|ap_idle         | out |    1| ap_ctrl_hs | dense_resource_rf_leq_nin<ap_ufixed,ap_fixed,config6_mult>.0.0.0.0.0.0.0.0.0 | return value |
|ap_ready        | out |    1| ap_ctrl_hs | dense_resource_rf_leq_nin<ap_ufixed,ap_fixed,config6_mult>.0.0.0.0.0.0.0.0.0 | return value |
|ap_return_0     | out |    8| ap_ctrl_hs | dense_resource_rf_leq_nin<ap_ufixed,ap_fixed,config6_mult>.0.0.0.0.0.0.0.0.0 | return value |
|ap_return_1     | out |    8| ap_ctrl_hs | dense_resource_rf_leq_nin<ap_ufixed,ap_fixed,config6_mult>.0.0.0.0.0.0.0.0.0 | return value |
|ap_return_2     | out |    8| ap_ctrl_hs | dense_resource_rf_leq_nin<ap_ufixed,ap_fixed,config6_mult>.0.0.0.0.0.0.0.0.0 | return value |
|ap_return_3     | out |    8| ap_ctrl_hs | dense_resource_rf_leq_nin<ap_ufixed,ap_fixed,config6_mult>.0.0.0.0.0.0.0.0.0 | return value |
|ap_return_4     | out |    8| ap_ctrl_hs | dense_resource_rf_leq_nin<ap_ufixed,ap_fixed,config6_mult>.0.0.0.0.0.0.0.0.0 | return value |
|ap_return_5     | out |    8| ap_ctrl_hs | dense_resource_rf_leq_nin<ap_ufixed,ap_fixed,config6_mult>.0.0.0.0.0.0.0.0.0 | return value |
|ap_return_6     | out |    8| ap_ctrl_hs | dense_resource_rf_leq_nin<ap_ufixed,ap_fixed,config6_mult>.0.0.0.0.0.0.0.0.0 | return value |
|ap_return_7     | out |    8| ap_ctrl_hs | dense_resource_rf_leq_nin<ap_ufixed,ap_fixed,config6_mult>.0.0.0.0.0.0.0.0.0 | return value |
|data_0_V_read   |  in |    8|   ap_none  |                                 data_0_V_read                                |    scalar    |
|data_1_V_read   |  in |    8|   ap_none  |                                 data_1_V_read                                |    scalar    |
|data_2_V_read   |  in |    8|   ap_none  |                                 data_2_V_read                                |    scalar    |
|data_3_V_read   |  in |    8|   ap_none  |                                 data_3_V_read                                |    scalar    |
|data_4_V_read   |  in |    8|   ap_none  |                                 data_4_V_read                                |    scalar    |
|data_5_V_read   |  in |    8|   ap_none  |                                 data_5_V_read                                |    scalar    |
|data_6_V_read   |  in |    8|   ap_none  |                                 data_6_V_read                                |    scalar    |
|data_7_V_read   |  in |    8|   ap_none  |                                 data_7_V_read                                |    scalar    |
|data_8_V_read   |  in |    8|   ap_none  |                                 data_8_V_read                                |    scalar    |
|data_9_V_read   |  in |    8|   ap_none  |                                 data_9_V_read                                |    scalar    |
|data_10_V_read  |  in |    8|   ap_none  |                                data_10_V_read                                |    scalar    |
|data_11_V_read  |  in |    8|   ap_none  |                                data_11_V_read                                |    scalar    |
|data_12_V_read  |  in |    8|   ap_none  |                                data_12_V_read                                |    scalar    |
|data_13_V_read  |  in |    8|   ap_none  |                                data_13_V_read                                |    scalar    |
|data_14_V_read  |  in |    8|   ap_none  |                                data_14_V_read                                |    scalar    |
|data_15_V_read  |  in |    8|   ap_none  |                                data_15_V_read                                |    scalar    |
|data_16_V_read  |  in |    8|   ap_none  |                                data_16_V_read                                |    scalar    |
|data_17_V_read  |  in |    8|   ap_none  |                                data_17_V_read                                |    scalar    |
|data_18_V_read  |  in |    8|   ap_none  |                                data_18_V_read                                |    scalar    |
|data_19_V_read  |  in |    8|   ap_none  |                                data_19_V_read                                |    scalar    |
|data_20_V_read  |  in |    8|   ap_none  |                                data_20_V_read                                |    scalar    |
|data_21_V_read  |  in |    8|   ap_none  |                                data_21_V_read                                |    scalar    |
|data_22_V_read  |  in |    8|   ap_none  |                                data_22_V_read                                |    scalar    |
|data_23_V_read  |  in |    8|   ap_none  |                                data_23_V_read                                |    scalar    |
|data_24_V_read  |  in |    8|   ap_none  |                                data_24_V_read                                |    scalar    |
|data_25_V_read  |  in |    8|   ap_none  |                                data_25_V_read                                |    scalar    |
|data_26_V_read  |  in |    8|   ap_none  |                                data_26_V_read                                |    scalar    |
|data_27_V_read  |  in |    8|   ap_none  |                                data_27_V_read                                |    scalar    |
|data_28_V_read  |  in |    8|   ap_none  |                                data_28_V_read                                |    scalar    |
|data_29_V_read  |  in |    8|   ap_none  |                                data_29_V_read                                |    scalar    |
|data_30_V_read  |  in |    8|   ap_none  |                                data_30_V_read                                |    scalar    |
|data_31_V_read  |  in |    8|   ap_none  |                                data_31_V_read                                |    scalar    |
|data_32_V_read  |  in |    8|   ap_none  |                                data_32_V_read                                |    scalar    |
|data_33_V_read  |  in |    8|   ap_none  |                                data_33_V_read                                |    scalar    |
|data_34_V_read  |  in |    8|   ap_none  |                                data_34_V_read                                |    scalar    |
|data_35_V_read  |  in |    8|   ap_none  |                                data_35_V_read                                |    scalar    |
|data_36_V_read  |  in |    8|   ap_none  |                                data_36_V_read                                |    scalar    |
|data_37_V_read  |  in |    8|   ap_none  |                                data_37_V_read                                |    scalar    |
|data_38_V_read  |  in |    8|   ap_none  |                                data_38_V_read                                |    scalar    |
|data_39_V_read  |  in |    8|   ap_none  |                                data_39_V_read                                |    scalar    |
|data_40_V_read  |  in |    8|   ap_none  |                                data_40_V_read                                |    scalar    |
|data_41_V_read  |  in |    8|   ap_none  |                                data_41_V_read                                |    scalar    |
|data_42_V_read  |  in |    8|   ap_none  |                                data_42_V_read                                |    scalar    |
|data_43_V_read  |  in |    8|   ap_none  |                                data_43_V_read                                |    scalar    |
|data_44_V_read  |  in |    8|   ap_none  |                                data_44_V_read                                |    scalar    |
|data_45_V_read  |  in |    8|   ap_none  |                                data_45_V_read                                |    scalar    |
|data_46_V_read  |  in |    8|   ap_none  |                                data_46_V_read                                |    scalar    |
|data_47_V_read  |  in |    8|   ap_none  |                                data_47_V_read                                |    scalar    |
|data_48_V_read  |  in |    8|   ap_none  |                                data_48_V_read                                |    scalar    |
|data_49_V_read  |  in |    8|   ap_none  |                                data_49_V_read                                |    scalar    |
|data_50_V_read  |  in |    8|   ap_none  |                                data_50_V_read                                |    scalar    |
|data_51_V_read  |  in |    8|   ap_none  |                                data_51_V_read                                |    scalar    |
|data_52_V_read  |  in |    8|   ap_none  |                                data_52_V_read                                |    scalar    |
|data_53_V_read  |  in |    8|   ap_none  |                                data_53_V_read                                |    scalar    |
+----------------+-----+-----+------------+------------------------------------------------------------------------------+--------------+

