

================================================================
== Vivado HLS Report for 'dense_wrapper_ap_ufixed_8_2_5_3_0_ap_fixed_8_2_5_3_0_config18_s'
================================================================
* Date:           Mon Aug 10 20:48:58 2026

* Version:        2019.1 (Build 2552052 on Fri May 24 15:28:33 MDT 2019)
* Project:        myproject_prj
* Solution:       solution1
* Product family: kintexu
* Target device:  xcku035-fbva676-2-e


================================================================
== Performance Estimates
================================================================
+ Timing (ns): 
    * Summary: 
    +--------+-------+----------+------------+
    |  Clock | Target| Estimated| Uncertainty|
    +--------+-------+----------+------------+
    |ap_clk  |   5.00|     3.859|        0.62|
    +--------+-------+----------+------------+

+ Latency (clock cycles): 
    * Summary: 
    +-----+-----+-----+-----+---------------------------------------------+
    |  Latency  |  Interval |                   Pipeline                  |
    | min | max | min | max |                     Type                    |
    +-----+-----+-----+-----+---------------------------------------------+
    |   16|   17|   15|   15| loop rewind(delay=0 initiation interval(s)) |
    +-----+-----+-----+-----+---------------------------------------------+

    + Detail: 
        * Instance: 
        N/A

        * Loop: 
        +-------------+-----+-----+----------+-----------+-----------+------+----------+
        |             |  Latency  | Iteration|  Initiation Interval  | Trip |          |
        |  Loop Name  | min | max |  Latency |  achieved |   target  | Count| Pipelined|
        +-------------+-----+-----+----------+-----------+-----------+------+----------+
        |- ReuseLoop  |   16|   16|         3|          1|          1|    15|    yes   |
        +-------------+-----+-----+----------+-----------+-----------+------+----------+



================================================================
== Utilization Estimates
================================================================
* Summary: 
+-----------------+---------+-------+--------+--------+-----+
|       Name      | BRAM_18K| DSP48E|   FF   |   LUT  | URAM|
+-----------------+---------+-------+--------+--------+-----+
|DSP              |        -|      -|       -|       -|    -|
|Expression       |        -|      0|       0|     849|    -|
|FIFO             |        -|      -|       -|       -|    -|
|Instance         |        -|      -|       0|      53|    -|
|Memory           |        3|      -|       0|       0|    -|
|Multiplexer      |        -|      -|       -|     792|    -|
|Register         |        -|      -|     701|       -|    -|
+-----------------+---------+-------+--------+--------+-----+
|Total            |        3|      0|     701|    1694|    0|
+-----------------+---------+-------+--------+--------+-----+
|Available        |     1080|   1700|  406256|  203128|    0|
+-----------------+---------+-------+--------+--------+-----+
|Utilization (%)  |    ~0   |      0|   ~0   |   ~0   |    0|
+-----------------+---------+-------+--------+--------+-----+

+ Detail: 
    * Instance: 
    +------------------------------+-------------------------+---------+-------+---+----+-----+
    |           Instance           |          Module         | BRAM_18K| DSP48E| FF| LUT| URAM|
    +------------------------------+-------------------------+---------+-------+---+----+-----+
    |myproject_mux_154_8_1_1_U775  |myproject_mux_154_8_1_1  |        0|      0|  0|  53|    0|
    +------------------------------+-------------------------+---------+-------+---+----+-----+
    |Total                         |                         |        0|      0|  0|  53|    0|
    +------------------------------+-------------------------+---------+-------+---+----+-----+

    * DSP48E: 
    N/A

    * Memory: 
    +---------+-----------------------------------------------------------------------+---------+---+----+-----+------+-----+------+-------------+
    |  Memory |                                 Module                                | BRAM_18K| FF| LUT| URAM| Words| Bits| Banks| W*Bits*Banks|
    +---------+-----------------------------------------------------------------------+---------+---+----+-----+------+-----+------+-------------+
    |w18_V_U  |dense_wrapper_ap_ufixed_8_2_5_3_0_ap_fixed_8_2_5_3_0_config18_s_w18_V  |        3|  0|   0|    0|    15|   78|     1|         1170|
    +---------+-----------------------------------------------------------------------+---------+---+----+-----+------+-----+------+-------------+
    |Total    |                                                                       |        3|  0|   0|    0|    15|   78|     1|         1170|
    +---------+-----------------------------------------------------------------------+---------+---+----+-----+------+-----+------+-------------+

    * FIFO: 
    N/A

    * Expression: 
    +--------------------------+----------+-------+---+----+------------+------------+
    |       Variable Name      | Operation| DSP48E| FF| LUT| Bitwidth P0| Bitwidth P1|
    +--------------------------+----------+-------+---+----+------------+------------+
    |mul_ln1118_10_fu_1251_p2  |     *    |      0|  0|  40|           8|           8|
    |mul_ln1118_11_fu_1300_p2  |     *    |      0|  0|  40|           8|           8|
    |mul_ln1118_12_fu_1349_p2  |     *    |      0|  0|  40|           8|           8|
    |mul_ln1118_13_fu_1401_p2  |     *    |      0|  0|  40|           6|           8|
    |mul_ln1118_5_fu_1006_p2   |     *    |      0|  0|  40|           8|           8|
    |mul_ln1118_6_fu_1055_p2   |     *    |      0|  0|  40|           8|           8|
    |mul_ln1118_7_fu_1104_p2   |     *    |      0|  0|  40|           8|           8|
    |mul_ln1118_8_fu_1153_p2   |     *    |      0|  0|  40|           8|           8|
    |mul_ln1118_9_fu_1202_p2   |     *    |      0|  0|  40|           8|           8|
    |mul_ln1118_fu_957_p2      |     *    |      0|  0|  40|           8|           8|
    |acc_0_V_fu_991_p2         |     +    |      0|  0|  23|          16|          16|
    |acc_1_V_fu_1040_p2        |     +    |      0|  0|  23|          16|          16|
    |acc_2_V_fu_1089_p2        |     +    |      0|  0|  23|          16|          16|
    |acc_3_V_fu_1138_p2        |     +    |      0|  0|  23|          16|          16|
    |acc_4_V_fu_1187_p2        |     +    |      0|  0|  23|          16|          16|
    |acc_5_V_fu_1236_p2        |     +    |      0|  0|  23|          16|          16|
    |acc_6_V_fu_1285_p2        |     +    |      0|  0|  23|          16|          16|
    |acc_7_V_fu_1334_p2        |     +    |      0|  0|  23|          16|          16|
    |acc_8_V_fu_1383_p2        |     +    |      0|  0|  23|          16|          16|
    |acc_9_V_fu_1435_p2        |     +    |      0|  0|  23|          16|          16|
    |add_ln703_10_fu_1193_p2   |     +    |      0|  0|  19|          12|          12|
    |add_ln703_11_fu_1242_p2   |     +    |      0|  0|  19|          12|          12|
    |add_ln703_12_fu_1291_p2   |     +    |      0|  0|  19|          12|          12|
    |add_ln703_13_fu_1340_p2   |     +    |      0|  0|  19|          12|          12|
    |add_ln703_14_fu_1389_p2   |     +    |      0|  0|  19|          12|          12|
    |add_ln703_15_fu_1441_p2   |     +    |      0|  0|  19|          12|          12|
    |add_ln703_6_fu_997_p2     |     +    |      0|  0|  19|          12|          12|
    |add_ln703_7_fu_1046_p2    |     +    |      0|  0|  19|          12|          12|
    |add_ln703_8_fu_1095_p2    |     +    |      0|  0|  19|          12|          12|
    |add_ln703_9_fu_1144_p2    |     +    |      0|  0|  19|          12|          12|
    |w_index_fu_809_p2         |     +    |      0|  0|  12|           1|           4|
    |ap_condition_256          |    and   |      0|  0|   2|           1|           1|
    |ap_condition_262          |    and   |      0|  0|   2|           1|           1|
    |ap_condition_40           |    and   |      0|  0|   2|           1|           1|
    |icmp_ln46_fu_815_p2       |   icmp   |      0|  0|   9|           4|           3|
    |ap_enable_pp0             |    xor   |      0|  0|   2|           1|           2|
    +--------------------------+----------+-------+---+----+------------+------------+
    |Total                     |          |      0|  0| 849|         367|         372|
    +--------------------------+----------+-------+---+----+------------+------------+

    * Multiplexer: 
    +---------------------------------------------------+----+-----------+-----+-----------+
    |                        Name                       | LUT| Input Size| Bits| Total Bits|
    +---------------------------------------------------+----+-----------+-----+-----------+
    |acc_V_0_05_reg_790                                 |   9|          2|   16|         32|
    |acc_V_1_06_reg_776                                 |   9|          2|   16|         32|
    |acc_V_2_07_reg_762                                 |   9|          2|   16|         32|
    |acc_V_3_08_reg_748                                 |   9|          2|   16|         32|
    |acc_V_4_09_reg_734                                 |   9|          2|   16|         32|
    |acc_V_5_010_reg_720                                |   9|          2|   16|         32|
    |acc_V_6_011_reg_706                                |   9|          2|   16|         32|
    |acc_V_7_012_reg_692                                |   9|          2|   16|         32|
    |acc_V_8_013_reg_678                                |   9|          2|   16|         32|
    |acc_V_9_014_reg_664                                |   9|          2|   16|         32|
    |ap_NS_fsm                                          |  15|          3|    1|          3|
    |ap_enable_reg_pp0_iter1                            |   9|          2|    1|          2|
    |ap_enable_reg_pp0_iter2                            |   9|          2|    1|          2|
    |ap_phi_mux_data_0_V_read26_phi_phi_fu_488_p4       |   9|          2|    8|         16|
    |ap_phi_mux_data_0_V_read26_rewind_phi_fu_278_p6    |   9|          2|    8|         16|
    |ap_phi_mux_data_10_V_read36_phi_phi_fu_608_p4      |   9|          2|    8|         16|
    |ap_phi_mux_data_10_V_read36_rewind_phi_fu_418_p6   |   9|          2|    8|         16|
    |ap_phi_mux_data_11_V_read37_phi_phi_fu_620_p4      |   9|          2|    8|         16|
    |ap_phi_mux_data_11_V_read37_rewind_phi_fu_432_p6   |   9|          2|    8|         16|
    |ap_phi_mux_data_12_V_read38_phi_phi_fu_632_p4      |   9|          2|    8|         16|
    |ap_phi_mux_data_12_V_read38_rewind_phi_fu_446_p6   |   9|          2|    8|         16|
    |ap_phi_mux_data_13_V_read39_phi_phi_fu_644_p4      |   9|          2|    8|         16|
    |ap_phi_mux_data_13_V_read39_rewind_phi_fu_460_p6   |   9|          2|    8|         16|
    |ap_phi_mux_data_14_V_read40_phi_phi_fu_656_p4      |   9|          2|    8|         16|
    |ap_phi_mux_data_14_V_read40_rewind_phi_fu_474_p6   |   9|          2|    8|         16|
    |ap_phi_mux_data_1_V_read27_phi_phi_fu_500_p4       |   9|          2|    8|         16|
    |ap_phi_mux_data_1_V_read27_rewind_phi_fu_292_p6    |   9|          2|    8|         16|
    |ap_phi_mux_data_2_V_read28_phi_phi_fu_512_p4       |   9|          2|    8|         16|
    |ap_phi_mux_data_2_V_read28_rewind_phi_fu_306_p6    |   9|          2|    8|         16|
    |ap_phi_mux_data_3_V_read29_phi_phi_fu_524_p4       |   9|          2|    8|         16|
    |ap_phi_mux_data_3_V_read29_rewind_phi_fu_320_p6    |   9|          2|    8|         16|
    |ap_phi_mux_data_4_V_read30_phi_phi_fu_536_p4       |   9|          2|    8|         16|
    |ap_phi_mux_data_4_V_read30_rewind_phi_fu_334_p6    |   9|          2|    8|         16|
    |ap_phi_mux_data_5_V_read31_phi_phi_fu_548_p4       |   9|          2|    8|         16|
    |ap_phi_mux_data_5_V_read31_rewind_phi_fu_348_p6    |   9|          2|    8|         16|
    |ap_phi_mux_data_6_V_read32_phi_phi_fu_560_p4       |   9|          2|    8|         16|
    |ap_phi_mux_data_6_V_read32_rewind_phi_fu_362_p6    |   9|          2|    8|         16|
    |ap_phi_mux_data_7_V_read33_phi_phi_fu_572_p4       |   9|          2|    8|         16|
    |ap_phi_mux_data_7_V_read33_rewind_phi_fu_376_p6    |   9|          2|    8|         16|
    |ap_phi_mux_data_8_V_read34_phi_phi_fu_584_p4       |   9|          2|    8|         16|
    |ap_phi_mux_data_8_V_read34_rewind_phi_fu_390_p6    |   9|          2|    8|         16|
    |ap_phi_mux_data_9_V_read35_phi_phi_fu_596_p4       |   9|          2|    8|         16|
    |ap_phi_mux_data_9_V_read35_rewind_phi_fu_404_p6    |   9|          2|    8|         16|
    |ap_phi_mux_do_init_phi_fu_247_p6                   |  15|          3|    1|          3|
    |ap_phi_mux_w_index25_phi_fu_263_p6                 |  15|          3|    4|         12|
    |ap_phi_reg_pp0_iter1_data_0_V_read26_phi_reg_484   |   9|          2|    8|         16|
    |ap_phi_reg_pp0_iter1_data_10_V_read36_phi_reg_604  |   9|          2|    8|         16|
    |ap_phi_reg_pp0_iter1_data_11_V_read37_phi_reg_616  |   9|          2|    8|         16|
    |ap_phi_reg_pp0_iter1_data_12_V_read38_phi_reg_628  |   9|          2|    8|         16|
    |ap_phi_reg_pp0_iter1_data_13_V_read39_phi_reg_640  |   9|          2|    8|         16|
    |ap_phi_reg_pp0_iter1_data_14_V_read40_phi_reg_652  |   9|          2|    8|         16|
    |ap_phi_reg_pp0_iter1_data_1_V_read27_phi_reg_496   |   9|          2|    8|         16|
    |ap_phi_reg_pp0_iter1_data_2_V_read28_phi_reg_508   |   9|          2|    8|         16|
    |ap_phi_reg_pp0_iter1_data_3_V_read29_phi_reg_520   |   9|          2|    8|         16|
    |ap_phi_reg_pp0_iter1_data_4_V_read30_phi_reg_532   |   9|          2|    8|         16|
    |ap_phi_reg_pp0_iter1_data_5_V_read31_phi_reg_544   |   9|          2|    8|         16|
    |ap_phi_reg_pp0_iter1_data_6_V_read32_phi_reg_556   |   9|          2|    8|         16|
    |ap_phi_reg_pp0_iter1_data_7_V_read33_phi_reg_568   |   9|          2|    8|         16|
    |ap_phi_reg_pp0_iter1_data_8_V_read34_phi_reg_580   |   9|          2|    8|         16|
    |ap_phi_reg_pp0_iter1_data_9_V_read35_phi_reg_592   |   9|          2|    8|         16|
    |ap_return_0                                        |   9|          2|    8|         16|
    |ap_return_1                                        |   9|          2|    8|         16|
    |ap_return_2                                        |   9|          2|    8|         16|
    |ap_return_3                                        |   9|          2|    8|         16|
    |ap_return_4                                        |   9|          2|    8|         16|
    |ap_return_5                                        |   9|          2|    8|         16|
    |ap_return_6                                        |   9|          2|    8|         16|
    |ap_return_7                                        |   9|          2|    8|         16|
    |ap_return_8                                        |   9|          2|    8|         16|
    |ap_return_9                                        |   9|          2|    8|         16|
    |data_0_V_read26_phi_reg_484                        |   9|          2|    8|         16|
    |data_10_V_read36_phi_reg_604                       |   9|          2|    8|         16|
    |data_11_V_read37_phi_reg_616                       |   9|          2|    8|         16|
    |data_12_V_read38_phi_reg_628                       |   9|          2|    8|         16|
    |data_13_V_read39_phi_reg_640                       |   9|          2|    8|         16|
    |data_14_V_read40_phi_reg_652                       |   9|          2|    8|         16|
    |data_1_V_read27_phi_reg_496                        |   9|          2|    8|         16|
    |data_2_V_read28_phi_reg_508                        |   9|          2|    8|         16|
    |data_3_V_read29_phi_reg_520                        |   9|          2|    8|         16|
    |data_4_V_read30_phi_reg_532                        |   9|          2|    8|         16|
    |data_5_V_read31_phi_reg_544                        |   9|          2|    8|         16|
    |data_6_V_read32_phi_reg_556                        |   9|          2|    8|         16|
    |data_7_V_read33_phi_reg_568                        |   9|          2|    8|         16|
    |data_8_V_read34_phi_reg_580                        |   9|          2|    8|         16|
    |data_9_V_read35_phi_reg_592                        |   9|          2|    8|         16|
    |w_index25_reg_259                                  |   9|          2|    4|          8|
    +---------------------------------------------------+----+-----------+-----+-----------+
    |Total                                              | 792|        175|  732|       1470|
    +---------------------------------------------------+----+-----------+-----+-----------+

    * Register: 
    +---------------------------------------------------+----+----+-----+-----------+
    |                        Name                       | FF | LUT| Bits| Const Bits|
    +---------------------------------------------------+----+----+-----+-----------+
    |acc_V_0_05_reg_790                                 |  16|   0|   16|          0|
    |acc_V_1_06_reg_776                                 |  16|   0|   16|          0|
    |acc_V_2_07_reg_762                                 |  16|   0|   16|          0|
    |acc_V_3_08_reg_748                                 |  16|   0|   16|          0|
    |acc_V_4_09_reg_734                                 |  16|   0|   16|          0|
    |acc_V_5_010_reg_720                                |  16|   0|   16|          0|
    |acc_V_6_011_reg_706                                |  16|   0|   16|          0|
    |acc_V_7_012_reg_692                                |  16|   0|   16|          0|
    |acc_V_8_013_reg_678                                |  16|   0|   16|          0|
    |acc_V_9_014_reg_664                                |  16|   0|   16|          0|
    |ap_CS_fsm                                          |   2|   0|    2|          0|
    |ap_enable_reg_pp0_iter1                            |   1|   0|    1|          0|
    |ap_enable_reg_pp0_iter2                            |   1|   0|    1|          0|
    |ap_phi_reg_pp0_iter1_data_0_V_read26_phi_reg_484   |   8|   0|    8|          0|
    |ap_phi_reg_pp0_iter1_data_10_V_read36_phi_reg_604  |   8|   0|    8|          0|
    |ap_phi_reg_pp0_iter1_data_11_V_read37_phi_reg_616  |   8|   0|    8|          0|
    |ap_phi_reg_pp0_iter1_data_12_V_read38_phi_reg_628  |   8|   0|    8|          0|
    |ap_phi_reg_pp0_iter1_data_13_V_read39_phi_reg_640  |   8|   0|    8|          0|
    |ap_phi_reg_pp0_iter1_data_14_V_read40_phi_reg_652  |   8|   0|    8|          0|
    |ap_phi_reg_pp0_iter1_data_1_V_read27_phi_reg_496   |   8|   0|    8|          0|
    |ap_phi_reg_pp0_iter1_data_2_V_read28_phi_reg_508   |   8|   0|    8|          0|
    |ap_phi_reg_pp0_iter1_data_3_V_read29_phi_reg_520   |   8|   0|    8|          0|
    |ap_phi_reg_pp0_iter1_data_4_V_read30_phi_reg_532   |   8|   0|    8|          0|
    |ap_phi_reg_pp0_iter1_data_5_V_read31_phi_reg_544   |   8|   0|    8|          0|
    |ap_phi_reg_pp0_iter1_data_6_V_read32_phi_reg_556   |   8|   0|    8|          0|
    |ap_phi_reg_pp0_iter1_data_7_V_read33_phi_reg_568   |   8|   0|    8|          0|
    |ap_phi_reg_pp0_iter1_data_8_V_read34_phi_reg_580   |   8|   0|    8|          0|
    |ap_phi_reg_pp0_iter1_data_9_V_read35_phi_reg_592   |   8|   0|    8|          0|
    |ap_return_0_preg                                   |   8|   0|    8|          0|
    |ap_return_1_preg                                   |   8|   0|    8|          0|
    |ap_return_2_preg                                   |   8|   0|    8|          0|
    |ap_return_3_preg                                   |   8|   0|    8|          0|
    |ap_return_4_preg                                   |   8|   0|    8|          0|
    |ap_return_5_preg                                   |   8|   0|    8|          0|
    |ap_return_6_preg                                   |   8|   0|    8|          0|
    |ap_return_7_preg                                   |   8|   0|    8|          0|
    |ap_return_8_preg                                   |   8|   0|    8|          0|
    |ap_return_9_preg                                   |   8|   0|    8|          0|
    |data_0_V_read26_phi_reg_484                        |   8|   0|    8|          0|
    |data_0_V_read26_rewind_reg_274                     |   8|   0|    8|          0|
    |data_10_V_read36_phi_reg_604                       |   8|   0|    8|          0|
    |data_10_V_read36_rewind_reg_414                    |   8|   0|    8|          0|
    |data_11_V_read37_phi_reg_616                       |   8|   0|    8|          0|
    |data_11_V_read37_rewind_reg_428                    |   8|   0|    8|          0|
    |data_12_V_read38_phi_reg_628                       |   8|   0|    8|          0|
    |data_12_V_read38_rewind_reg_442                    |   8|   0|    8|          0|
    |data_13_V_read39_phi_reg_640                       |   8|   0|    8|          0|
    |data_13_V_read39_rewind_reg_456                    |   8|   0|    8|          0|
    |data_14_V_read40_phi_reg_652                       |   8|   0|    8|          0|
    |data_14_V_read40_rewind_reg_470                    |   8|   0|    8|          0|
    |data_1_V_read27_phi_reg_496                        |   8|   0|    8|          0|
    |data_1_V_read27_rewind_reg_288                     |   8|   0|    8|          0|
    |data_2_V_read28_phi_reg_508                        |   8|   0|    8|          0|
    |data_2_V_read28_rewind_reg_302                     |   8|   0|    8|          0|
    |data_3_V_read29_phi_reg_520                        |   8|   0|    8|          0|
    |data_3_V_read29_rewind_reg_316                     |   8|   0|    8|          0|
    |data_4_V_read30_phi_reg_532                        |   8|   0|    8|          0|
    |data_4_V_read30_rewind_reg_330                     |   8|   0|    8|          0|
    |data_5_V_read31_phi_reg_544                        |   8|   0|    8|          0|
    |data_5_V_read31_rewind_reg_344                     |   8|   0|    8|          0|
    |data_6_V_read32_phi_reg_556                        |   8|   0|    8|          0|
    |data_6_V_read32_rewind_reg_358                     |   8|   0|    8|          0|
    |data_7_V_read33_phi_reg_568                        |   8|   0|    8|          0|
    |data_7_V_read33_rewind_reg_372                     |   8|   0|    8|          0|
    |data_8_V_read34_phi_reg_580                        |   8|   0|    8|          0|
    |data_8_V_read34_rewind_reg_386                     |   8|   0|    8|          0|
    |data_9_V_read35_phi_reg_592                        |   8|   0|    8|          0|
    |data_9_V_read35_rewind_reg_400                     |   8|   0|    8|          0|
    |do_init_reg_243                                    |   1|   0|    1|          0|
    |icmp_ln46_reg_1696                                 |   1|   0|    1|          0|
    |icmp_ln46_reg_1696_pp0_iter1_reg                   |   1|   0|    1|          0|
    |tmp_10_reg_1731                                    |   8|   0|    8|          0|
    |tmp_11_reg_1736                                    |   8|   0|    8|          0|
    |tmp_12_reg_1741                                    |   8|   0|    8|          0|
    |tmp_13_reg_1746                                    |   8|   0|    8|          0|
    |tmp_14_reg_1700                                    |   8|   0|    8|          0|
    |tmp_15_reg_1751                                    |   6|   0|    6|          0|
    |tmp_6_reg_1711                                     |   8|   0|    8|          0|
    |tmp_7_reg_1716                                     |   8|   0|    8|          0|
    |tmp_8_reg_1721                                     |   8|   0|    8|          0|
    |tmp_9_reg_1726                                     |   8|   0|    8|          0|
    |trunc_ln59_reg_1706                                |   8|   0|    8|          0|
    |w_index25_reg_259                                  |   4|   0|    4|          0|
    |w_index_reg_1691                                   |   4|   0|    4|          0|
    +---------------------------------------------------+----+----+-----+-----------+
    |Total                                              | 701|   0|  701|          0|
    +---------------------------------------------------+----+----+-----+-----------+



================================================================
== Interface
================================================================
* Summary: 
+----------------+-----+-----+------------+----------------------------------------------------------------------------+--------------+
|    RTL Ports   | Dir | Bits|  Protocol  |                                Source Object                               |    C Type    |
+----------------+-----+-----+------------+----------------------------------------------------------------------------+--------------+
|ap_clk          |  in |    1| ap_ctrl_hs | dense_wrapper<ap_ufixed<8, 2, 5, 3, 0>, ap_fixed<8, 2, 5, 3, 0>, config18> | return value |
|ap_rst          |  in |    1| ap_ctrl_hs | dense_wrapper<ap_ufixed<8, 2, 5, 3, 0>, ap_fixed<8, 2, 5, 3, 0>, config18> | return value |
|ap_start        |  in |    1| ap_ctrl_hs | dense_wrapper<ap_ufixed<8, 2, 5, 3, 0>, ap_fixed<8, 2, 5, 3, 0>, config18> | return value |
|ap_done         | out |    1| ap_ctrl_hs | dense_wrapper<ap_ufixed<8, 2, 5, 3, 0>, ap_fixed<8, 2, 5, 3, 0>, config18> | return value |
|ap_idle         | out |    1| ap_ctrl_hs | dense_wrapper<ap_ufixed<8, 2, 5, 3, 0>, ap_fixed<8, 2, 5, 3, 0>, config18> | return value |
|ap_ready        | out |    1| ap_ctrl_hs | dense_wrapper<ap_ufixed<8, 2, 5, 3, 0>, ap_fixed<8, 2, 5, 3, 0>, config18> | return value |
|ap_return_0     | out |    8| ap_ctrl_hs | dense_wrapper<ap_ufixed<8, 2, 5, 3, 0>, ap_fixed<8, 2, 5, 3, 0>, config18> | return value |
|ap_return_1     | out |    8| ap_ctrl_hs | dense_wrapper<ap_ufixed<8, 2, 5, 3, 0>, ap_fixed<8, 2, 5, 3, 0>, config18> | return value |
|ap_return_2     | out |    8| ap_ctrl_hs | dense_wrapper<ap_ufixed<8, 2, 5, 3, 0>, ap_fixed<8, 2, 5, 3, 0>, config18> | return value |
|ap_return_3     | out |    8| ap_ctrl_hs | dense_wrapper<ap_ufixed<8, 2, 5, 3, 0>, ap_fixed<8, 2, 5, 3, 0>, config18> | return value |
|ap_return_4     | out |    8| ap_ctrl_hs | dense_wrapper<ap_ufixed<8, 2, 5, 3, 0>, ap_fixed<8, 2, 5, 3, 0>, config18> | return value |
|ap_return_5     | out |    8| ap_ctrl_hs | dense_wrapper<ap_ufixed<8, 2, 5, 3, 0>, ap_fixed<8, 2, 5, 3, 0>, config18> | return value |
|ap_return_6     | out |    8| ap_ctrl_hs | dense_wrapper<ap_ufixed<8, 2, 5, 3, 0>, ap_fixed<8, 2, 5, 3, 0>, config18> | return value |
|ap_return_7     | out |    8| ap_ctrl_hs | dense_wrapper<ap_ufixed<8, 2, 5, 3, 0>, ap_fixed<8, 2, 5, 3, 0>, config18> | return value |
|ap_return_8     | out |    8| ap_ctrl_hs | dense_wrapper<ap_ufixed<8, 2, 5, 3, 0>, ap_fixed<8, 2, 5, 3, 0>, config18> | return value |
|ap_return_9     | out |    8| ap_ctrl_hs | dense_wrapper<ap_ufixed<8, 2, 5, 3, 0>, ap_fixed<8, 2, 5, 3, 0>, config18> | return value |
|data_0_V_read   |  in |    8|   ap_none  |                                data_0_V_read                               |    scalar    |
|data_1_V_read   |  in |    8|   ap_none  |                                data_1_V_read                               |    scalar    |
|data_2_V_read   |  in |    8|   ap_none  |                                data_2_V_read                               |    scalar    |
|data_3_V_read   |  in |    8|   ap_none  |                                data_3_V_read                               |    scalar    |
|data_4_V_read   |  in |    8|   ap_none  |                                data_4_V_read                               |    scalar    |
|data_5_V_read   |  in |    8|   ap_none  |                                data_5_V_read                               |    scalar    |
|data_6_V_read   |  in |    8|   ap_none  |                                data_6_V_read                               |    scalar    |
|data_7_V_read   |  in |    8|   ap_none  |                                data_7_V_read                               |    scalar    |
|data_8_V_read   |  in |    8|   ap_none  |                                data_8_V_read                               |    scalar    |
|data_9_V_read   |  in |    8|   ap_none  |                                data_9_V_read                               |    scalar    |
|data_10_V_read  |  in |    8|   ap_none  |                               data_10_V_read                               |    scalar    |
|data_11_V_read  |  in |    8|   ap_none  |                               data_11_V_read                               |    scalar    |
|data_12_V_read  |  in |    8|   ap_none  |                               data_12_V_read                               |    scalar    |
|data_13_V_read  |  in |    8|   ap_none  |                               data_13_V_read                               |    scalar    |
|data_14_V_read  |  in |    8|   ap_none  |                               data_14_V_read                               |    scalar    |
+----------------+-----+-----+------------+----------------------------------------------------------------------------+--------------+

