

================================================================
== Vivado HLS Report for 'dense_wrapper_ap_ufixed_8_2_5_3_0_ap_fixed_8_3_5_3_0_config18_s'
================================================================
* Date:           Tue Sep 22 06:03:01 2026

* Version:        2019.1 (Build 2552052 on Fri May 24 15:28:33 MDT 2019)
* Project:        myproject_prj
* Solution:       solution1
* Product family: kintexu
* Target device:  xcku035-fbva676-2-e


================================================================
== Performance Estimates
================================================================
+ Timing (ns): 
    * Summary: 
    +--------+-------+----------+------------+
    |  Clock | Target| Estimated| Uncertainty|
    +--------+-------+----------+------------+
    |ap_clk  |   5.00|     3.859|        0.62|
    +--------+-------+----------+------------+

+ Latency (clock cycles): 
    * Summary: 
    +-----+-----+-----+-----+---------------------------------------------+
    |  Latency  |  Interval |                   Pipeline                  |
    | min | max | min | max |                     Type                    |
    +-----+-----+-----+-----+---------------------------------------------+
    |   16|   17|   15|   15| loop rewind(delay=0 initiation interval(s)) |
    +-----+-----+-----+-----+---------------------------------------------+

    + Detail: 
        * Instance: 
        N/A

        * Loop: 
        +-------------+-----+-----+----------+-----------+-----------+------+----------+
        |             |  Latency  | Iteration|  Initiation Interval  | Trip |          |
        |  Loop Name  | min | max |  Latency |  achieved |   target  | Count| Pipelined|
        +-------------+-----+-----+----------+-----------+-----------+------+----------+
        |- ReuseLoop  |   16|   16|         3|          1|          1|    15|    yes   |
        +-------------+-----+-----+----------+-----------+-----------+------+----------+



================================================================
== Utilization Estimates
================================================================
* Summary: 
+-----------------+---------+-------+--------+--------+-----+
|       Name      | BRAM_18K| DSP48E|   FF   |   LUT  | URAM|
+-----------------+---------+-------+--------+--------+-----+
|DSP              |        -|      -|       -|       -|    -|
|Expression       |        -|      0|       0|     859|    -|
|FIFO             |        -|      -|       -|       -|    -|
|Instance         |        -|      -|       0|      53|    -|
|Memory           |        3|      -|       0|       0|    -|
|Multiplexer      |        -|      -|       -|     792|    -|
|Register         |        -|      -|     701|       -|    -|
+-----------------+---------+-------+--------+--------+-----+
|Total            |        3|      0|     701|    1704|    0|
+-----------------+---------+-------+--------+--------+-----+
|Available        |     1080|   1700|  406256|  203128|    0|
+-----------------+---------+-------+--------+--------+-----+
|Utilization (%)  |    ~0   |      0|   ~0   |   ~0   |    0|
+-----------------+---------+-------+--------+--------+-----+

+ Detail: 
    * Instance: 
    +------------------------------+-------------------------+---------+-------+---+----+-----+
    |           Instance           |          Module         | BRAM_18K| DSP48E| FF| LUT| URAM|
    +------------------------------+-------------------------+---------+-------+---+----+-----+
    |myproject_mux_154_8_1_1_U775  |myproject_mux_154_8_1_1  |        0|      0|  0|  53|    0|
    +------------------------------+-------------------------+---------+-------+---+----+-----+
    |Total                         |                         |        0|      0|  0|  53|    0|
    +------------------------------+-------------------------+---------+-------+---+----+-----+

    * DSP48E: 
    N/A

    * Memory: 
    +---------+-----------------------------------------------------------------------+---------+---+----+-----+------+-----+------+-------------+
    |  Memory |                                 Module                                | BRAM_18K| FF| LUT| URAM| Words| Bits| Banks| W*Bits*Banks|
    +---------+-----------------------------------------------------------------------+---------+---+----+-----+------+-----+------+-------------+
    |w18_V_U  |dense_wrapper_ap_ufixed_8_2_5_3_0_ap_fixed_8_3_5_3_0_config18_s_w18_V  |        3|  0|   0|    0|    15|   78|     1|         1170|
    +---------+-----------------------------------------------------------------------+---------+---+----+-----+------+-----+------+-------------+
    |Total    |                                                                       |        3|  0|   0|    0|    15|   78|     1|         1170|
    +---------+-----------------------------------------------------------------------+---------+---+----+-----+------+-----+------+-------------+

    * FIFO: 
    N/A

    * Expression: 
    +--------------------------+----------+-------+---+----+------------+------------+
    |       Variable Name      | Operation| DSP48E| FF| LUT| Bitwidth P0| Bitwidth P1|
    +--------------------------+----------+-------+---+----+------------+------------+
    |mul_ln1118_10_fu_1255_p2  |     *    |      0|  0|  40|           8|           8|
    |mul_ln1118_11_fu_1304_p2  |     *    |      0|  0|  40|           8|           8|
    |mul_ln1118_12_fu_1353_p2  |     *    |      0|  0|  40|           8|           8|
    |mul_ln1118_13_fu_1405_p2  |     *    |      0|  0|  40|           6|           8|
    |mul_ln1118_5_fu_1010_p2   |     *    |      0|  0|  40|           8|           8|
    |mul_ln1118_6_fu_1059_p2   |     *    |      0|  0|  40|           8|           8|
    |mul_ln1118_7_fu_1108_p2   |     *    |      0|  0|  40|           8|           8|
    |mul_ln1118_8_fu_1157_p2   |     *    |      0|  0|  40|           8|           8|
    |mul_ln1118_9_fu_1206_p2   |     *    |      0|  0|  40|           8|           8|
    |mul_ln1118_fu_961_p2      |     *    |      0|  0|  40|           8|           8|
    |acc_0_V_fu_995_p2         |     +    |      0|  0|  23|          16|          16|
    |acc_1_V_fu_1044_p2        |     +    |      0|  0|  23|          16|          16|
    |acc_2_V_fu_1093_p2        |     +    |      0|  0|  23|          16|          16|
    |acc_3_V_fu_1142_p2        |     +    |      0|  0|  23|          16|          16|
    |acc_4_V_fu_1191_p2        |     +    |      0|  0|  23|          16|          16|
    |acc_5_V_fu_1240_p2        |     +    |      0|  0|  23|          16|          16|
    |acc_6_V_fu_1289_p2        |     +    |      0|  0|  23|          16|          16|
    |acc_7_V_fu_1338_p2        |     +    |      0|  0|  23|          16|          16|
    |acc_8_V_fu_1387_p2        |     +    |      0|  0|  23|          16|          16|
    |acc_9_V_fu_1429_p2        |     +    |      0|  0|  23|          16|          16|
    |add_ln703_10_fu_1197_p2   |     +    |      0|  0|  20|          13|          13|
    |add_ln703_11_fu_1246_p2   |     +    |      0|  0|  20|          13|          13|
    |add_ln703_12_fu_1295_p2   |     +    |      0|  0|  20|          13|          13|
    |add_ln703_13_fu_1344_p2   |     +    |      0|  0|  20|          13|          13|
    |add_ln703_14_fu_1393_p2   |     +    |      0|  0|  20|          13|          13|
    |add_ln703_15_fu_1435_p2   |     +    |      0|  0|  20|          13|          13|
    |add_ln703_6_fu_1001_p2    |     +    |      0|  0|  20|          13|          13|
    |add_ln703_7_fu_1050_p2    |     +    |      0|  0|  20|          13|          13|
    |add_ln703_8_fu_1099_p2    |     +    |      0|  0|  20|          13|          13|
    |add_ln703_9_fu_1148_p2    |     +    |      0|  0|  20|          13|          13|
    |w_index_fu_813_p2         |     +    |      0|  0|  12|           1|           4|
    |ap_condition_256          |    and   |      0|  0|   2|           1|           1|
    |ap_condition_262          |    and   |      0|  0|   2|           1|           1|
    |ap_condition_40           |    and   |      0|  0|   2|           1|           1|
    |icmp_ln46_fu_819_p2       |   icmp   |      0|  0|   9|           4|           3|
    |ap_enable_pp0             |    xor   |      0|  0|   2|           1|           2|
    +--------------------------+----------+-------+---+----+------------+------------+
    |Total                     |          |      0|  0| 859|         377|         382|
    +--------------------------+----------+-------+---+----+------------+------------+

    * Multiplexer: 
    +---------------------------------------------------+----+-----------+-----+-----------+
    |                        Name                       | LUT| Input Size| Bits| Total Bits|
    +---------------------------------------------------+----+-----------+-----+-----------+
    |acc_V_0_05_reg_794                                 |   9|          2|   16|         32|
    |acc_V_1_06_reg_780                                 |   9|          2|   16|         32|
    |acc_V_2_07_reg_766                                 |   9|          2|   16|         32|
    |acc_V_3_08_reg_752                                 |   9|          2|   16|         32|
    |acc_V_4_09_reg_738                                 |   9|          2|   16|         32|
    |acc_V_5_010_reg_724                                |   9|          2|   16|         32|
    |acc_V_6_011_reg_710                                |   9|          2|   16|         32|
    |acc_V_7_012_reg_696                                |   9|          2|   16|         32|
    |acc_V_8_013_reg_682                                |   9|          2|   16|         32|
    |acc_V_9_014_reg_668                                |   9|          2|   16|         32|
    |ap_NS_fsm                                          |  15|          3|    1|          3|
    |ap_enable_reg_pp0_iter1                            |   9|          2|    1|          2|
    |ap_enable_reg_pp0_iter2                            |   9|          2|    1|          2|
    |ap_phi_mux_data_0_V_read26_phi_phi_fu_492_p4       |   9|          2|    8|         16|
    |ap_phi_mux_data_0_V_read26_rewind_phi_fu_282_p6    |   9|          2|    8|         16|
    |ap_phi_mux_data_10_V_read36_phi_phi_fu_612_p4      |   9|          2|    8|         16|
    |ap_phi_mux_data_10_V_read36_rewind_phi_fu_422_p6   |   9|          2|    8|         16|
    |ap_phi_mux_data_11_V_read37_phi_phi_fu_624_p4      |   9|          2|    8|         16|
    |ap_phi_mux_data_11_V_read37_rewind_phi_fu_436_p6   |   9|          2|    8|         16|
    |ap_phi_mux_data_12_V_read38_phi_phi_fu_636_p4      |   9|          2|    8|         16|
    |ap_phi_mux_data_12_V_read38_rewind_phi_fu_450_p6   |   9|          2|    8|         16|
    |ap_phi_mux_data_13_V_read39_phi_phi_fu_648_p4      |   9|          2|    8|         16|
    |ap_phi_mux_data_13_V_read39_rewind_phi_fu_464_p6   |   9|          2|    8|         16|
    |ap_phi_mux_data_14_V_read40_phi_phi_fu_660_p4      |   9|          2|    8|         16|
    |ap_phi_mux_data_14_V_read40_rewind_phi_fu_478_p6   |   9|          2|    8|         16|
    |ap_phi_mux_data_1_V_read27_phi_phi_fu_504_p4       |   9|          2|    8|         16|
    |ap_phi_mux_data_1_V_read27_rewind_phi_fu_296_p6    |   9|          2|    8|         16|
    |ap_phi_mux_data_2_V_read28_phi_phi_fu_516_p4       |   9|          2|    8|         16|
    |ap_phi_mux_data_2_V_read28_rewind_phi_fu_310_p6    |   9|          2|    8|         16|
    |ap_phi_mux_data_3_V_read29_phi_phi_fu_528_p4       |   9|          2|    8|         16|
    |ap_phi_mux_data_3_V_read29_rewind_phi_fu_324_p6    |   9|          2|    8|         16|
    |ap_phi_mux_data_4_V_read30_phi_phi_fu_540_p4       |   9|          2|    8|         16|
    |ap_phi_mux_data_4_V_read30_rewind_phi_fu_338_p6    |   9|          2|    8|         16|
    |ap_phi_mux_data_5_V_read31_phi_phi_fu_552_p4       |   9|          2|    8|         16|
    |ap_phi_mux_data_5_V_read31_rewind_phi_fu_352_p6    |   9|          2|    8|         16|
    |ap_phi_mux_data_6_V_read32_phi_phi_fu_564_p4       |   9|          2|    8|         16|
    |ap_phi_mux_data_6_V_read32_rewind_phi_fu_366_p6    |   9|          2|    8|         16|
    |ap_phi_mux_data_7_V_read33_phi_phi_fu_576_p4       |   9|          2|    8|         16|
    |ap_phi_mux_data_7_V_read33_rewind_phi_fu_380_p6    |   9|          2|    8|         16|
    |ap_phi_mux_data_8_V_read34_phi_phi_fu_588_p4       |   9|          2|    8|         16|
    |ap_phi_mux_data_8_V_read34_rewind_phi_fu_394_p6    |   9|          2|    8|         16|
    |ap_phi_mux_data_9_V_read35_phi_phi_fu_600_p4       |   9|          2|    8|         16|
    |ap_phi_mux_data_9_V_read35_rewind_phi_fu_408_p6    |   9|          2|    8|         16|
    |ap_phi_mux_do_init_phi_fu_251_p6                   |  15|          3|    1|          3|
    |ap_phi_mux_w_index25_phi_fu_267_p6                 |  15|          3|    4|         12|
    |ap_phi_reg_pp0_iter1_data_0_V_read26_phi_reg_488   |   9|          2|    8|         16|
    |ap_phi_reg_pp0_iter1_data_10_V_read36_phi_reg_608  |   9|          2|    8|         16|
    |ap_phi_reg_pp0_iter1_data_11_V_read37_phi_reg_620  |   9|          2|    8|         16|
    |ap_phi_reg_pp0_iter1_data_12_V_read38_phi_reg_632  |   9|          2|    8|         16|
    |ap_phi_reg_pp0_iter1_data_13_V_read39_phi_reg_644  |   9|          2|    8|         16|
    |ap_phi_reg_pp0_iter1_data_14_V_read40_phi_reg_656  |   9|          2|    8|         16|
    |ap_phi_reg_pp0_iter1_data_1_V_read27_phi_reg_500   |   9|          2|    8|         16|
    |ap_phi_reg_pp0_iter1_data_2_V_read28_phi_reg_512   |   9|          2|    8|         16|
    |ap_phi_reg_pp0_iter1_data_3_V_read29_phi_reg_524   |   9|          2|    8|         16|
    |ap_phi_reg_pp0_iter1_data_4_V_read30_phi_reg_536   |   9|          2|    8|         16|
    |ap_phi_reg_pp0_iter1_data_5_V_read31_phi_reg_548   |   9|          2|    8|         16|
    |ap_phi_reg_pp0_iter1_data_6_V_read32_phi_reg_560   |   9|          2|    8|         16|
    |ap_phi_reg_pp0_iter1_data_7_V_read33_phi_reg_572   |   9|          2|    8|         16|
    |ap_phi_reg_pp0_iter1_data_8_V_read34_phi_reg_584   |   9|          2|    8|         16|
    |ap_phi_reg_pp0_iter1_data_9_V_read35_phi_reg_596   |   9|          2|    8|         16|
    |ap_return_0                                        |   9|          2|    8|         16|
    |ap_return_1                                        |   9|          2|    8|         16|
    |ap_return_2                                        |   9|          2|    8|         16|
    |ap_return_3                                        |   9|          2|    8|         16|
    |ap_return_4                                        |   9|          2|    8|         16|
    |ap_return_5                                        |   9|          2|    8|         16|
    |ap_return_6                                        |   9|          2|    8|         16|
    |ap_return_7                                        |   9|          2|    8|         16|
    |ap_return_8                                        |   9|          2|    8|         16|
    |ap_return_9                                        |   9|          2|    8|         16|
    |data_0_V_read26_phi_reg_488                        |   9|          2|    8|         16|
    |data_10_V_read36_phi_reg_608                       |   9|          2|    8|         16|
    |data_11_V_read37_phi_reg_620                       |   9|          2|    8|         16|
    |data_12_V_read38_phi_reg_632                       |   9|          2|    8|         16|
    |data_13_V_read39_phi_reg_644                       |   9|          2|    8|         16|
    |data_14_V_read40_phi_reg_656                       |   9|          2|    8|         16|
    |data_1_V_read27_phi_reg_500                        |   9|          2|    8|         16|
    |data_2_V_read28_phi_reg_512                        |   9|          2|    8|         16|
    |data_3_V_read29_phi_reg_524                        |   9|          2|    8|         16|
    |data_4_V_read30_phi_reg_536                        |   9|          2|    8|         16|
    |data_5_V_read31_phi_reg_548                        |   9|          2|    8|         16|
    |data_6_V_read32_phi_reg_560                        |   9|          2|    8|         16|
    |data_7_V_read33_phi_reg_572                        |   9|          2|    8|         16|
    |data_8_V_read34_phi_reg_584                        |   9|          2|    8|         16|
    |data_9_V_read35_phi_reg_596                        |   9|          2|    8|         16|
    |w_index25_reg_263                                  |   9|          2|    4|          8|
    +---------------------------------------------------+----+-----------+-----+-----------+
    |Total                                              | 792|        175|  732|       1470|
    +---------------------------------------------------+----+-----------+-----+-----------+

    * Register: 
    +---------------------------------------------------+----+----+-----+-----------+
    |                        Name                       | FF | LUT| Bits| Const Bits|
    +---------------------------------------------------+----+----+-----+-----------+
    |acc_V_0_05_reg_794                                 |  16|   0|   16|          0|
    |acc_V_1_06_reg_780                                 |  16|   0|   16|          0|
    |acc_V_2_07_reg_766                                 |  16|   0|   16|          0|
    |acc_V_3_08_reg_752                                 |  16|   0|   16|          0|
    |acc_V_4_09_reg_738                                 |  16|   0|   16|          0|
    |acc_V_5_010_reg_724                                |  16|   0|   16|          0|
    |acc_V_6_011_reg_710                                |  16|   0|   16|          0|
    |acc_V_7_012_reg_696                                |  16|   0|   16|          0|
    |acc_V_8_013_reg_682                                |  16|   0|   16|          0|
    |acc_V_9_014_reg_668                                |  16|   0|   16|          0|
    |ap_CS_fsm                                          |   2|   0|    2|          0|
    |ap_enable_reg_pp0_iter1                            |   1|   0|    1|          0|
    |ap_enable_reg_pp0_iter2                            |   1|   0|    1|          0|
    |ap_phi_reg_pp0_iter1_data_0_V_read26_phi_reg_488   |   8|   0|    8|          0|
    |ap_phi_reg_pp0_iter1_data_10_V_read36_phi_reg_608  |   8|   0|    8|          0|
    |ap_phi_reg_pp0_iter1_data_11_V_read37_phi_reg_620  |   8|   0|    8|          0|
    |ap_phi_reg_pp0_iter1_data_12_V_read38_phi_reg_632  |   8|   0|    8|          0|
    |ap_phi_reg_pp0_iter1_data_13_V_read39_phi_reg_644  |   8|   0|    8|          0|
    |ap_phi_reg_pp0_iter1_data_14_V_read40_phi_reg_656  |   8|   0|    8|          0|
    |ap_phi_reg_pp0_iter1_data_1_V_read27_phi_reg_500   |   8|   0|    8|          0|
    |ap_phi_reg_pp0_iter1_data_2_V_read28_phi_reg_512   |   8|   0|    8|          0|
    |ap_phi_reg_pp0_iter1_data_3_V_read29_phi_reg_524   |   8|   0|    8|          0|
    |ap_phi_reg_pp0_iter1_data_4_V_read30_phi_reg_536   |   8|   0|    8|          0|
    |ap_phi_reg_pp0_iter1_data_5_V_read31_phi_reg_548   |   8|   0|    8|          0|
    |ap_phi_reg_pp0_iter1_data_6_V_read32_phi_reg_560   |   8|   0|    8|          0|
    |ap_phi_reg_pp0_iter1_data_7_V_read33_phi_reg_572   |   8|   0|    8|          0|
    |ap_phi_reg_pp0_iter1_data_8_V_read34_phi_reg_584   |   8|   0|    8|          0|
    |ap_phi_reg_pp0_iter1_data_9_V_read35_phi_reg_596   |   8|   0|    8|          0|
    |ap_return_0_preg                                   |   8|   0|    8|          0|
    |ap_return_1_preg                                   |   8|   0|    8|          0|
    |ap_return_2_preg                                   |   8|   0|    8|          0|
    |ap_return_3_preg                                   |   8|   0|    8|          0|
    |ap_return_4_preg                                   |   8|   0|    8|          0|
    |ap_return_5_preg                                   |   8|   0|    8|          0|
    |ap_return_6_preg                                   |   8|   0|    8|          0|
    |ap_return_7_preg                                   |   8|   0|    8|          0|
    |ap_return_8_preg                                   |   8|   0|    8|          0|
    |ap_return_9_preg                                   |   8|   0|    8|          0|
    |data_0_V_read26_phi_reg_488                        |   8|   0|    8|          0|
    |data_0_V_read26_rewind_reg_278                     |   8|   0|    8|          0|
    |data_10_V_read36_phi_reg_608                       |   8|   0|    8|          0|
    |data_10_V_read36_rewind_reg_418                    |   8|   0|    8|          0|
    |data_11_V_read37_phi_reg_620                       |   8|   0|    8|          0|
    |data_11_V_read37_rewind_reg_432                    |   8|   0|    8|          0|
    |data_12_V_read38_phi_reg_632                       |   8|   0|    8|          0|
    |data_12_V_read38_rewind_reg_446                    |   8|   0|    8|          0|
    |data_13_V_read39_phi_reg_644                       |   8|   0|    8|          0|
    |data_13_V_read39_rewind_reg_460                    |   8|   0|    8|          0|
    |data_14_V_read40_phi_reg_656                       |   8|   0|    8|          0|
    |data_14_V_read40_rewind_reg_474                    |   8|   0|    8|          0|
    |data_1_V_read27_phi_reg_500                        |   8|   0|    8|          0|
    |data_1_V_read27_rewind_reg_292                     |   8|   0|    8|          0|
    |data_2_V_read28_phi_reg_512                        |   8|   0|    8|          0|
    |data_2_V_read28_rewind_reg_306                     |   8|   0|    8|          0|
    |data_3_V_read29_phi_reg_524                        |   8|   0|    8|          0|
    |data_3_V_read29_rewind_reg_320                     |   8|   0|    8|          0|
    |data_4_V_read30_phi_reg_536                        |   8|   0|    8|          0|
    |data_4_V_read30_rewind_reg_334                     |   8|   0|    8|          0|
    |data_5_V_read31_phi_reg_548                        |   8|   0|    8|          0|
    |data_5_V_read31_rewind_reg_348                     |   8|   0|    8|          0|
    |data_6_V_read32_phi_reg_560                        |   8|   0|    8|          0|
    |data_6_V_read32_rewind_reg_362                     |   8|   0|    8|          0|
    |data_7_V_read33_phi_reg_572                        |   8|   0|    8|          0|
    |data_7_V_read33_rewind_reg_376                     |   8|   0|    8|          0|
    |data_8_V_read34_phi_reg_584                        |   8|   0|    8|          0|
    |data_8_V_read34_rewind_reg_390                     |   8|   0|    8|          0|
    |data_9_V_read35_phi_reg_596                        |   8|   0|    8|          0|
    |data_9_V_read35_rewind_reg_404                     |   8|   0|    8|          0|
    |do_init_reg_247                                    |   1|   0|    1|          0|
    |icmp_ln46_reg_1690                                 |   1|   0|    1|          0|
    |icmp_ln46_reg_1690_pp0_iter1_reg                   |   1|   0|    1|          0|
    |tmp_10_reg_1725                                    |   8|   0|    8|          0|
    |tmp_11_reg_1730                                    |   8|   0|    8|          0|
    |tmp_12_reg_1735                                    |   8|   0|    8|          0|
    |tmp_13_reg_1740                                    |   8|   0|    8|          0|
    |tmp_14_reg_1694                                    |   8|   0|    8|          0|
    |tmp_15_reg_1745                                    |   6|   0|    6|          0|
    |tmp_6_reg_1705                                     |   8|   0|    8|          0|
    |tmp_7_reg_1710                                     |   8|   0|    8|          0|
    |tmp_8_reg_1715                                     |   8|   0|    8|          0|
    |tmp_9_reg_1720                                     |   8|   0|    8|          0|
    |trunc_ln59_reg_1700                                |   8|   0|    8|          0|
    |w_index25_reg_263                                  |   4|   0|    4|          0|
    |w_index_reg_1685                                   |   4|   0|    4|          0|
    +---------------------------------------------------+----+----+-----+-----------+
    |Total                                              | 701|   0|  701|          0|
    +---------------------------------------------------+----+----+-----+-----------+



================================================================
== Interface
================================================================
* Summary: 
+----------------+-----+-----+------------+----------------------------------------------------------------------------+--------------+
|    RTL Ports   | Dir | Bits|  Protocol  |                                Source Object                               |    C Type    |
+----------------+-----+-----+------------+----------------------------------------------------------------------------+--------------+
|ap_clk          |  in |    1| ap_ctrl_hs | dense_wrapper<ap_ufixed<8, 2, 5, 3, 0>, ap_fixed<8, 3, 5, 3, 0>, config18> | return value |
|ap_rst          |  in |    1| ap_ctrl_hs | dense_wrapper<ap_ufixed<8, 2, 5, 3, 0>, ap_fixed<8, 3, 5, 3, 0>, config18> | return value |
|ap_start        |  in |    1| ap_ctrl_hs | dense_wrapper<ap_ufixed<8, 2, 5, 3, 0>, ap_fixed<8, 3, 5, 3, 0>, config18> | return value |
|ap_done         | out |    1| ap_ctrl_hs | dense_wrapper<ap_ufixed<8, 2, 5, 3, 0>, ap_fixed<8, 3, 5, 3, 0>, config18> | return value |
|ap_idle         | out |    1| ap_ctrl_hs | dense_wrapper<ap_ufixed<8, 2, 5, 3, 0>, ap_fixed<8, 3, 5, 3, 0>, config18> | return value |
|ap_ready        | out |    1| ap_ctrl_hs | dense_wrapper<ap_ufixed<8, 2, 5, 3, 0>, ap_fixed<8, 3, 5, 3, 0>, config18> | return value |
|ap_return_0     | out |    8| ap_ctrl_hs | dense_wrapper<ap_ufixed<8, 2, 5, 3, 0>, ap_fixed<8, 3, 5, 3, 0>, config18> | return value |
|ap_return_1     | out |    8| ap_ctrl_hs | dense_wrapper<ap_ufixed<8, 2, 5, 3, 0>, ap_fixed<8, 3, 5, 3, 0>, config18> | return value |
|ap_return_2     | out |    8| ap_ctrl_hs | dense_wrapper<ap_ufixed<8, 2, 5, 3, 0>, ap_fixed<8, 3, 5, 3, 0>, config18> | return value |
|ap_return_3     | out |    8| ap_ctrl_hs | dense_wrapper<ap_ufixed<8, 2, 5, 3, 0>, ap_fixed<8, 3, 5, 3, 0>, config18> | return value |
|ap_return_4     | out |    8| ap_ctrl_hs | dense_wrapper<ap_ufixed<8, 2, 5, 3, 0>, ap_fixed<8, 3, 5, 3, 0>, config18> | return value |
|ap_return_5     | out |    8| ap_ctrl_hs | dense_wrapper<ap_ufixed<8, 2, 5, 3, 0>, ap_fixed<8, 3, 5, 3, 0>, config18> | return value |
|ap_return_6     | out |    8| ap_ctrl_hs | dense_wrapper<ap_ufixed<8, 2, 5, 3, 0>, ap_fixed<8, 3, 5, 3, 0>, config18> | return value |
|ap_return_7     | out |    8| ap_ctrl_hs | dense_wrapper<ap_ufixed<8, 2, 5, 3, 0>, ap_fixed<8, 3, 5, 3, 0>, config18> | return value |
|ap_return_8     | out |    8| ap_ctrl_hs | dense_wrapper<ap_ufixed<8, 2, 5, 3, 0>, ap_fixed<8, 3, 5, 3, 0>, config18> | return value |
|ap_return_9     | out |    8| ap_ctrl_hs | dense_wrapper<ap_ufixed<8, 2, 5, 3, 0>, ap_fixed<8, 3, 5, 3, 0>, config18> | return value |
|data_0_V_read   |  in |    8|   ap_none  |                                data_0_V_read                               |    scalar    |
|data_1_V_read   |  in |    8|   ap_none  |                                data_1_V_read                               |    scalar    |
|data_2_V_read   |  in |    8|   ap_none  |                                data_2_V_read                               |    scalar    |
|data_3_V_read   |  in |    8|   ap_none  |                                data_3_V_read                               |    scalar    |
|data_4_V_read   |  in |    8|   ap_none  |                                data_4_V_read                               |    scalar    |
|data_5_V_read   |  in |    8|   ap_none  |                                data_5_V_read                               |    scalar    |
|data_6_V_read   |  in |    8|   ap_none  |                                data_6_V_read                               |    scalar    |
|data_7_V_read   |  in |    8|   ap_none  |                                data_7_V_read                               |    scalar    |
|data_8_V_read   |  in |    8|   ap_none  |                                data_8_V_read                               |    scalar    |
|data_9_V_read   |  in |    8|   ap_none  |                                data_9_V_read                               |    scalar    |
|data_10_V_read  |  in |    8|   ap_none  |                               data_10_V_read                               |    scalar    |
|data_11_V_read  |  in |    8|   ap_none  |                               data_11_V_read                               |    scalar    |
|data_12_V_read  |  in |    8|   ap_none  |                               data_12_V_read                               |    scalar    |
|data_13_V_read  |  in |    8|   ap_none  |                               data_13_V_read                               |    scalar    |
|data_14_V_read  |  in |    8|   ap_none  |                               data_14_V_read                               |    scalar    |
+----------------+-----+-----+------------+----------------------------------------------------------------------------+--------------+

