

================================================================
== Vivado HLS Report for 'dense_resource_rf_leq_nin_0_0_0_0_0_0_0_0_0_0_0'
================================================================
* Date:           Mon Aug 10 20:48:45 2026

* Version:        2019.1 (Build 2552052 on Fri May 24 15:28:33 MDT 2019)
* Project:        myproject_prj
* Solution:       solution1
* Product family: kintexu
* Target device:  xcku035-fbva676-2-e


================================================================
== Performance Estimates
================================================================
+ Timing (ns): 
    * Summary: 
    +--------+-------+----------+------------+
    |  Clock | Target| Estimated| Uncertainty|
    +--------+-------+----------+------------+
    |ap_clk  |   5.00|     4.211|        0.62|
    +--------+-------+----------+------------+

+ Latency (clock cycles): 
    * Summary: 
    +-----+-----+-----+-----+---------------------------------------------+
    |  Latency  |  Interval |                   Pipeline                  |
    | min | max | min | max |                     Type                    |
    +-----+-----+-----+-----+---------------------------------------------+
    |    9|   10|    8|    8| loop rewind(delay=0 initiation interval(s)) |
    +-----+-----+-----+-----+---------------------------------------------+

    + Detail: 
        * Instance: 
        N/A

        * Loop: 
        +-------------+-----+-----+----------+-----------+-----------+------+----------+
        |             |  Latency  | Iteration|  Initiation Interval  | Trip |          |
        |  Loop Name  | min | max |  Latency |  achieved |   target  | Count| Pipelined|
        +-------------+-----+-----+----------+-----------+-----------+------+----------+
        |- ReuseLoop  |    9|    9|         3|          1|          1|     8|    yes   |
        +-------------+-----+-----+----------+-----------+-----------+------+----------+



================================================================
== Utilization Estimates
================================================================
* Summary: 
+-----------------+---------+-------+--------+--------+-----+
|       Name      | BRAM_18K| DSP48E|   FF   |   LUT  | URAM|
+-----------------+---------+-------+--------+--------+-----+
|DSP              |        -|      -|       -|       -|    -|
|Expression       |        -|      0|       0|    5136|    -|
|FIFO             |        -|      -|       -|       -|    -|
|Instance         |        -|      -|       0|    4770|    -|
|Memory           |       20|      -|       0|       0|    -|
|Multiplexer      |        -|      -|       -|    1980|    -|
|Register         |        -|      -|    2751|       -|    -|
+-----------------+---------+-------+--------+--------+-----+
|Total            |       20|      0|    2751|   11886|    0|
+-----------------+---------+-------+--------+--------+-----+
|Available        |     1080|   1700|  406256|  203128|    0|
+-----------------+---------+-------+--------+--------+-----+
|Utilization (%)  |        1|      0|   ~0   |       5|    0|
+-----------------+---------+-------+--------+--------+-----+

+ Detail: 
    * Instance: 
    +-------------------------------+--------------------------+---------+-------+---+----+-----+
    |            Instance           |          Module          | BRAM_18K| DSP48E| FF| LUT| URAM|
    +-------------------------------+--------------------------+---------+-------+---+----+-----+
    |myproject_mux_1287_8_1_1_U406  |myproject_mux_1287_8_1_1  |        0|      0|  0|  53|    0|
    |myproject_mux_1287_8_1_1_U407  |myproject_mux_1287_8_1_1  |        0|      0|  0|  53|    0|
    |myproject_mux_1287_8_1_1_U408  |myproject_mux_1287_8_1_1  |        0|      0|  0|  53|    0|
    |myproject_mux_1287_8_1_1_U409  |myproject_mux_1287_8_1_1  |        0|      0|  0|  53|    0|
    |myproject_mux_1287_8_1_1_U410  |myproject_mux_1287_8_1_1  |        0|      0|  0|  53|    0|
    |myproject_mux_1287_8_1_1_U411  |myproject_mux_1287_8_1_1  |        0|      0|  0|  53|    0|
    |myproject_mux_1287_8_1_1_U412  |myproject_mux_1287_8_1_1  |        0|      0|  0|  53|    0|
    |myproject_mux_1287_8_1_1_U413  |myproject_mux_1287_8_1_1  |        0|      0|  0|  53|    0|
    |myproject_mux_1287_8_1_1_U414  |myproject_mux_1287_8_1_1  |        0|      0|  0|  53|    0|
    |myproject_mux_1287_8_1_1_U415  |myproject_mux_1287_8_1_1  |        0|      0|  0|  53|    0|
    |myproject_mux_1287_8_1_1_U416  |myproject_mux_1287_8_1_1  |        0|      0|  0|  53|    0|
    |myproject_mux_1287_8_1_1_U417  |myproject_mux_1287_8_1_1  |        0|      0|  0|  53|    0|
    |myproject_mux_1287_8_1_1_U418  |myproject_mux_1287_8_1_1  |        0|      0|  0|  53|    0|
    |myproject_mux_1287_8_1_1_U419  |myproject_mux_1287_8_1_1  |        0|      0|  0|  53|    0|
    |myproject_mux_1287_8_1_1_U420  |myproject_mux_1287_8_1_1  |        0|      0|  0|  53|    0|
    |myproject_mux_1287_8_1_1_U421  |myproject_mux_1287_8_1_1  |        0|      0|  0|  53|    0|
    |myproject_mux_1287_8_1_1_U422  |myproject_mux_1287_8_1_1  |        0|      0|  0|  53|    0|
    |myproject_mux_1287_8_1_1_U423  |myproject_mux_1287_8_1_1  |        0|      0|  0|  53|    0|
    |myproject_mux_1287_8_1_1_U424  |myproject_mux_1287_8_1_1  |        0|      0|  0|  53|    0|
    |myproject_mux_1287_8_1_1_U425  |myproject_mux_1287_8_1_1  |        0|      0|  0|  53|    0|
    |myproject_mux_1287_8_1_1_U426  |myproject_mux_1287_8_1_1  |        0|      0|  0|  53|    0|
    |myproject_mux_1287_8_1_1_U427  |myproject_mux_1287_8_1_1  |        0|      0|  0|  53|    0|
    |myproject_mux_1287_8_1_1_U428  |myproject_mux_1287_8_1_1  |        0|      0|  0|  53|    0|
    |myproject_mux_1287_8_1_1_U429  |myproject_mux_1287_8_1_1  |        0|      0|  0|  53|    0|
    |myproject_mux_1287_8_1_1_U430  |myproject_mux_1287_8_1_1  |        0|      0|  0|  53|    0|
    |myproject_mux_1287_8_1_1_U431  |myproject_mux_1287_8_1_1  |        0|      0|  0|  53|    0|
    |myproject_mux_1287_8_1_1_U432  |myproject_mux_1287_8_1_1  |        0|      0|  0|  53|    0|
    |myproject_mux_1287_8_1_1_U433  |myproject_mux_1287_8_1_1  |        0|      0|  0|  53|    0|
    |myproject_mux_1287_8_1_1_U434  |myproject_mux_1287_8_1_1  |        0|      0|  0|  53|    0|
    |myproject_mux_1287_8_1_1_U435  |myproject_mux_1287_8_1_1  |        0|      0|  0|  53|    0|
    |myproject_mux_1287_8_1_1_U436  |myproject_mux_1287_8_1_1  |        0|      0|  0|  53|    0|
    |myproject_mux_1287_8_1_1_U437  |myproject_mux_1287_8_1_1  |        0|      0|  0|  53|    0|
    |myproject_mux_1287_8_1_1_U438  |myproject_mux_1287_8_1_1  |        0|      0|  0|  53|    0|
    |myproject_mux_1287_8_1_1_U439  |myproject_mux_1287_8_1_1  |        0|      0|  0|  53|    0|
    |myproject_mux_1287_8_1_1_U440  |myproject_mux_1287_8_1_1  |        0|      0|  0|  53|    0|
    |myproject_mux_1287_8_1_1_U441  |myproject_mux_1287_8_1_1  |        0|      0|  0|  53|    0|
    |myproject_mux_1287_8_1_1_U442  |myproject_mux_1287_8_1_1  |        0|      0|  0|  53|    0|
    |myproject_mux_1287_8_1_1_U443  |myproject_mux_1287_8_1_1  |        0|      0|  0|  53|    0|
    |myproject_mux_1287_8_1_1_U444  |myproject_mux_1287_8_1_1  |        0|      0|  0|  53|    0|
    |myproject_mux_1287_8_1_1_U445  |myproject_mux_1287_8_1_1  |        0|      0|  0|  53|    0|
    |myproject_mux_1287_8_1_1_U446  |myproject_mux_1287_8_1_1  |        0|      0|  0|  53|    0|
    |myproject_mux_1287_8_1_1_U447  |myproject_mux_1287_8_1_1  |        0|      0|  0|  53|    0|
    |myproject_mux_1287_8_1_1_U448  |myproject_mux_1287_8_1_1  |        0|      0|  0|  53|    0|
    |myproject_mux_1287_8_1_1_U449  |myproject_mux_1287_8_1_1  |        0|      0|  0|  53|    0|
    |myproject_mux_1287_8_1_1_U450  |myproject_mux_1287_8_1_1  |        0|      0|  0|  53|    0|
    |myproject_mux_1287_8_1_1_U451  |myproject_mux_1287_8_1_1  |        0|      0|  0|  53|    0|
    |myproject_mux_1287_8_1_1_U452  |myproject_mux_1287_8_1_1  |        0|      0|  0|  53|    0|
    |myproject_mux_1287_8_1_1_U453  |myproject_mux_1287_8_1_1  |        0|      0|  0|  53|    0|
    |myproject_mux_1287_8_1_1_U454  |myproject_mux_1287_8_1_1  |        0|      0|  0|  53|    0|
    |myproject_mux_1287_8_1_1_U455  |myproject_mux_1287_8_1_1  |        0|      0|  0|  53|    0|
    |myproject_mux_1287_8_1_1_U456  |myproject_mux_1287_8_1_1  |        0|      0|  0|  53|    0|
    |myproject_mux_1287_8_1_1_U457  |myproject_mux_1287_8_1_1  |        0|      0|  0|  53|    0|
    |myproject_mux_1287_8_1_1_U458  |myproject_mux_1287_8_1_1  |        0|      0|  0|  53|    0|
    |myproject_mux_1287_8_1_1_U459  |myproject_mux_1287_8_1_1  |        0|      0|  0|  53|    0|
    |myproject_mux_1287_8_1_1_U460  |myproject_mux_1287_8_1_1  |        0|      0|  0|  53|    0|
    |myproject_mux_1287_8_1_1_U461  |myproject_mux_1287_8_1_1  |        0|      0|  0|  53|    0|
    |myproject_mux_1287_8_1_1_U462  |myproject_mux_1287_8_1_1  |        0|      0|  0|  53|    0|
    |myproject_mux_1287_8_1_1_U463  |myproject_mux_1287_8_1_1  |        0|      0|  0|  53|    0|
    |myproject_mux_1287_8_1_1_U464  |myproject_mux_1287_8_1_1  |        0|      0|  0|  53|    0|
    |myproject_mux_1287_8_1_1_U465  |myproject_mux_1287_8_1_1  |        0|      0|  0|  53|    0|
    |myproject_mux_1287_8_1_1_U466  |myproject_mux_1287_8_1_1  |        0|      0|  0|  53|    0|
    |myproject_mux_1287_8_1_1_U467  |myproject_mux_1287_8_1_1  |        0|      0|  0|  53|    0|
    |myproject_mux_1287_8_1_1_U468  |myproject_mux_1287_8_1_1  |        0|      0|  0|  53|    0|
    |myproject_mux_1287_8_1_1_U469  |myproject_mux_1287_8_1_1  |        0|      0|  0|  53|    0|
    |myproject_mux_1287_8_1_1_U470  |myproject_mux_1287_8_1_1  |        0|      0|  0|  53|    0|
    |myproject_mux_1287_8_1_1_U471  |myproject_mux_1287_8_1_1  |        0|      0|  0|  53|    0|
    |myproject_mux_1287_8_1_1_U472  |myproject_mux_1287_8_1_1  |        0|      0|  0|  53|    0|
    |myproject_mux_1287_8_1_1_U473  |myproject_mux_1287_8_1_1  |        0|      0|  0|  53|    0|
    |myproject_mux_1287_8_1_1_U474  |myproject_mux_1287_8_1_1  |        0|      0|  0|  53|    0|
    |myproject_mux_1287_8_1_1_U475  |myproject_mux_1287_8_1_1  |        0|      0|  0|  53|    0|
    |myproject_mux_1287_8_1_1_U476  |myproject_mux_1287_8_1_1  |        0|      0|  0|  53|    0|
    |myproject_mux_1287_8_1_1_U477  |myproject_mux_1287_8_1_1  |        0|      0|  0|  53|    0|
    |myproject_mux_1287_8_1_1_U478  |myproject_mux_1287_8_1_1  |        0|      0|  0|  53|    0|
    |myproject_mux_1287_8_1_1_U479  |myproject_mux_1287_8_1_1  |        0|      0|  0|  53|    0|
    |myproject_mux_1287_8_1_1_U480  |myproject_mux_1287_8_1_1  |        0|      0|  0|  53|    0|
    |myproject_mux_1287_8_1_1_U481  |myproject_mux_1287_8_1_1  |        0|      0|  0|  53|    0|
    |myproject_mux_1287_8_1_1_U482  |myproject_mux_1287_8_1_1  |        0|      0|  0|  53|    0|
    |myproject_mux_1287_8_1_1_U483  |myproject_mux_1287_8_1_1  |        0|      0|  0|  53|    0|
    |myproject_mux_1287_8_1_1_U484  |myproject_mux_1287_8_1_1  |        0|      0|  0|  53|    0|
    |myproject_mux_1287_8_1_1_U485  |myproject_mux_1287_8_1_1  |        0|      0|  0|  53|    0|
    |myproject_mux_1287_8_1_1_U486  |myproject_mux_1287_8_1_1  |        0|      0|  0|  53|    0|
    |myproject_mux_1287_8_1_1_U487  |myproject_mux_1287_8_1_1  |        0|      0|  0|  53|    0|
    |myproject_mux_1287_8_1_1_U488  |myproject_mux_1287_8_1_1  |        0|      0|  0|  53|    0|
    |myproject_mux_1287_8_1_1_U489  |myproject_mux_1287_8_1_1  |        0|      0|  0|  53|    0|
    |myproject_mux_1287_8_1_1_U490  |myproject_mux_1287_8_1_1  |        0|      0|  0|  53|    0|
    |myproject_mux_1287_8_1_1_U491  |myproject_mux_1287_8_1_1  |        0|      0|  0|  53|    0|
    |myproject_mux_1287_8_1_1_U492  |myproject_mux_1287_8_1_1  |        0|      0|  0|  53|    0|
    |myproject_mux_1287_8_1_1_U493  |myproject_mux_1287_8_1_1  |        0|      0|  0|  53|    0|
    |myproject_mux_1287_8_1_1_U494  |myproject_mux_1287_8_1_1  |        0|      0|  0|  53|    0|
    |myproject_mux_83_8_1_1_U405    |myproject_mux_83_8_1_1    |        0|      0|  0|  53|    0|
    +-------------------------------+--------------------------+---------+-------+---+----+-----+
    |Total                          |                          |        0|      0|  0|4770|    0|
    +-------------------------------+--------------------------+---------+-------+---+----+-----+

    * DSP48E: 
    N/A

    * Memory: 
    +---------+-------------------------------------------------------+---------+---+----+-----+------+-----+------+-------------+
    |  Memory |                         Module                        | BRAM_18K| FF| LUT| URAM| Words| Bits| Banks| W*Bits*Banks|
    +---------+-------------------------------------------------------+---------+---+----+-----+------+-----+------+-------------+
    |w10_V_U  |dense_resource_rf_leq_nin_0_0_0_0_0_0_0_0_0_0_0_w10_V  |       20|  0|   0|    0|     8|  716|     1|         5728|
    +---------+-------------------------------------------------------+---------+---+----+-----+------+-----+------+-------------+
    |Total    |                                                       |       20|  0|   0|    0|     8|  716|     1|         5728|
    +---------+-------------------------------------------------------+---------+---+----+-----+------+-----+------+-------------+

    * FIFO: 
    N/A

    * Expression: 
    +----------------------------+----------+-------+---+----+------------+------------+
    |        Variable Name       | Operation| DSP48E| FF| LUT| Bitwidth P0| Bitwidth P1|
    +----------------------------+----------+-------+---+----+------------+------------+
    |mul_ln1118_100_fu_10895_p2  |     *    |      0|  0|  40|           8|           8|
    |mul_ln1118_101_fu_11191_p2  |     *    |      0|  0|  40|           8|           8|
    |mul_ln1118_102_fu_11487_p2  |     *    |      0|  0|  40|           8|           8|
    |mul_ln1118_103_fu_11783_p2  |     *    |      0|  0|  40|           8|           8|
    |mul_ln1118_104_fu_12079_p2  |     *    |      0|  0|  40|           8|           8|
    |mul_ln1118_105_fu_12375_p2  |     *    |      0|  0|  40|           8|           8|
    |mul_ln1118_106_fu_12671_p2  |     *    |      0|  0|  40|           8|           8|
    |mul_ln1118_107_fu_12967_p2  |     *    |      0|  0|  40|           8|           8|
    |mul_ln1118_108_fu_13263_p2  |     *    |      0|  0|  40|           8|           8|
    |mul_ln1118_109_fu_13559_p2  |     *    |      0|  0|  40|           8|           8|
    |mul_ln1118_110_fu_13855_p2  |     *    |      0|  0|  40|           8|           8|
    |mul_ln1118_111_fu_14151_p2  |     *    |      0|  0|  40|           8|           8|
    |mul_ln1118_112_fu_14447_p2  |     *    |      0|  0|  40|           8|           8|
    |mul_ln1118_113_fu_14743_p2  |     *    |      0|  0|  40|           8|           8|
    |mul_ln1118_114_fu_15039_p2  |     *    |      0|  0|  40|           8|           8|
    |mul_ln1118_115_fu_15335_p2  |     *    |      0|  0|  40|           8|           8|
    |mul_ln1118_116_fu_15631_p2  |     *    |      0|  0|  40|           8|           8|
    |mul_ln1118_117_fu_15927_p2  |     *    |      0|  0|  40|           8|           8|
    |mul_ln1118_118_fu_16223_p2  |     *    |      0|  0|  40|           8|           8|
    |mul_ln1118_119_fu_16519_p2  |     *    |      0|  0|  40|           8|           8|
    |mul_ln1118_120_fu_16815_p2  |     *    |      0|  0|  40|           8|           8|
    |mul_ln1118_121_fu_17111_p2  |     *    |      0|  0|  40|           8|           8|
    |mul_ln1118_122_fu_17407_p2  |     *    |      0|  0|  40|           8|           8|
    |mul_ln1118_123_fu_17703_p2  |     *    |      0|  0|  40|           8|           8|
    |mul_ln1118_124_fu_17999_p2  |     *    |      0|  0|  40|           8|           8|
    |mul_ln1118_125_fu_18295_p2  |     *    |      0|  0|  40|           8|           8|
    |mul_ln1118_126_fu_18591_p2  |     *    |      0|  0|  40|           8|           8|
    |mul_ln1118_127_fu_18887_p2  |     *    |      0|  0|  40|           8|           8|
    |mul_ln1118_128_fu_19183_p2  |     *    |      0|  0|  40|           8|           8|
    |mul_ln1118_129_fu_19479_p2  |     *    |      0|  0|  40|           8|           8|
    |mul_ln1118_130_fu_19775_p2  |     *    |      0|  0|  40|           8|           8|
    |mul_ln1118_131_fu_20071_p2  |     *    |      0|  0|  40|           8|           8|
    |mul_ln1118_132_fu_20367_p2  |     *    |      0|  0|  40|           8|           8|
    |mul_ln1118_133_fu_20663_p2  |     *    |      0|  0|  40|           8|           8|
    |mul_ln1118_134_fu_20959_p2  |     *    |      0|  0|  40|           8|           8|
    |mul_ln1118_135_fu_21255_p2  |     *    |      0|  0|  40|           8|           8|
    |mul_ln1118_136_fu_21551_p2  |     *    |      0|  0|  40|           8|           8|
    |mul_ln1118_137_fu_21847_p2  |     *    |      0|  0|  40|           8|           8|
    |mul_ln1118_138_fu_22143_p2  |     *    |      0|  0|  40|           8|           8|
    |mul_ln1118_139_fu_22439_p2  |     *    |      0|  0|  40|           8|           8|
    |mul_ln1118_140_fu_22735_p2  |     *    |      0|  0|  40|           8|           8|
    |mul_ln1118_141_fu_23031_p2  |     *    |      0|  0|  40|           8|           8|
    |mul_ln1118_142_fu_23327_p2  |     *    |      0|  0|  40|           8|           8|
    |mul_ln1118_143_fu_23623_p2  |     *    |      0|  0|  40|           8|           8|
    |mul_ln1118_144_fu_23919_p2  |     *    |      0|  0|  40|           8|           8|
    |mul_ln1118_145_fu_24215_p2  |     *    |      0|  0|  40|           8|           8|
    |mul_ln1118_146_fu_24511_p2  |     *    |      0|  0|  40|           8|           8|
    |mul_ln1118_147_fu_24807_p2  |     *    |      0|  0|  40|           8|           8|
    |mul_ln1118_148_fu_25103_p2  |     *    |      0|  0|  40|           8|           8|
    |mul_ln1118_149_fu_25399_p2  |     *    |      0|  0|  40|           8|           8|
    |mul_ln1118_150_fu_25695_p2  |     *    |      0|  0|  40|           8|           8|
    |mul_ln1118_151_fu_25991_p2  |     *    |      0|  0|  40|           8|           8|
    |mul_ln1118_152_fu_26287_p2  |     *    |      0|  0|  40|           8|           8|
    |mul_ln1118_153_fu_26583_p2  |     *    |      0|  0|  40|           8|           8|
    |mul_ln1118_154_fu_26879_p2  |     *    |      0|  0|  40|           8|           8|
    |mul_ln1118_155_fu_27175_p2  |     *    |      0|  0|  40|           8|           8|
    |mul_ln1118_156_fu_27471_p2  |     *    |      0|  0|  40|           8|           8|
    |mul_ln1118_157_fu_27767_p2  |     *    |      0|  0|  40|           8|           8|
    |mul_ln1118_158_fu_28063_p2  |     *    |      0|  0|  40|           8|           8|
    |mul_ln1118_159_fu_28359_p2  |     *    |      0|  0|  40|           8|           8|
    |mul_ln1118_160_fu_28655_p2  |     *    |      0|  0|  40|           8|           8|
    |mul_ln1118_161_fu_28951_p2  |     *    |      0|  0|  40|           8|           8|
    |mul_ln1118_162_fu_29247_p2  |     *    |      0|  0|  40|           8|           8|
    |mul_ln1118_163_fu_29543_p2  |     *    |      0|  0|  40|           8|           4|
    |mul_ln1118_75_fu_3487_p2    |     *    |      0|  0|  40|           8|           8|
    |mul_ln1118_76_fu_3783_p2    |     *    |      0|  0|  40|           8|           8|
    |mul_ln1118_77_fu_4079_p2    |     *    |      0|  0|  40|           8|           8|
    |mul_ln1118_78_fu_4375_p2    |     *    |      0|  0|  40|           8|           8|
    |mul_ln1118_79_fu_4671_p2    |     *    |      0|  0|  40|           8|           8|
    |mul_ln1118_80_fu_4967_p2    |     *    |      0|  0|  40|           8|           8|
    |mul_ln1118_81_fu_5263_p2    |     *    |      0|  0|  40|           8|           8|
    |mul_ln1118_82_fu_5567_p2    |     *    |      0|  0|  40|           8|           8|
    |mul_ln1118_83_fu_5863_p2    |     *    |      0|  0|  40|           8|           8|
    |mul_ln1118_84_fu_6159_p2    |     *    |      0|  0|  40|           8|           8|
    |mul_ln1118_85_fu_6455_p2    |     *    |      0|  0|  40|           8|           8|
    |mul_ln1118_86_fu_6751_p2    |     *    |      0|  0|  40|           8|           8|
    |mul_ln1118_87_fu_7047_p2    |     *    |      0|  0|  40|           8|           8|
    |mul_ln1118_88_fu_7343_p2    |     *    |      0|  0|  40|           8|           8|
    |mul_ln1118_89_fu_7639_p2    |     *    |      0|  0|  40|           8|           8|
    |mul_ln1118_90_fu_7935_p2    |     *    |      0|  0|  40|           8|           8|
    |mul_ln1118_91_fu_8231_p2    |     *    |      0|  0|  40|           8|           8|
    |mul_ln1118_92_fu_8527_p2    |     *    |      0|  0|  40|           8|           8|
    |mul_ln1118_93_fu_8823_p2    |     *    |      0|  0|  40|           8|           8|
    |mul_ln1118_94_fu_9119_p2    |     *    |      0|  0|  40|           8|           8|
    |mul_ln1118_95_fu_9415_p2    |     *    |      0|  0|  40|           8|           8|
    |mul_ln1118_96_fu_9711_p2    |     *    |      0|  0|  40|           8|           8|
    |mul_ln1118_97_fu_10007_p2   |     *    |      0|  0|  40|           8|           8|
    |mul_ln1118_98_fu_10303_p2   |     *    |      0|  0|  40|           8|           8|
    |mul_ln1118_99_fu_10599_p2   |     *    |      0|  0|  40|           8|           8|
    |mul_ln1118_fu_3187_p2       |     *    |      0|  0|  40|           8|           8|
    |acc_0_V_fu_29634_p2         |     +    |      0|  0|  16|          16|          16|
    |acc_1_V_fu_29715_p2         |     +    |      0|  0|  16|          16|          16|
    |acc_2_V_fu_29796_p2         |     +    |      0|  0|  16|          16|          16|
    |acc_3_V_fu_29877_p2         |     +    |      0|  0|  16|          16|          16|
    |acc_4_V_fu_29958_p2         |     +    |      0|  0|  16|          16|          16|
    |acc_5_V_fu_30039_p2         |     +    |      0|  0|  16|          16|          16|
    |acc_6_V_fu_30120_p2         |     +    |      0|  0|  16|          16|          16|
    |acc_7_V_fu_30201_p2         |     +    |      0|  0|  16|          16|          16|
    |acc_8_V_fu_30282_p2         |     +    |      0|  0|  16|          16|          16|
    |acc_9_V_fu_30363_p2         |     +    |      0|  0|  16|          16|          16|
    |add_ln703_100_fu_29778_p2   |     +    |      0|  0|  16|          16|          16|
    |add_ln703_101_fu_29784_p2   |     +    |      0|  0|  16|          16|          16|
    |add_ln703_102_fu_29790_p2   |     +    |      0|  0|  16|          16|          16|
    |add_ln703_104_fu_29829_p2   |     +    |      0|  0|  16|          16|          16|
    |add_ln703_105_fu_29835_p2   |     +    |      0|  0|  23|          16|          16|
    |add_ln703_106_fu_29841_p2   |     +    |      0|  0|  16|          16|          16|
    |add_ln703_107_fu_29847_p2   |     +    |      0|  0|  16|          16|          16|
    |add_ln703_108_fu_29853_p2   |     +    |      0|  0|  16|          16|          16|
    |add_ln703_109_fu_29859_p2   |     +    |      0|  0|  16|          16|          16|
    |add_ln703_110_fu_29865_p2   |     +    |      0|  0|  16|          16|          16|
    |add_ln703_111_fu_29871_p2   |     +    |      0|  0|  16|          16|          16|
    |add_ln703_113_fu_29910_p2   |     +    |      0|  0|  16|          16|          16|
    |add_ln703_114_fu_29916_p2   |     +    |      0|  0|  23|          16|          16|
    |add_ln703_115_fu_29922_p2   |     +    |      0|  0|  16|          16|          16|
    |add_ln703_116_fu_29928_p2   |     +    |      0|  0|  16|          16|          16|
    |add_ln703_117_fu_29934_p2   |     +    |      0|  0|  16|          16|          16|
    |add_ln703_118_fu_29940_p2   |     +    |      0|  0|  16|          16|          16|
    |add_ln703_119_fu_29946_p2   |     +    |      0|  0|  16|          16|          16|
    |add_ln703_120_fu_29952_p2   |     +    |      0|  0|  16|          16|          16|
    |add_ln703_122_fu_29991_p2   |     +    |      0|  0|  16|          16|          16|
    |add_ln703_123_fu_29997_p2   |     +    |      0|  0|  23|          16|          16|
    |add_ln703_124_fu_30003_p2   |     +    |      0|  0|  16|          16|          16|
    |add_ln703_125_fu_30009_p2   |     +    |      0|  0|  16|          16|          16|
    |add_ln703_126_fu_30015_p2   |     +    |      0|  0|  16|          16|          16|
    |add_ln703_127_fu_30021_p2   |     +    |      0|  0|  16|          16|          16|
    |add_ln703_128_fu_30027_p2   |     +    |      0|  0|  16|          16|          16|
    |add_ln703_129_fu_30033_p2   |     +    |      0|  0|  16|          16|          16|
    |add_ln703_131_fu_30072_p2   |     +    |      0|  0|  16|          16|          16|
    |add_ln703_132_fu_30078_p2   |     +    |      0|  0|  23|          16|          16|
    |add_ln703_133_fu_30084_p2   |     +    |      0|  0|  16|          16|          16|
    |add_ln703_134_fu_30090_p2   |     +    |      0|  0|  16|          16|          16|
    |add_ln703_135_fu_30096_p2   |     +    |      0|  0|  16|          16|          16|
    |add_ln703_136_fu_30102_p2   |     +    |      0|  0|  16|          16|          16|
    |add_ln703_137_fu_30108_p2   |     +    |      0|  0|  16|          16|          16|
    |add_ln703_138_fu_30114_p2   |     +    |      0|  0|  16|          16|          16|
    |add_ln703_140_fu_30153_p2   |     +    |      0|  0|  16|          16|          16|
    |add_ln703_141_fu_30159_p2   |     +    |      0|  0|  23|          16|          16|
    |add_ln703_142_fu_30165_p2   |     +    |      0|  0|  16|          16|          16|
    |add_ln703_143_fu_30171_p2   |     +    |      0|  0|  16|          16|          16|
    |add_ln703_144_fu_30177_p2   |     +    |      0|  0|  16|          16|          16|
    |add_ln703_145_fu_30183_p2   |     +    |      0|  0|  16|          16|          16|
    |add_ln703_146_fu_30189_p2   |     +    |      0|  0|  16|          16|          16|
    |add_ln703_147_fu_30195_p2   |     +    |      0|  0|  16|          16|          16|
    |add_ln703_149_fu_30234_p2   |     +    |      0|  0|  16|          16|          16|
    |add_ln703_150_fu_30240_p2   |     +    |      0|  0|  23|          16|          16|
    |add_ln703_151_fu_30246_p2   |     +    |      0|  0|  16|          16|          16|
    |add_ln703_152_fu_30252_p2   |     +    |      0|  0|  16|          16|          16|
    |add_ln703_153_fu_30258_p2   |     +    |      0|  0|  16|          16|          16|
    |add_ln703_154_fu_30264_p2   |     +    |      0|  0|  16|          16|          16|
    |add_ln703_155_fu_30270_p2   |     +    |      0|  0|  16|          16|          16|
    |add_ln703_156_fu_30276_p2   |     +    |      0|  0|  16|          16|          16|
    |add_ln703_158_fu_30315_p2   |     +    |      0|  0|  16|          16|          16|
    |add_ln703_159_fu_30321_p2   |     +    |      0|  0|  23|          16|          16|
    |add_ln703_160_fu_30327_p2   |     +    |      0|  0|  16|          16|          16|
    |add_ln703_161_fu_30333_p2   |     +    |      0|  0|  16|          16|          16|
    |add_ln703_162_fu_30339_p2   |     +    |      0|  0|  16|          16|          16|
    |add_ln703_163_fu_30345_p2   |     +    |      0|  0|  16|          16|          16|
    |add_ln703_164_fu_30351_p2   |     +    |      0|  0|  16|          16|          16|
    |add_ln703_165_fu_30357_p2   |     +    |      0|  0|  16|          16|          16|
    |add_ln703_78_fu_29592_p2    |     +    |      0|  0|  23|          16|          16|
    |add_ln703_79_fu_29598_p2    |     +    |      0|  0|  16|          16|          16|
    |add_ln703_80_fu_29604_p2    |     +    |      0|  0|  16|          16|          16|
    |add_ln703_81_fu_29610_p2    |     +    |      0|  0|  16|          16|          16|
    |add_ln703_82_fu_29616_p2    |     +    |      0|  0|  16|          16|          16|
    |add_ln703_83_fu_29622_p2    |     +    |      0|  0|  16|          16|          16|
    |add_ln703_84_fu_29628_p2    |     +    |      0|  0|  16|          16|          16|
    |add_ln703_86_fu_29667_p2    |     +    |      0|  0|  16|          16|          16|
    |add_ln703_87_fu_29673_p2    |     +    |      0|  0|  23|          16|          16|
    |add_ln703_88_fu_29679_p2    |     +    |      0|  0|  16|          16|          16|
    |add_ln703_89_fu_29685_p2    |     +    |      0|  0|  16|          16|          16|
    |add_ln703_90_fu_29691_p2    |     +    |      0|  0|  16|          16|          16|
    |add_ln703_91_fu_29697_p2    |     +    |      0|  0|  16|          16|          16|
    |add_ln703_92_fu_29703_p2    |     +    |      0|  0|  16|          16|          16|
    |add_ln703_93_fu_29709_p2    |     +    |      0|  0|  16|          16|          16|
    |add_ln703_95_fu_29748_p2    |     +    |      0|  0|  16|          16|          16|
    |add_ln703_96_fu_29754_p2    |     +    |      0|  0|  23|          16|          16|
    |add_ln703_97_fu_29760_p2    |     +    |      0|  0|  16|          16|          16|
    |add_ln703_98_fu_29766_p2    |     +    |      0|  0|  16|          16|          16|
    |add_ln703_99_fu_29772_p2    |     +    |      0|  0|  16|          16|          16|
    |add_ln703_fu_29586_p2       |     +    |      0|  0|  16|          16|          16|
    |w_index_fu_3132_p2          |     +    |      0|  0|  11|           1|           3|
    |ap_condition_40             |    and   |      0|  0|   2|           1|           1|
    |ap_condition_673            |    and   |      0|  0|   2|           1|           1|
    |icmp_ln46_fu_3143_p2        |   icmp   |      0|  0|   9|           3|           2|
    |ap_enable_pp0               |    xor   |      0|  0|   2|           1|           2|
    +----------------------------+----------+-------+---+----+------------+------------+
    |Total                       |          |      0|  0|5136|        2167|        2165|
    +----------------------------+----------+-------+---+----+------------+------------+

    * Multiplexer: 
    +----------------------------------------------------+----+-----------+-----+-----------+
    |                        Name                        | LUT| Input Size| Bits| Total Bits|
    +----------------------------------------------------+----+-----------+-----+-----------+
    |ap_NS_fsm                                           |  15|          3|    1|          3|
    |ap_enable_reg_pp0_iter1                             |   9|          2|    1|          2|
    |ap_enable_reg_pp0_iter2                             |   9|          2|    1|          2|
    |ap_phi_mux_data_0_V_read105_rewind_phi_fu_1037_p6   |   9|          2|    8|         16|
    |ap_phi_mux_data_10_V_read115_rewind_phi_fu_1177_p6  |   9|          2|    8|         16|
    |ap_phi_mux_data_11_V_read116_rewind_phi_fu_1191_p6  |   9|          2|    8|         16|
    |ap_phi_mux_data_12_V_read117_rewind_phi_fu_1205_p6  |   9|          2|    8|         16|
    |ap_phi_mux_data_13_V_read118_rewind_phi_fu_1219_p6  |   9|          2|    8|         16|
    |ap_phi_mux_data_14_V_read119_rewind_phi_fu_1233_p6  |   9|          2|    8|         16|
    |ap_phi_mux_data_15_V_read120_rewind_phi_fu_1247_p6  |   9|          2|    8|         16|
    |ap_phi_mux_data_16_V_read121_rewind_phi_fu_1261_p6  |   9|          2|    8|         16|
    |ap_phi_mux_data_17_V_read122_rewind_phi_fu_1275_p6  |   9|          2|    8|         16|
    |ap_phi_mux_data_18_V_read123_rewind_phi_fu_1289_p6  |   9|          2|    8|         16|
    |ap_phi_mux_data_19_V_read124_rewind_phi_fu_1303_p6  |   9|          2|    8|         16|
    |ap_phi_mux_data_1_V_read106_rewind_phi_fu_1051_p6   |   9|          2|    8|         16|
    |ap_phi_mux_data_20_V_read125_rewind_phi_fu_1317_p6  |   9|          2|    8|         16|
    |ap_phi_mux_data_21_V_read126_rewind_phi_fu_1331_p6  |   9|          2|    8|         16|
    |ap_phi_mux_data_22_V_read127_rewind_phi_fu_1345_p6  |   9|          2|    8|         16|
    |ap_phi_mux_data_23_V_read128_rewind_phi_fu_1359_p6  |   9|          2|    8|         16|
    |ap_phi_mux_data_24_V_read129_rewind_phi_fu_1373_p6  |   9|          2|    8|         16|
    |ap_phi_mux_data_25_V_read130_rewind_phi_fu_1387_p6  |   9|          2|    8|         16|
    |ap_phi_mux_data_26_V_read131_rewind_phi_fu_1401_p6  |   9|          2|    8|         16|
    |ap_phi_mux_data_27_V_read132_rewind_phi_fu_1415_p6  |   9|          2|    8|         16|
    |ap_phi_mux_data_28_V_read133_rewind_phi_fu_1429_p6  |   9|          2|    8|         16|
    |ap_phi_mux_data_29_V_read134_rewind_phi_fu_1443_p6  |   9|          2|    8|         16|
    |ap_phi_mux_data_2_V_read107_rewind_phi_fu_1065_p6   |   9|          2|    8|         16|
    |ap_phi_mux_data_30_V_read135_rewind_phi_fu_1457_p6  |   9|          2|    8|         16|
    |ap_phi_mux_data_31_V_read136_rewind_phi_fu_1471_p6  |   9|          2|    8|         16|
    |ap_phi_mux_data_32_V_read137_rewind_phi_fu_1485_p6  |   9|          2|    8|         16|
    |ap_phi_mux_data_33_V_read138_rewind_phi_fu_1499_p6  |   9|          2|    8|         16|
    |ap_phi_mux_data_34_V_read139_rewind_phi_fu_1513_p6  |   9|          2|    8|         16|
    |ap_phi_mux_data_35_V_read140_rewind_phi_fu_1527_p6  |   9|          2|    8|         16|
    |ap_phi_mux_data_36_V_read141_rewind_phi_fu_1541_p6  |   9|          2|    8|         16|
    |ap_phi_mux_data_37_V_read142_rewind_phi_fu_1555_p6  |   9|          2|    8|         16|
    |ap_phi_mux_data_38_V_read143_rewind_phi_fu_1569_p6  |   9|          2|    8|         16|
    |ap_phi_mux_data_39_V_read144_rewind_phi_fu_1583_p6  |   9|          2|    8|         16|
    |ap_phi_mux_data_3_V_read108_rewind_phi_fu_1079_p6   |   9|          2|    8|         16|
    |ap_phi_mux_data_40_V_read145_rewind_phi_fu_1597_p6  |   9|          2|    8|         16|
    |ap_phi_mux_data_41_V_read146_rewind_phi_fu_1611_p6  |   9|          2|    8|         16|
    |ap_phi_mux_data_42_V_read147_rewind_phi_fu_1625_p6  |   9|          2|    8|         16|
    |ap_phi_mux_data_43_V_read148_rewind_phi_fu_1639_p6  |   9|          2|    8|         16|
    |ap_phi_mux_data_44_V_read149_rewind_phi_fu_1653_p6  |   9|          2|    8|         16|
    |ap_phi_mux_data_45_V_read150_rewind_phi_fu_1667_p6  |   9|          2|    8|         16|
    |ap_phi_mux_data_46_V_read151_rewind_phi_fu_1681_p6  |   9|          2|    8|         16|
    |ap_phi_mux_data_47_V_read152_rewind_phi_fu_1695_p6  |   9|          2|    8|         16|
    |ap_phi_mux_data_48_V_read153_rewind_phi_fu_1709_p6  |   9|          2|    8|         16|
    |ap_phi_mux_data_49_V_read154_rewind_phi_fu_1723_p6  |   9|          2|    8|         16|
    |ap_phi_mux_data_4_V_read109_rewind_phi_fu_1093_p6   |   9|          2|    8|         16|
    |ap_phi_mux_data_50_V_read155_rewind_phi_fu_1737_p6  |   9|          2|    8|         16|
    |ap_phi_mux_data_51_V_read156_rewind_phi_fu_1751_p6  |   9|          2|    8|         16|
    |ap_phi_mux_data_52_V_read157_rewind_phi_fu_1765_p6  |   9|          2|    8|         16|
    |ap_phi_mux_data_53_V_read158_rewind_phi_fu_1779_p6  |   9|          2|    8|         16|
    |ap_phi_mux_data_54_V_read159_rewind_phi_fu_1793_p6  |   9|          2|    8|         16|
    |ap_phi_mux_data_55_V_read160_rewind_phi_fu_1807_p6  |   9|          2|    8|         16|
    |ap_phi_mux_data_56_V_read161_rewind_phi_fu_1821_p6  |   9|          2|    8|         16|
    |ap_phi_mux_data_57_V_read162_rewind_phi_fu_1835_p6  |   9|          2|    8|         16|
    |ap_phi_mux_data_58_V_read163_rewind_phi_fu_1849_p6  |   9|          2|    8|         16|
    |ap_phi_mux_data_59_V_read164_rewind_phi_fu_1863_p6  |   9|          2|    8|         16|
    |ap_phi_mux_data_5_V_read110_rewind_phi_fu_1107_p6   |   9|          2|    8|         16|
    |ap_phi_mux_data_60_V_read165_rewind_phi_fu_1877_p6  |   9|          2|    8|         16|
    |ap_phi_mux_data_61_V_read166_rewind_phi_fu_1891_p6  |   9|          2|    8|         16|
    |ap_phi_mux_data_62_V_read167_rewind_phi_fu_1905_p6  |   9|          2|    8|         16|
    |ap_phi_mux_data_63_V_read168_rewind_phi_fu_1919_p6  |   9|          2|    8|         16|
    |ap_phi_mux_data_64_V_read169_rewind_phi_fu_1933_p6  |   9|          2|    8|         16|
    |ap_phi_mux_data_65_V_read170_rewind_phi_fu_1947_p6  |   9|          2|    8|         16|
    |ap_phi_mux_data_66_V_read171_rewind_phi_fu_1961_p6  |   9|          2|    8|         16|
    |ap_phi_mux_data_67_V_read172_rewind_phi_fu_1975_p6  |   9|          2|    8|         16|
    |ap_phi_mux_data_68_V_read173_rewind_phi_fu_1989_p6  |   9|          2|    8|         16|
    |ap_phi_mux_data_69_V_read174_rewind_phi_fu_2003_p6  |   9|          2|    8|         16|
    |ap_phi_mux_data_6_V_read111_rewind_phi_fu_1121_p6   |   9|          2|    8|         16|
    |ap_phi_mux_data_70_V_read175_rewind_phi_fu_2017_p6  |   9|          2|    8|         16|
    |ap_phi_mux_data_71_V_read176_rewind_phi_fu_2031_p6  |   9|          2|    8|         16|
    |ap_phi_mux_data_7_V_read112_rewind_phi_fu_1135_p6   |   9|          2|    8|         16|
    |ap_phi_mux_data_8_V_read113_rewind_phi_fu_1149_p6   |   9|          2|    8|         16|
    |ap_phi_mux_data_9_V_read114_rewind_phi_fu_1163_p6   |   9|          2|    8|         16|
    |ap_phi_mux_do_init_phi_fu_1021_p6                   |  15|          3|    1|          3|
    |ap_phi_mux_w_index25_phi_fu_2045_p6                 |  15|          3|    3|          9|
    |ap_return_0                                         |   9|          2|    8|         16|
    |ap_return_1                                         |   9|          2|    8|         16|
    |ap_return_2                                         |   9|          2|    8|         16|
    |ap_return_3                                         |   9|          2|    8|         16|
    |ap_return_4                                         |   9|          2|    8|         16|
    |ap_return_5                                         |   9|          2|    8|         16|
    |ap_return_6                                         |   9|          2|    8|         16|
    |ap_return_7                                         |   9|          2|    8|         16|
    |ap_return_8                                         |   9|          2|    8|         16|
    |ap_return_9                                         |   9|          2|    8|         16|
    |data_0_V_read105_phi_reg_2056                       |  15|          3|    8|         24|
    |data_10_V_read115_phi_reg_2186                      |  15|          3|    8|         24|
    |data_11_V_read116_phi_reg_2199                      |  15|          3|    8|         24|
    |data_12_V_read117_phi_reg_2212                      |  15|          3|    8|         24|
    |data_13_V_read118_phi_reg_2225                      |  15|          3|    8|         24|
    |data_14_V_read119_phi_reg_2238                      |  15|          3|    8|         24|
    |data_15_V_read120_phi_reg_2251                      |  15|          3|    8|         24|
    |data_16_V_read121_phi_reg_2264                      |  15|          3|    8|         24|
    |data_17_V_read122_phi_reg_2277                      |  15|          3|    8|         24|
    |data_18_V_read123_phi_reg_2290                      |  15|          3|    8|         24|
    |data_19_V_read124_phi_reg_2303                      |  15|          3|    8|         24|
    |data_1_V_read106_phi_reg_2069                       |  15|          3|    8|         24|
    |data_20_V_read125_phi_reg_2316                      |  15|          3|    8|         24|
    |data_21_V_read126_phi_reg_2329                      |  15|          3|    8|         24|
    |data_22_V_read127_phi_reg_2342                      |  15|          3|    8|         24|
    |data_23_V_read128_phi_reg_2355                      |  15|          3|    8|         24|
    |data_24_V_read129_phi_reg_2368                      |  15|          3|    8|         24|
    |data_25_V_read130_phi_reg_2381                      |  15|          3|    8|         24|
    |data_26_V_read131_phi_reg_2394                      |  15|          3|    8|         24|
    |data_27_V_read132_phi_reg_2407                      |  15|          3|    8|         24|
    |data_28_V_read133_phi_reg_2420                      |  15|          3|    8|         24|
    |data_29_V_read134_phi_reg_2433                      |  15|          3|    8|         24|
    |data_2_V_read107_phi_reg_2082                       |  15|          3|    8|         24|
    |data_30_V_read135_phi_reg_2446                      |  15|          3|    8|         24|
    |data_31_V_read136_phi_reg_2459                      |  15|          3|    8|         24|
    |data_32_V_read137_phi_reg_2472                      |  15|          3|    8|         24|
    |data_33_V_read138_phi_reg_2485                      |  15|          3|    8|         24|
    |data_34_V_read139_phi_reg_2498                      |  15|          3|    8|         24|
    |data_35_V_read140_phi_reg_2511                      |  15|          3|    8|         24|
    |data_36_V_read141_phi_reg_2524                      |  15|          3|    8|         24|
    |data_37_V_read142_phi_reg_2537                      |  15|          3|    8|         24|
    |data_38_V_read143_phi_reg_2550                      |  15|          3|    8|         24|
    |data_39_V_read144_phi_reg_2563                      |  15|          3|    8|         24|
    |data_3_V_read108_phi_reg_2095                       |  15|          3|    8|         24|
    |data_40_V_read145_phi_reg_2576                      |  15|          3|    8|         24|
    |data_41_V_read146_phi_reg_2589                      |  15|          3|    8|         24|
    |data_42_V_read147_phi_reg_2602                      |  15|          3|    8|         24|
    |data_43_V_read148_phi_reg_2615                      |  15|          3|    8|         24|
    |data_44_V_read149_phi_reg_2628                      |  15|          3|    8|         24|
    |data_45_V_read150_phi_reg_2641                      |  15|          3|    8|         24|
    |data_46_V_read151_phi_reg_2654                      |  15|          3|    8|         24|
    |data_47_V_read152_phi_reg_2667                      |  15|          3|    8|         24|
    |data_48_V_read153_phi_reg_2680                      |  15|          3|    8|         24|
    |data_49_V_read154_phi_reg_2693                      |  15|          3|    8|         24|
    |data_4_V_read109_phi_reg_2108                       |  15|          3|    8|         24|
    |data_50_V_read155_phi_reg_2706                      |  15|          3|    8|         24|
    |data_51_V_read156_phi_reg_2719                      |  15|          3|    8|         24|
    |data_52_V_read157_phi_reg_2732                      |  15|          3|    8|         24|
    |data_53_V_read158_phi_reg_2745                      |  15|          3|    8|         24|
    |data_54_V_read159_phi_reg_2758                      |  15|          3|    8|         24|
    |data_55_V_read160_phi_reg_2771                      |  15|          3|    8|         24|
    |data_56_V_read161_phi_reg_2784                      |  15|          3|    8|         24|
    |data_57_V_read162_phi_reg_2797                      |  15|          3|    8|         24|
    |data_58_V_read163_phi_reg_2810                      |  15|          3|    8|         24|
    |data_59_V_read164_phi_reg_2823                      |  15|          3|    8|         24|
    |data_5_V_read110_phi_reg_2121                       |  15|          3|    8|         24|
    |data_60_V_read165_phi_reg_2836                      |  15|          3|    8|         24|
    |data_61_V_read166_phi_reg_2849                      |  15|          3|    8|         24|
    |data_62_V_read167_phi_reg_2862                      |  15|          3|    8|         24|
    |data_63_V_read168_phi_reg_2875                      |  15|          3|    8|         24|
    |data_64_V_read169_phi_reg_2888                      |  15|          3|    8|         24|
    |data_65_V_read170_phi_reg_2901                      |  15|          3|    8|         24|
    |data_66_V_read171_phi_reg_2914                      |  15|          3|    8|         24|
    |data_67_V_read172_phi_reg_2927                      |  15|          3|    8|         24|
    |data_68_V_read173_phi_reg_2940                      |  15|          3|    8|         24|
    |data_69_V_read174_phi_reg_2953                      |  15|          3|    8|         24|
    |data_6_V_read111_phi_reg_2134                       |  15|          3|    8|         24|
    |data_70_V_read175_phi_reg_2966                      |  15|          3|    8|         24|
    |data_71_V_read176_phi_reg_2979                      |  15|          3|    8|         24|
    |data_7_V_read112_phi_reg_2147                       |  15|          3|    8|         24|
    |data_8_V_read113_phi_reg_2160                       |  15|          3|    8|         24|
    |data_9_V_read114_phi_reg_2173                       |  15|          3|    8|         24|
    |p_Val2_1012_reg_3076                                |   9|          2|   16|         32|
    |p_Val2_1114_reg_3062                                |   9|          2|   16|         32|
    |p_Val2_1216_reg_3048                                |   9|          2|   16|         32|
    |p_Val2_1318_reg_3034                                |   9|          2|   16|         32|
    |p_Val2_1420_reg_3020                                |   9|          2|   16|         32|
    |p_Val2_1522_reg_3006                                |   9|          2|   16|         32|
    |p_Val2_1624_reg_2992                                |   9|          2|   16|         32|
    |p_Val2_6_reg_3118                                   |   9|          2|   16|         32|
    |p_Val2_88_reg_3104                                  |   9|          2|   16|         32|
    |p_Val2_910_reg_3090                                 |   9|          2|   16|         32|
    |w_index25_reg_2041                                  |   9|          2|    3|          6|
    +----------------------------------------------------+----+-----------+-----+-----------+
    |Total                                               |1980|        415| 1402|       3385|
    +----------------------------------------------------+----+-----------+-----+-----------+

    * Register: 
    +-----------------------------------+----+----+-----+-----------+
    |                Name               | FF | LUT| Bits| Const Bits|
    +-----------------------------------+----+----+-----+-----------+
    |ap_CS_fsm                          |   2|   0|    2|          0|
    |ap_enable_reg_pp0_iter1            |   1|   0|    1|          0|
    |ap_enable_reg_pp0_iter2            |   1|   0|    1|          0|
    |ap_return_0_preg                   |   8|   0|    8|          0|
    |ap_return_1_preg                   |   8|   0|    8|          0|
    |ap_return_2_preg                   |   8|   0|    8|          0|
    |ap_return_3_preg                   |   8|   0|    8|          0|
    |ap_return_4_preg                   |   8|   0|    8|          0|
    |ap_return_5_preg                   |   8|   0|    8|          0|
    |ap_return_6_preg                   |   8|   0|    8|          0|
    |ap_return_7_preg                   |   8|   0|    8|          0|
    |ap_return_8_preg                   |   8|   0|    8|          0|
    |ap_return_9_preg                   |   8|   0|    8|          0|
    |data_0_V_read105_phi_reg_2056      |   8|   0|    8|          0|
    |data_0_V_read105_rewind_reg_1033   |   8|   0|    8|          0|
    |data_10_V_read115_phi_reg_2186     |   8|   0|    8|          0|
    |data_10_V_read115_rewind_reg_1173  |   8|   0|    8|          0|
    |data_11_V_read116_phi_reg_2199     |   8|   0|    8|          0|
    |data_11_V_read116_rewind_reg_1187  |   8|   0|    8|          0|
    |data_12_V_read117_phi_reg_2212     |   8|   0|    8|          0|
    |data_12_V_read117_rewind_reg_1201  |   8|   0|    8|          0|
    |data_13_V_read118_phi_reg_2225     |   8|   0|    8|          0|
    |data_13_V_read118_rewind_reg_1215  |   8|   0|    8|          0|
    |data_14_V_read119_phi_reg_2238     |   8|   0|    8|          0|
    |data_14_V_read119_rewind_reg_1229  |   8|   0|    8|          0|
    |data_15_V_read120_phi_reg_2251     |   8|   0|    8|          0|
    |data_15_V_read120_rewind_reg_1243  |   8|   0|    8|          0|
    |data_16_V_read121_phi_reg_2264     |   8|   0|    8|          0|
    |data_16_V_read121_rewind_reg_1257  |   8|   0|    8|          0|
    |data_17_V_read122_phi_reg_2277     |   8|   0|    8|          0|
    |data_17_V_read122_rewind_reg_1271  |   8|   0|    8|          0|
    |data_18_V_read123_phi_reg_2290     |   8|   0|    8|          0|
    |data_18_V_read123_rewind_reg_1285  |   8|   0|    8|          0|
    |data_19_V_read124_phi_reg_2303     |   8|   0|    8|          0|
    |data_19_V_read124_rewind_reg_1299  |   8|   0|    8|          0|
    |data_1_V_read106_phi_reg_2069      |   8|   0|    8|          0|
    |data_1_V_read106_rewind_reg_1047   |   8|   0|    8|          0|
    |data_20_V_read125_phi_reg_2316     |   8|   0|    8|          0|
    |data_20_V_read125_rewind_reg_1313  |   8|   0|    8|          0|
    |data_21_V_read126_phi_reg_2329     |   8|   0|    8|          0|
    |data_21_V_read126_rewind_reg_1327  |   8|   0|    8|          0|
    |data_22_V_read127_phi_reg_2342     |   8|   0|    8|          0|
    |data_22_V_read127_rewind_reg_1341  |   8|   0|    8|          0|
    |data_23_V_read128_phi_reg_2355     |   8|   0|    8|          0|
    |data_23_V_read128_rewind_reg_1355  |   8|   0|    8|          0|
    |data_24_V_read129_phi_reg_2368     |   8|   0|    8|          0|
    |data_24_V_read129_rewind_reg_1369  |   8|   0|    8|          0|
    |data_25_V_read130_phi_reg_2381     |   8|   0|    8|          0|
    |data_25_V_read130_rewind_reg_1383  |   8|   0|    8|          0|
    |data_26_V_read131_phi_reg_2394     |   8|   0|    8|          0|
    |data_26_V_read131_rewind_reg_1397  |   8|   0|    8|          0|
    |data_27_V_read132_phi_reg_2407     |   8|   0|    8|          0|
    |data_27_V_read132_rewind_reg_1411  |   8|   0|    8|          0|
    |data_28_V_read133_phi_reg_2420     |   8|   0|    8|          0|
    |data_28_V_read133_rewind_reg_1425  |   8|   0|    8|          0|
    |data_29_V_read134_phi_reg_2433     |   8|   0|    8|          0|
    |data_29_V_read134_rewind_reg_1439  |   8|   0|    8|          0|
    |data_2_V_read107_phi_reg_2082      |   8|   0|    8|          0|
    |data_2_V_read107_rewind_reg_1061   |   8|   0|    8|          0|
    |data_30_V_read135_phi_reg_2446     |   8|   0|    8|          0|
    |data_30_V_read135_rewind_reg_1453  |   8|   0|    8|          0|
    |data_31_V_read136_phi_reg_2459     |   8|   0|    8|          0|
    |data_31_V_read136_rewind_reg_1467  |   8|   0|    8|          0|
    |data_32_V_read137_phi_reg_2472     |   8|   0|    8|          0|
    |data_32_V_read137_rewind_reg_1481  |   8|   0|    8|          0|
    |data_33_V_read138_phi_reg_2485     |   8|   0|    8|          0|
    |data_33_V_read138_rewind_reg_1495  |   8|   0|    8|          0|
    |data_34_V_read139_phi_reg_2498     |   8|   0|    8|          0|
    |data_34_V_read139_rewind_reg_1509  |   8|   0|    8|          0|
    |data_35_V_read140_phi_reg_2511     |   8|   0|    8|          0|
    |data_35_V_read140_rewind_reg_1523  |   8|   0|    8|          0|
    |data_36_V_read141_phi_reg_2524     |   8|   0|    8|          0|
    |data_36_V_read141_rewind_reg_1537  |   8|   0|    8|          0|
    |data_37_V_read142_phi_reg_2537     |   8|   0|    8|          0|
    |data_37_V_read142_rewind_reg_1551  |   8|   0|    8|          0|
    |data_38_V_read143_phi_reg_2550     |   8|   0|    8|          0|
    |data_38_V_read143_rewind_reg_1565  |   8|   0|    8|          0|
    |data_39_V_read144_phi_reg_2563     |   8|   0|    8|          0|
    |data_39_V_read144_rewind_reg_1579  |   8|   0|    8|          0|
    |data_3_V_read108_phi_reg_2095      |   8|   0|    8|          0|
    |data_3_V_read108_rewind_reg_1075   |   8|   0|    8|          0|
    |data_40_V_read145_phi_reg_2576     |   8|   0|    8|          0|
    |data_40_V_read145_rewind_reg_1593  |   8|   0|    8|          0|
    |data_41_V_read146_phi_reg_2589     |   8|   0|    8|          0|
    |data_41_V_read146_rewind_reg_1607  |   8|   0|    8|          0|
    |data_42_V_read147_phi_reg_2602     |   8|   0|    8|          0|
    |data_42_V_read147_rewind_reg_1621  |   8|   0|    8|          0|
    |data_43_V_read148_phi_reg_2615     |   8|   0|    8|          0|
    |data_43_V_read148_rewind_reg_1635  |   8|   0|    8|          0|
    |data_44_V_read149_phi_reg_2628     |   8|   0|    8|          0|
    |data_44_V_read149_rewind_reg_1649  |   8|   0|    8|          0|
    |data_45_V_read150_phi_reg_2641     |   8|   0|    8|          0|
    |data_45_V_read150_rewind_reg_1663  |   8|   0|    8|          0|
    |data_46_V_read151_phi_reg_2654     |   8|   0|    8|          0|
    |data_46_V_read151_rewind_reg_1677  |   8|   0|    8|          0|
    |data_47_V_read152_phi_reg_2667     |   8|   0|    8|          0|
    |data_47_V_read152_rewind_reg_1691  |   8|   0|    8|          0|
    |data_48_V_read153_phi_reg_2680     |   8|   0|    8|          0|
    |data_48_V_read153_rewind_reg_1705  |   8|   0|    8|          0|
    |data_49_V_read154_phi_reg_2693     |   8|   0|    8|          0|
    |data_49_V_read154_rewind_reg_1719  |   8|   0|    8|          0|
    |data_4_V_read109_phi_reg_2108      |   8|   0|    8|          0|
    |data_4_V_read109_rewind_reg_1089   |   8|   0|    8|          0|
    |data_50_V_read155_phi_reg_2706     |   8|   0|    8|          0|
    |data_50_V_read155_rewind_reg_1733  |   8|   0|    8|          0|
    |data_51_V_read156_phi_reg_2719     |   8|   0|    8|          0|
    |data_51_V_read156_rewind_reg_1747  |   8|   0|    8|          0|
    |data_52_V_read157_phi_reg_2732     |   8|   0|    8|          0|
    |data_52_V_read157_rewind_reg_1761  |   8|   0|    8|          0|
    |data_53_V_read158_phi_reg_2745     |   8|   0|    8|          0|
    |data_53_V_read158_rewind_reg_1775  |   8|   0|    8|          0|
    |data_54_V_read159_phi_reg_2758     |   8|   0|    8|          0|
    |data_54_V_read159_rewind_reg_1789  |   8|   0|    8|          0|
    |data_55_V_read160_phi_reg_2771     |   8|   0|    8|          0|
    |data_55_V_read160_rewind_reg_1803  |   8|   0|    8|          0|
    |data_56_V_read161_phi_reg_2784     |   8|   0|    8|          0|
    |data_56_V_read161_rewind_reg_1817  |   8|   0|    8|          0|
    |data_57_V_read162_phi_reg_2797     |   8|   0|    8|          0|
    |data_57_V_read162_rewind_reg_1831  |   8|   0|    8|          0|
    |data_58_V_read163_phi_reg_2810     |   8|   0|    8|          0|
    |data_58_V_read163_rewind_reg_1845  |   8|   0|    8|          0|
    |data_59_V_read164_phi_reg_2823     |   8|   0|    8|          0|
    |data_59_V_read164_rewind_reg_1859  |   8|   0|    8|          0|
    |data_5_V_read110_phi_reg_2121      |   8|   0|    8|          0|
    |data_5_V_read110_rewind_reg_1103   |   8|   0|    8|          0|
    |data_60_V_read165_phi_reg_2836     |   8|   0|    8|          0|
    |data_60_V_read165_rewind_reg_1873  |   8|   0|    8|          0|
    |data_61_V_read166_phi_reg_2849     |   8|   0|    8|          0|
    |data_61_V_read166_rewind_reg_1887  |   8|   0|    8|          0|
    |data_62_V_read167_phi_reg_2862     |   8|   0|    8|          0|
    |data_62_V_read167_rewind_reg_1901  |   8|   0|    8|          0|
    |data_63_V_read168_phi_reg_2875     |   8|   0|    8|          0|
    |data_63_V_read168_rewind_reg_1915  |   8|   0|    8|          0|
    |data_64_V_read169_phi_reg_2888     |   8|   0|    8|          0|
    |data_64_V_read169_rewind_reg_1929  |   8|   0|    8|          0|
    |data_65_V_read170_phi_reg_2901     |   8|   0|    8|          0|
    |data_65_V_read170_rewind_reg_1943  |   8|   0|    8|          0|
    |data_66_V_read171_phi_reg_2914     |   8|   0|    8|          0|
    |data_66_V_read171_rewind_reg_1957  |   8|   0|    8|          0|
    |data_67_V_read172_phi_reg_2927     |   8|   0|    8|          0|
    |data_67_V_read172_rewind_reg_1971  |   8|   0|    8|          0|
    |data_68_V_read173_phi_reg_2940     |   8|   0|    8|          0|
    |data_68_V_read173_rewind_reg_1985  |   8|   0|    8|          0|
    |data_69_V_read174_phi_reg_2953     |   8|   0|    8|          0|
    |data_69_V_read174_rewind_reg_1999  |   8|   0|    8|          0|
    |data_6_V_read111_phi_reg_2134      |   8|   0|    8|          0|
    |data_6_V_read111_rewind_reg_1117   |   8|   0|    8|          0|
    |data_70_V_read175_phi_reg_2966     |   8|   0|    8|          0|
    |data_70_V_read175_rewind_reg_2013  |   8|   0|    8|          0|
    |data_71_V_read176_phi_reg_2979     |   8|   0|    8|          0|
    |data_71_V_read176_rewind_reg_2027  |   8|   0|    8|          0|
    |data_7_V_read112_phi_reg_2147      |   8|   0|    8|          0|
    |data_7_V_read112_rewind_reg_1131   |   8|   0|    8|          0|
    |data_8_V_read113_phi_reg_2160      |   8|   0|    8|          0|
    |data_8_V_read113_rewind_reg_1145   |   8|   0|    8|          0|
    |data_9_V_read114_phi_reg_2173      |   8|   0|    8|          0|
    |data_9_V_read114_rewind_reg_1159   |   8|   0|    8|          0|
    |do_init_reg_1017                   |   1|   0|    1|          0|
    |icmp_ln46_reg_30543                |   1|   0|    1|          0|
    |icmp_ln46_reg_30543_pp0_iter1_reg  |   1|   0|    1|          0|
    |p_Val2_1012_reg_3076               |  16|   0|   16|          0|
    |p_Val2_1114_reg_3062               |  16|   0|   16|          0|
    |p_Val2_1216_reg_3048               |  16|   0|   16|          0|
    |p_Val2_1318_reg_3034               |  16|   0|   16|          0|
    |p_Val2_1420_reg_3020               |  16|   0|   16|          0|
    |p_Val2_1522_reg_3006               |  16|   0|   16|          0|
    |p_Val2_1624_reg_2992               |  16|   0|   16|          0|
    |p_Val2_6_reg_3118                  |  16|   0|   16|          0|
    |p_Val2_88_reg_3104                 |  16|   0|   16|          0|
    |p_Val2_910_reg_3090                |  16|   0|   16|          0|
    |trunc_ln708_100_reg_30617          |  15|   0|   15|          0|
    |trunc_ln708_101_reg_30622          |  15|   0|   15|          0|
    |trunc_ln708_102_reg_30627          |  15|   0|   15|          0|
    |trunc_ln708_103_reg_30632          |  15|   0|   15|          0|
    |trunc_ln708_104_reg_30637          |  15|   0|   15|          0|
    |trunc_ln708_105_reg_30642          |  15|   0|   15|          0|
    |trunc_ln708_106_reg_30647          |  15|   0|   15|          0|
    |trunc_ln708_107_reg_30652          |  15|   0|   15|          0|
    |trunc_ln708_108_reg_30657          |  15|   0|   15|          0|
    |trunc_ln708_109_reg_30662          |  15|   0|   15|          0|
    |trunc_ln708_110_reg_30667          |  15|   0|   15|          0|
    |trunc_ln708_111_reg_30672          |  15|   0|   15|          0|
    |trunc_ln708_112_reg_30677          |  15|   0|   15|          0|
    |trunc_ln708_113_reg_30682          |  15|   0|   15|          0|
    |trunc_ln708_114_reg_30687          |  15|   0|   15|          0|
    |trunc_ln708_115_reg_30692          |  15|   0|   15|          0|
    |trunc_ln708_116_reg_30697          |  15|   0|   15|          0|
    |trunc_ln708_117_reg_30702          |  15|   0|   15|          0|
    |trunc_ln708_118_reg_30707          |  15|   0|   15|          0|
    |trunc_ln708_119_reg_30712          |  15|   0|   15|          0|
    |trunc_ln708_120_reg_30717          |  15|   0|   15|          0|
    |trunc_ln708_121_reg_30722          |  15|   0|   15|          0|
    |trunc_ln708_122_reg_30727          |  15|   0|   15|          0|
    |trunc_ln708_123_reg_30732          |  15|   0|   15|          0|
    |trunc_ln708_124_reg_30737          |  15|   0|   15|          0|
    |trunc_ln708_125_reg_30742          |  15|   0|   15|          0|
    |trunc_ln708_126_reg_30747          |  15|   0|   15|          0|
    |trunc_ln708_127_reg_30752          |  15|   0|   15|          0|
    |trunc_ln708_128_reg_30757          |  15|   0|   15|          0|
    |trunc_ln708_129_reg_30762          |  15|   0|   15|          0|
    |trunc_ln708_130_reg_30767          |  15|   0|   15|          0|
    |trunc_ln708_131_reg_30772          |  15|   0|   15|          0|
    |trunc_ln708_132_reg_30777          |  15|   0|   15|          0|
    |trunc_ln708_133_reg_30782          |  15|   0|   15|          0|
    |trunc_ln708_134_reg_30787          |  15|   0|   15|          0|
    |trunc_ln708_135_reg_30792          |  15|   0|   15|          0|
    |trunc_ln708_136_reg_30797          |  15|   0|   15|          0|
    |trunc_ln708_137_reg_30802          |  15|   0|   15|          0|
    |trunc_ln708_138_reg_30807          |  15|   0|   15|          0|
    |trunc_ln708_139_reg_30812          |  15|   0|   15|          0|
    |trunc_ln708_140_reg_30817          |  15|   0|   15|          0|
    |trunc_ln708_141_reg_30822          |  15|   0|   15|          0|
    |trunc_ln708_142_reg_30827          |  15|   0|   15|          0|
    |trunc_ln708_143_reg_30832          |  15|   0|   15|          0|
    |trunc_ln708_144_reg_30837          |  15|   0|   15|          0|
    |trunc_ln708_145_reg_30842          |  15|   0|   15|          0|
    |trunc_ln708_146_reg_30847          |  15|   0|   15|          0|
    |trunc_ln708_147_reg_30852          |  15|   0|   15|          0|
    |trunc_ln708_148_reg_30857          |  15|   0|   15|          0|
    |trunc_ln708_149_reg_30862          |  15|   0|   15|          0|
    |trunc_ln708_150_reg_30867          |  15|   0|   15|          0|
    |trunc_ln708_151_reg_30872          |  15|   0|   15|          0|
    |trunc_ln708_152_reg_30877          |  15|   0|   15|          0|
    |trunc_ln708_153_reg_30882          |  15|   0|   15|          0|
    |trunc_ln708_154_reg_30887          |  15|   0|   15|          0|
    |trunc_ln708_155_reg_30892          |  15|   0|   15|          0|
    |trunc_ln708_156_reg_30897          |  15|   0|   15|          0|
    |trunc_ln708_157_reg_30902          |  15|   0|   15|          0|
    |trunc_ln708_158_reg_30907          |  15|   0|   15|          0|
    |trunc_ln708_159_reg_30912          |  15|   0|   15|          0|
    |trunc_ln708_160_reg_30917          |  15|   0|   15|          0|
    |trunc_ln708_161_reg_30922          |  15|   0|   15|          0|
    |trunc_ln708_162_reg_30927          |  15|   0|   15|          0|
    |trunc_ln708_163_reg_30932          |  15|   0|   15|          0|
    |trunc_ln708_164_reg_30937          |  15|   0|   15|          0|
    |trunc_ln708_165_reg_30942          |  15|   0|   15|          0|
    |trunc_ln708_166_reg_30947          |  15|   0|   15|          0|
    |trunc_ln708_167_reg_30952          |  15|   0|   15|          0|
    |trunc_ln708_168_reg_30957          |  15|   0|   15|          0|
    |trunc_ln708_169_reg_30962          |  15|   0|   15|          0|
    |trunc_ln708_170_reg_30967          |  15|   0|   15|          0|
    |trunc_ln708_171_reg_30972          |  15|   0|   15|          0|
    |trunc_ln708_172_reg_30977          |  15|   0|   15|          0|
    |trunc_ln708_173_reg_30982          |  15|   0|   15|          0|
    |trunc_ln708_174_reg_30987          |  15|   0|   15|          0|
    |trunc_ln708_175_reg_30992          |  11|   0|   11|          0|
    |trunc_ln708_88_reg_30557           |  15|   0|   15|          0|
    |trunc_ln708_89_reg_30562           |  15|   0|   15|          0|
    |trunc_ln708_90_reg_30567           |  15|   0|   15|          0|
    |trunc_ln708_91_reg_30572           |  15|   0|   15|          0|
    |trunc_ln708_92_reg_30577           |  15|   0|   15|          0|
    |trunc_ln708_93_reg_30582           |  15|   0|   15|          0|
    |trunc_ln708_94_reg_30587           |  15|   0|   15|          0|
    |trunc_ln708_95_reg_30592           |  15|   0|   15|          0|
    |trunc_ln708_96_reg_30597           |  15|   0|   15|          0|
    |trunc_ln708_97_reg_30602           |  15|   0|   15|          0|
    |trunc_ln708_98_reg_30607           |  15|   0|   15|          0|
    |trunc_ln708_99_reg_30612           |  15|   0|   15|          0|
    |trunc_ln708_s_reg_30552            |  15|   0|   15|          0|
    |trunc_ln_reg_30547                 |  15|   0|   15|          0|
    |w_index25_reg_2041                 |   3|   0|    3|          0|
    |w_index_reg_30533                  |   3|   0|    3|          0|
    +-----------------------------------+----+----+-----+-----------+
    |Total                              |2751|   0| 2751|          0|
    +-----------------------------------+----+----+-----+-----------+



================================================================
== Interface
================================================================
* Summary: 
+----------------+-----+-----+------------+-------------------------------------------------+--------------+
|    RTL Ports   | Dir | Bits|  Protocol  |                  Source Object                  |    C Type    |
+----------------+-----+-----+------------+-------------------------------------------------+--------------+
|ap_clk          |  in |    1| ap_ctrl_hs | dense_resource_rf_leq_nin.0.0.0.0.0.0.0.0.0.0.0 | return value |
|ap_rst          |  in |    1| ap_ctrl_hs | dense_resource_rf_leq_nin.0.0.0.0.0.0.0.0.0.0.0 | return value |
|ap_start        |  in |    1| ap_ctrl_hs | dense_resource_rf_leq_nin.0.0.0.0.0.0.0.0.0.0.0 | return value |
|ap_done         | out |    1| ap_ctrl_hs | dense_resource_rf_leq_nin.0.0.0.0.0.0.0.0.0.0.0 | return value |
|ap_idle         | out |    1| ap_ctrl_hs | dense_resource_rf_leq_nin.0.0.0.0.0.0.0.0.0.0.0 | return value |
|ap_ready        | out |    1| ap_ctrl_hs | dense_resource_rf_leq_nin.0.0.0.0.0.0.0.0.0.0.0 | return value |
|ap_return_0     | out |    8| ap_ctrl_hs | dense_resource_rf_leq_nin.0.0.0.0.0.0.0.0.0.0.0 | return value |
|ap_return_1     | out |    8| ap_ctrl_hs | dense_resource_rf_leq_nin.0.0.0.0.0.0.0.0.0.0.0 | return value |
|ap_return_2     | out |    8| ap_ctrl_hs | dense_resource_rf_leq_nin.0.0.0.0.0.0.0.0.0.0.0 | return value |
|ap_return_3     | out |    8| ap_ctrl_hs | dense_resource_rf_leq_nin.0.0.0.0.0.0.0.0.0.0.0 | return value |
|ap_return_4     | out |    8| ap_ctrl_hs | dense_resource_rf_leq_nin.0.0.0.0.0.0.0.0.0.0.0 | return value |
|ap_return_5     | out |    8| ap_ctrl_hs | dense_resource_rf_leq_nin.0.0.0.0.0.0.0.0.0.0.0 | return value |
|ap_return_6     | out |    8| ap_ctrl_hs | dense_resource_rf_leq_nin.0.0.0.0.0.0.0.0.0.0.0 | return value |
|ap_return_7     | out |    8| ap_ctrl_hs | dense_resource_rf_leq_nin.0.0.0.0.0.0.0.0.0.0.0 | return value |
|ap_return_8     | out |    8| ap_ctrl_hs | dense_resource_rf_leq_nin.0.0.0.0.0.0.0.0.0.0.0 | return value |
|ap_return_9     | out |    8| ap_ctrl_hs | dense_resource_rf_leq_nin.0.0.0.0.0.0.0.0.0.0.0 | return value |
|data_0_V_read   |  in |    8|   ap_none  |                  data_0_V_read                  |    scalar    |
|data_1_V_read   |  in |    8|   ap_none  |                  data_1_V_read                  |    scalar    |
|data_2_V_read   |  in |    8|   ap_none  |                  data_2_V_read                  |    scalar    |
|data_3_V_read   |  in |    8|   ap_none  |                  data_3_V_read                  |    scalar    |
|data_4_V_read   |  in |    8|   ap_none  |                  data_4_V_read                  |    scalar    |
|data_5_V_read   |  in |    8|   ap_none  |                  data_5_V_read                  |    scalar    |
|data_6_V_read   |  in |    8|   ap_none  |                  data_6_V_read                  |    scalar    |
|data_7_V_read   |  in |    8|   ap_none  |                  data_7_V_read                  |    scalar    |
|data_8_V_read   |  in |    8|   ap_none  |                  data_8_V_read                  |    scalar    |
|data_9_V_read   |  in |    8|   ap_none  |                  data_9_V_read                  |    scalar    |
|data_10_V_read  |  in |    8|   ap_none  |                  data_10_V_read                 |    scalar    |
|data_11_V_read  |  in |    8|   ap_none  |                  data_11_V_read                 |    scalar    |
|data_12_V_read  |  in |    8|   ap_none  |                  data_12_V_read                 |    scalar    |
|data_13_V_read  |  in |    8|   ap_none  |                  data_13_V_read                 |    scalar    |
|data_14_V_read  |  in |    8|   ap_none  |                  data_14_V_read                 |    scalar    |
|data_15_V_read  |  in |    8|   ap_none  |                  data_15_V_read                 |    scalar    |
|data_16_V_read  |  in |    8|   ap_none  |                  data_16_V_read                 |    scalar    |
|data_17_V_read  |  in |    8|   ap_none  |                  data_17_V_read                 |    scalar    |
|data_18_V_read  |  in |    8|   ap_none  |                  data_18_V_read                 |    scalar    |
|data_19_V_read  |  in |    8|   ap_none  |                  data_19_V_read                 |    scalar    |
|data_20_V_read  |  in |    8|   ap_none  |                  data_20_V_read                 |    scalar    |
|data_21_V_read  |  in |    8|   ap_none  |                  data_21_V_read                 |    scalar    |
|data_22_V_read  |  in |    8|   ap_none  |                  data_22_V_read                 |    scalar    |
|data_23_V_read  |  in |    8|   ap_none  |                  data_23_V_read                 |    scalar    |
|data_24_V_read  |  in |    8|   ap_none  |                  data_24_V_read                 |    scalar    |
|data_25_V_read  |  in |    8|   ap_none  |                  data_25_V_read                 |    scalar    |
|data_26_V_read  |  in |    8|   ap_none  |                  data_26_V_read                 |    scalar    |
|data_27_V_read  |  in |    8|   ap_none  |                  data_27_V_read                 |    scalar    |
|data_28_V_read  |  in |    8|   ap_none  |                  data_28_V_read                 |    scalar    |
|data_29_V_read  |  in |    8|   ap_none  |                  data_29_V_read                 |    scalar    |
|data_30_V_read  |  in |    8|   ap_none  |                  data_30_V_read                 |    scalar    |
|data_31_V_read  |  in |    8|   ap_none  |                  data_31_V_read                 |    scalar    |
|data_32_V_read  |  in |    8|   ap_none  |                  data_32_V_read                 |    scalar    |
|data_33_V_read  |  in |    8|   ap_none  |                  data_33_V_read                 |    scalar    |
|data_34_V_read  |  in |    8|   ap_none  |                  data_34_V_read                 |    scalar    |
|data_35_V_read  |  in |    8|   ap_none  |                  data_35_V_read                 |    scalar    |
|data_36_V_read  |  in |    8|   ap_none  |                  data_36_V_read                 |    scalar    |
|data_37_V_read  |  in |    8|   ap_none  |                  data_37_V_read                 |    scalar    |
|data_38_V_read  |  in |    8|   ap_none  |                  data_38_V_read                 |    scalar    |
|data_39_V_read  |  in |    8|   ap_none  |                  data_39_V_read                 |    scalar    |
|data_40_V_read  |  in |    8|   ap_none  |                  data_40_V_read                 |    scalar    |
|data_41_V_read  |  in |    8|   ap_none  |                  data_41_V_read                 |    scalar    |
|data_42_V_read  |  in |    8|   ap_none  |                  data_42_V_read                 |    scalar    |
|data_43_V_read  |  in |    8|   ap_none  |                  data_43_V_read                 |    scalar    |
|data_44_V_read  |  in |    8|   ap_none  |                  data_44_V_read                 |    scalar    |
|data_45_V_read  |  in |    8|   ap_none  |                  data_45_V_read                 |    scalar    |
|data_46_V_read  |  in |    8|   ap_none  |                  data_46_V_read                 |    scalar    |
|data_47_V_read  |  in |    8|   ap_none  |                  data_47_V_read                 |    scalar    |
|data_48_V_read  |  in |    8|   ap_none  |                  data_48_V_read                 |    scalar    |
|data_49_V_read  |  in |    8|   ap_none  |                  data_49_V_read                 |    scalar    |
|data_50_V_read  |  in |    8|   ap_none  |                  data_50_V_read                 |    scalar    |
|data_51_V_read  |  in |    8|   ap_none  |                  data_51_V_read                 |    scalar    |
|data_52_V_read  |  in |    8|   ap_none  |                  data_52_V_read                 |    scalar    |
|data_53_V_read  |  in |    8|   ap_none  |                  data_53_V_read                 |    scalar    |
|data_54_V_read  |  in |    8|   ap_none  |                  data_54_V_read                 |    scalar    |
|data_55_V_read  |  in |    8|   ap_none  |                  data_55_V_read                 |    scalar    |
|data_56_V_read  |  in |    8|   ap_none  |                  data_56_V_read                 |    scalar    |
|data_57_V_read  |  in |    8|   ap_none  |                  data_57_V_read                 |    scalar    |
|data_58_V_read  |  in |    8|   ap_none  |                  data_58_V_read                 |    scalar    |
|data_59_V_read  |  in |    8|   ap_none  |                  data_59_V_read                 |    scalar    |
|data_60_V_read  |  in |    8|   ap_none  |                  data_60_V_read                 |    scalar    |
|data_61_V_read  |  in |    8|   ap_none  |                  data_61_V_read                 |    scalar    |
|data_62_V_read  |  in |    8|   ap_none  |                  data_62_V_read                 |    scalar    |
|data_63_V_read  |  in |    8|   ap_none  |                  data_63_V_read                 |    scalar    |
|data_64_V_read  |  in |    8|   ap_none  |                  data_64_V_read                 |    scalar    |
|data_65_V_read  |  in |    8|   ap_none  |                  data_65_V_read                 |    scalar    |
|data_66_V_read  |  in |    8|   ap_none  |                  data_66_V_read                 |    scalar    |
|data_67_V_read  |  in |    8|   ap_none  |                  data_67_V_read                 |    scalar    |
|data_68_V_read  |  in |    8|   ap_none  |                  data_68_V_read                 |    scalar    |
|data_69_V_read  |  in |    8|   ap_none  |                  data_69_V_read                 |    scalar    |
|data_70_V_read  |  in |    8|   ap_none  |                  data_70_V_read                 |    scalar    |
|data_71_V_read  |  in |    8|   ap_none  |                  data_71_V_read                 |    scalar    |
+----------------+-----+-----+------------+-------------------------------------------------+--------------+

