Copyright 1986-2019 Xilinx, Inc. All Rights Reserved.
-------------------------------------------------------------------------------------------------------------------
| Tool Version : Vivado v.2019.1 (lin64) Build 2552052 Fri May 24 14:47:09 MDT 2019
| Date         : Mon Nov 10 22:55:47 2025
| Host         : hvm1 running 64-bit Ubuntu 22.04.5 LTS
| Command      : report_utilization -hierarchical -hierarchical_depth 1 -file reports/28_10_HM28_10_SA6_6_hier.rpt
| Design       : waiz_benchmark
| Device       : xcvu13pfhga2104-3
| Design State : Routed
-------------------------------------------------------------------------------------------------------------------

Utilization Design Information

Table of Contents
-----------------
1. Utilization by Hierarchy

1. Utilization by Hierarchy
---------------------------

+--------------------+---------------------------------------+------------+------------+---------+------+--------+--------+--------+------+--------------+
|      Instance      |                 Module                | Total LUTs | Logic LUTs | LUTRAMs | SRLs |   FFs  | RAMB36 | RAMB18 | URAM | DSP48 Blocks |
+--------------------+---------------------------------------+------------+------------+---------+------+--------+--------+--------+------+--------------+
| waiz_benchmark     |                                 (top) |     339493 |     339493 |       0 |    0 | 108471 |      0 |      0 |    0 |         1969 |
|   (waiz_benchmark) |                                 (top) |       3275 |       3275 |       0 |    0 |      0 |      0 |      0 |    0 |            0 |
|   denselayer1      |                            denseLayer |     186638 |     186638 |       0 |    0 |  26175 |      0 |      0 |    0 |          582 |
|   denselayer2      |            denseLayer__parameterized0 |     102563 |     102563 |       0 |    0 |  53765 |      0 |      0 |    0 |          587 |
|   denselayer3      |            denseLayer__parameterized1 |      36917 |      36917 |       0 |    0 |  24680 |      0 |      0 |    0 |          712 |
|   denselayer4      |            denseLayer__parameterized2 |       4350 |       4350 |       0 |    0 |   3783 |      0 |      0 |    0 |           83 |
|   relulayer1       |                   reluActivationLayer |      19488 |      19488 |       0 |    0 |      0 |      0 |      0 |    0 |            0 |
|   relulayer2       |   reluActivationLayer__parameterized0 |       8378 |       8378 |       0 |    0 |      0 |      0 |      0 |    0 |            0 |
|   relulayer3       | reluActivationLayer__parameterized0_0 |       1924 |       1924 |       0 |    0 |      0 |      0 |      0 |    0 |            0 |
|   softmax          |                          softmaxLayer |        988 |        988 |       0 |    0 |     68 |      0 |      0 |    0 |            5 |
+--------------------+---------------------------------------+------------+------------+---------+------+--------+--------+--------+------+--------------+
* Note: The sum of lower-level cells may be larger than their parent cells total, due to cross-hierarchy LUT combining


