Copyright 1986-2019 Xilinx, Inc. All Rights Reserved.
-----------------------------------------------------------------------------------------
| Tool Version      : Vivado v.2019.1 (lin64) Build 2552052 Fri May 24 14:47:09 MDT 2019
| Date              : Thu Nov 13 20:39:42 2025
| Host              : hvm1 running 64-bit Ubuntu 22.04.5 LTS
| Command           : report_timing_summary -file reports/30_6_Fixed_int_SD_timing.rpt
| Design            : waiz_benchmark
| Device            : xcvu13p-fhga2104
| Speed File        : -3  PRODUCTION 1.23 03-18-2019
| Temperature Grade : E
-----------------------------------------------------------------------------------------

Timing Summary Report

------------------------------------------------------------------------------------------------
| Timer Settings
| --------------
------------------------------------------------------------------------------------------------

  Enable Multi Corner Analysis               :  Yes
  Enable Pessimism Removal                   :  Yes
  Pessimism Removal Resolution               :  Nearest Common Node
  Enable Input Delay Default Clock           :  No
  Enable Preset / Clear Arcs                 :  No
  Disable Flight Delays                      :  No
  Ignore I/O Paths                           :  No
  Timing Early Launch at Borrowing Latches   :  No
  Borrow Time for Max Delay Exceptions       :  Yes

  Corner  Analyze    Analyze    
  Name    Max Paths  Min Paths  
  ------  ---------  ---------  
  Slow    Yes        Yes        
  Fast    Yes        Yes        



check_timing report

Table of Contents
-----------------
1. checking no_clock
2. checking constant_clock
3. checking pulse_width_clock
4. checking unconstrained_internal_endpoints
5. checking no_input_delay
6. checking no_output_delay
7. checking multiple_clock
8. checking generated_clocks
9. checking loops
10. checking partial_input_delay
11. checking partial_output_delay
12. checking latch_loops

1. checking no_clock
--------------------
 There are 0 register/latch pins with no clock.


2. checking constant_clock
--------------------------
 There are 0 register/latch pins with constant_clock.


3. checking pulse_width_clock
-----------------------------
 There are 0 register/latch pins which need pulse_width check


4. checking unconstrained_internal_endpoints
--------------------------------------------
 There are 0 pins that are not constrained for maximum delay.

 There are 0 pins that are not constrained for maximum delay due to constant clock.


5. checking no_input_delay
--------------------------
 There are 482 input ports with no input delay specified. (HIGH)

 There are 0 input ports with no input delay but user has a false path constraint.


6. checking no_output_delay
---------------------------
 There are 131 ports with no output delay specified. (HIGH)

 There are 0 ports with no output delay but user has a false path constraint

 There are 0 ports with no output delay but with a timing clock defined on it or propagating through it


7. checking multiple_clock
--------------------------
 There are 0 register/latch pins with multiple clocks.


8. checking generated_clocks
----------------------------
 There are 0 generated clocks that are not connected to a clock source.


9. checking loops
-----------------
 There are 0 combinational loops in the design.


10. checking partial_input_delay
--------------------------------
 There are 0 input ports with partial input delay specified.


11. checking partial_output_delay
---------------------------------
 There are 0 ports with partial output delay specified.


12. checking latch_loops
------------------------
 There are 0 combinational latch loops in the design through latch input



------------------------------------------------------------------------------------------------
| Design Timing Summary
| ---------------------
------------------------------------------------------------------------------------------------

    WNS(ns)      TNS(ns)  TNS Failing Endpoints  TNS Total Endpoints      WHS(ns)      THS(ns)  THS Failing Endpoints  THS Total Endpoints     WPWS(ns)     TPWS(ns)  TPWS Failing Endpoints  TPWS Total Endpoints  
    -------      -------  ---------------------  -------------------      -------      -------  ---------------------  -------------------     --------     --------  ----------------------  --------------------  
      0.185        0.000                      0               286130        0.015        0.000                      0               286130        2.225        0.000                       0                 85401  


All user specified timing constraints are met.


------------------------------------------------------------------------------------------------
| Clock Summary
| -------------
------------------------------------------------------------------------------------------------

Clock   Waveform(ns)         Period(ns)      Frequency(MHz)
-----   ------------         ----------      --------------
ap_clk  {0.000 2.500}        5.000           200.000         


------------------------------------------------------------------------------------------------
| Intra Clock Table
| -----------------
------------------------------------------------------------------------------------------------

Clock             WNS(ns)      TNS(ns)  TNS Failing Endpoints  TNS Total Endpoints      WHS(ns)      THS(ns)  THS Failing Endpoints  THS Total Endpoints     WPWS(ns)     TPWS(ns)  TPWS Failing Endpoints  TPWS Total Endpoints  
-----             -------      -------  ---------------------  -------------------      -------      -------  ---------------------  -------------------     --------     --------  ----------------------  --------------------  
ap_clk              0.185        0.000                      0               286130        0.015        0.000                      0               286130        2.225        0.000                       0                 85401  


------------------------------------------------------------------------------------------------
| Inter Clock Table
| -----------------
------------------------------------------------------------------------------------------------

From Clock    To Clock          WNS(ns)      TNS(ns)  TNS Failing Endpoints  TNS Total Endpoints      WHS(ns)      THS(ns)  THS Failing Endpoints  THS Total Endpoints  
----------    --------          -------      -------  ---------------------  -------------------      -------      -------  ---------------------  -------------------  


------------------------------------------------------------------------------------------------
| Other Path Groups Table
| -----------------------
------------------------------------------------------------------------------------------------

Path Group    From Clock    To Clock          WNS(ns)      TNS(ns)  TNS Failing Endpoints  TNS Total Endpoints      WHS(ns)      THS(ns)  THS Failing Endpoints  THS Total Endpoints  
----------    ----------    --------          -------      -------  ---------------------  -------------------      -------      -------  ---------------------  -------------------  


------------------------------------------------------------------------------------------------
| Timing Details
| --------------
------------------------------------------------------------------------------------------------


---------------------------------------------------------------------------------------------------
From Clock:  ap_clk
  To Clock:  ap_clk

Setup :            0  Failing Endpoints,  Worst Slack        0.185ns,  Total Violation        0.000ns
Hold  :            0  Failing Endpoints,  Worst Slack        0.015ns,  Total Violation        0.000ns
PW    :            0  Failing Endpoints,  Worst Slack        2.225ns,  Total Violation        0.000ns
---------------------------------------------------------------------------------------------------


Max Delay Paths
--------------------------------------------------------------------------------------
Slack (MET) :             0.185ns  (required time - arrival time)
  Source:                 denselayer2/output_data_reg[0][3]/C
                            (rising edge-triggered cell FDCE clocked by ap_clk  {rise@0.000ns fall@2.500ns period=5.000ns})
  Destination:            denselayer3/INPUT_SIZE_rows[0].OUTPUT_SIZE_cols[1].sa/data_out_reg[53]/D
                            (rising edge-triggered cell FDRE clocked by ap_clk  {rise@0.000ns fall@2.500ns period=5.000ns})
  Path Group:             ap_clk
  Path Type:              Setup (Max at Slow Process Corner)
  Requirement:            5.000ns  (ap_clk rise@5.000ns - ap_clk rise@0.000ns)
  Data Path Delay:        4.662ns  (logic 1.081ns (23.187%)  route 3.581ns (76.812%))
  Logic Levels:           11  (CARRY8=5 LUT2=1 LUT3=2 LUT4=1 LUT5=1 LUT6=1)
  Clock Path Skew:        -0.141ns (DCD - SCD + CPR)
    Destination Clock Delay (DCD):    2.811ns = ( 7.811 - 5.000 ) 
    Source Clock Delay      (SCD):    3.288ns
    Clock Pessimism Removal (CPR):    0.335ns
  Clock Uncertainty:      0.035ns  ((TSJ^2 + TIJ^2)^1/2 + DJ) / 2 + PE
    Total System Jitter     (TSJ):    0.071ns
    Total Input Jitter      (TIJ):    0.000ns
    Discrete Jitter          (DJ):    0.000ns
    Phase Error              (PE):    0.000ns
  Clock Net Delay (Source):      2.430ns (routing 0.540ns, distribution 1.890ns)
  Clock Net Delay (Destination): 2.198ns (routing 0.491ns, distribution 1.707ns)

    Location             Delay type                Incr(ns)  Path(ns)    Netlist Resource(s)
  -------------------------------------------------------------------    -------------------
                         (clock ap_clk rise edge)     0.000     0.000 r  
    AW18                                              0.000     0.000 r  clk (IN)
                         net (fo=0)                   0.000     0.000    clk_IBUF_inst/I
    AW18                 INBUF (Prop_INBUF_HPIOB_M_PAD_O)
                                                      0.495     0.495 r  clk_IBUF_inst/INBUF_INST/O
                         net (fo=1, routed)           0.000     0.495    clk_IBUF_inst/OUT
    AW18                 IBUFCTRL (Prop_IBUFCTRL_HPIOB_M_I_O)
                                                      0.000     0.495 r  clk_IBUF_inst/IBUFCTRL_INST/O
                         net (fo=1, routed)           0.335     0.830    clk_IBUF
    BUFGCE_X0Y122        BUFGCE (Prop_BUFCE_BUFGCE_I_O)
                                                      0.028     0.858 r  clk_IBUF_BUFG_inst/O
    X3Y5 (CLOCK_ROOT)    net (fo=116991, routed)      2.430     3.288    denselayer2/clk_IBUF_BUFG
    SLR Crossing[1->2]   
    SLICE_X151Y490       FDCE                                         r  denselayer2/output_data_reg[0][3]/C
  -------------------------------------------------------------------    -------------------
    SLICE_X151Y490       FDCE (Prop_BFF_SLICEL_C_Q)
                                                      0.070     3.358 f  denselayer2/output_data_reg[0][3]/Q
                         net (fo=6, routed)           0.618     3.976    relulayer2/data_out_reg[42][3]
    SLICE_X150Y526       LUT2 (Prop_C6LUT_SLICEM_I0_O)
                                                      0.081     4.057 f  relulayer2/tmp_product_i_14__6/O
                         net (fo=103, routed)         1.623     5.680    denselayer2/INPUT_SIZE_rows[0].OUTPUT_SIZE_cols[1].sa/dense3_input_data[31][3]
    SLICE_X147Y630       LUT3 (Prop_B5LUT_SLICEL_I2_O)
                                                      0.105     5.785 r  denselayer2/INPUT_SIZE_rows[0].OUTPUT_SIZE_cols[1].sa/data_out0__0_carry__2_i_6__74/O
                         net (fo=2, routed)           0.229     6.014    denselayer2/INPUT_SIZE_rows[0].OUTPUT_SIZE_cols[1].sa/output_data_reg[0][23]_0[2]
    SLICE_X147Y630       LUT4 (Prop_C6LUT_SLICEL_I3_O)
                                                      0.133     6.147 r  denselayer2/INPUT_SIZE_rows[0].OUTPUT_SIZE_cols[1].sa/data_out0__0_carry__2_i_14__73/O
                         net (fo=1, routed)           0.013     6.160    denselayer3/INPUT_SIZE_rows[0].OUTPUT_SIZE_cols[1].sa/data_out0__145_carry__2_i_14_0[2]
    SLICE_X147Y630       CARRY8 (Prop_CARRY8_SLICEL_S[2]_CO[7])
                                                      0.138     6.298 r  denselayer3/INPUT_SIZE_rows[0].OUTPUT_SIZE_cols[1].sa/data_out0__0_carry__2/CO[7]
                         net (fo=1, routed)           0.023     6.321    denselayer3/INPUT_SIZE_rows[0].OUTPUT_SIZE_cols[1].sa/data_out0__0_carry__2_n_0
    SLICE_X147Y631       CARRY8 (Prop_CARRY8_SLICEL_CI_O[1])
                                                      0.067     6.388 r  denselayer3/INPUT_SIZE_rows[0].OUTPUT_SIZE_cols[1].sa/data_out0__0_carry__3/O[1]
                         net (fo=3, routed)           0.327     6.715    denselayer2/INPUT_SIZE_rows[0].OUTPUT_SIZE_cols[1].sa/data_out_reg[47][1]
    SLICE_X144Y630       LUT3 (Prop_D5LUT_SLICEL_I1_O)
                                                      0.061     6.776 f  denselayer2/INPUT_SIZE_rows[0].OUTPUT_SIZE_cols[1].sa/data_out0__145_carry__3_i_20/O
                         net (fo=2, routed)           0.172     6.948    denselayer2/INPUT_SIZE_rows[0].OUTPUT_SIZE_cols[1].sa/data_out0__145_carry__3_i_20_n_0
    SLICE_X144Y631       LUT5 (Prop_H6LUT_SLICEL_I3_O)
                                                      0.135     7.083 r  denselayer2/INPUT_SIZE_rows[0].OUTPUT_SIZE_cols[1].sa/data_out0__145_carry__3_i_5/O
                         net (fo=2, routed)           0.477     7.560    denselayer2/INPUT_SIZE_rows[0].OUTPUT_SIZE_cols[1].sa/output_data_reg[0][25][3]
    SLICE_X146Y631       LUT6 (Prop_D6LUT_SLICEM_I0_O)
                                                      0.031     7.591 r  denselayer2/INPUT_SIZE_rows[0].OUTPUT_SIZE_cols[1].sa/data_out0__145_carry__3_i_13/O
                         net (fo=1, routed)           0.029     7.620    denselayer3/INPUT_SIZE_rows[0].OUTPUT_SIZE_cols[1].sa/data_out_reg[39]_1[3]
    SLICE_X146Y631       CARRY8 (Prop_CARRY8_SLICEM_S[3]_CO[7])
                                                      0.145     7.765 r  denselayer3/INPUT_SIZE_rows[0].OUTPUT_SIZE_cols[1].sa/data_out0__145_carry__3/CO[7]
                         net (fo=1, routed)           0.023     7.788    denselayer3/INPUT_SIZE_rows[0].OUTPUT_SIZE_cols[1].sa/data_out0__145_carry__3_n_0
    SLICE_X146Y632       CARRY8 (Prop_CARRY8_SLICEM_CI_CO[7])
                                                      0.012     7.800 r  denselayer3/INPUT_SIZE_rows[0].OUTPUT_SIZE_cols[1].sa/data_out0__145_carry__4/CO[7]
                         net (fo=1, routed)           0.023     7.823    denselayer3/INPUT_SIZE_rows[0].OUTPUT_SIZE_cols[1].sa/data_out0__145_carry__4_n_0
    SLICE_X146Y633       CARRY8 (Prop_CARRY8_SLICEM_CI_O[5])
                                                      0.103     7.926 r  denselayer3/INPUT_SIZE_rows[0].OUTPUT_SIZE_cols[1].sa/data_out0__145_carry__5/O[5]
                         net (fo=1, routed)           0.024     7.950    denselayer3/INPUT_SIZE_rows[0].OUTPUT_SIZE_cols[1].sa/data_out0[53]
    SLICE_X146Y633       FDRE                                         r  denselayer3/INPUT_SIZE_rows[0].OUTPUT_SIZE_cols[1].sa/data_out_reg[53]/D
  -------------------------------------------------------------------    -------------------

                         (clock ap_clk rise edge)     5.000     5.000 r  
    AW18                                              0.000     5.000 r  clk (IN)
                         net (fo=0)                   0.000     5.000    clk_IBUF_inst/I
    AW18                 INBUF (Prop_INBUF_HPIOB_M_PAD_O)
                                                      0.291     5.291 r  clk_IBUF_inst/INBUF_INST/O
                         net (fo=1, routed)           0.000     5.291    clk_IBUF_inst/OUT
    AW18                 IBUFCTRL (Prop_IBUFCTRL_HPIOB_M_I_O)
                                                      0.000     5.291 r  clk_IBUF_inst/IBUFCTRL_INST/O
                         net (fo=1, routed)           0.298     5.589    clk_IBUF
    BUFGCE_X0Y122        BUFGCE (Prop_BUFCE_BUFGCE_I_O)
                                                      0.024     5.613 r  clk_IBUF_BUFG_inst/O
    X3Y5 (CLOCK_ROOT)    net (fo=116991, routed)      2.198     7.811    denselayer3/INPUT_SIZE_rows[0].OUTPUT_SIZE_cols[1].sa/clk_IBUF_BUFG
    SLR Crossing[1->2]   
    SLICE_X146Y633       FDRE                                         r  denselayer3/INPUT_SIZE_rows[0].OUTPUT_SIZE_cols[1].sa/data_out_reg[53]/C
                         clock pessimism              0.335     8.147    
                         clock uncertainty           -0.035     8.112    
    SLICE_X146Y633       FDRE (Setup_FFF_SLICEM_C_D)
                                                      0.023     8.135    denselayer3/INPUT_SIZE_rows[0].OUTPUT_SIZE_cols[1].sa/data_out_reg[53]
  -------------------------------------------------------------------
                         required time                          8.135    
                         arrival time                          -7.950    
  -------------------------------------------------------------------
                         slack                                  0.185    





Min Delay Paths
--------------------------------------------------------------------------------------
Slack (MET) :             0.015ns  (arrival time - required time)
  Source:                 denselayer3/sum_all/col_trees[26].column_tree/genblk2[0].genblk1[1].tree_reg[1][29]/C
                            (rising edge-triggered cell FDRE clocked by ap_clk  {rise@0.000ns fall@2.500ns period=5.000ns})
  Destination:            denselayer3/sum_all/col_trees[26].column_tree/output_data_reg[29]/D
                            (rising edge-triggered cell FDRE clocked by ap_clk  {rise@0.000ns fall@2.500ns period=5.000ns})
  Path Group:             ap_clk
  Path Type:              Hold (Min at Fast Process Corner)
  Requirement:            0.000ns  (ap_clk rise@0.000ns - ap_clk rise@0.000ns)
  Data Path Delay:        0.102ns  (logic 0.039ns (38.235%)  route 0.063ns (61.765%))
  Logic Levels:           0  
  Clock Path Skew:        0.040ns (DCD - SCD - CPR)
    Destination Clock Delay (DCD):    2.147ns
    Source Clock Delay      (SCD):    1.765ns
    Clock Pessimism Removal (CPR):    0.341ns
  Clock Net Delay (Source):      1.397ns (routing 0.318ns, distribution 1.079ns)
  Clock Net Delay (Destination): 1.556ns (routing 0.349ns, distribution 1.207ns)

    Location             Delay type                Incr(ns)  Path(ns)    Netlist Resource(s)
  -------------------------------------------------------------------    -------------------
                         (clock ap_clk rise edge)     0.000     0.000 r  
    AW18                                              0.000     0.000 r  clk (IN)
                         net (fo=0)                   0.000     0.000    clk_IBUF_inst/I
    AW18                 INBUF (Prop_INBUF_HPIOB_M_PAD_O)
                                                      0.195     0.195 r  clk_IBUF_inst/INBUF_INST/O
                         net (fo=1, routed)           0.000     0.195    clk_IBUF_inst/OUT
    AW18                 IBUFCTRL (Prop_IBUFCTRL_HPIOB_M_I_O)
                                                      0.000     0.195 r  clk_IBUF_inst/IBUFCTRL_INST/O
                         net (fo=1, routed)           0.156     0.351    clk_IBUF
    BUFGCE_X0Y122        BUFGCE (Prop_BUFCE_BUFGCE_I_O)
                                                      0.017     0.368 r  clk_IBUF_BUFG_inst/O
    X3Y5 (CLOCK_ROOT)    net (fo=116991, routed)      1.397     1.765    denselayer3/sum_all/col_trees[26].column_tree/clk_IBUF_BUFG
    SLR Crossing[1->2]   
    SLICE_X90Y654        FDRE                                         r  denselayer3/sum_all/col_trees[26].column_tree/genblk2[0].genblk1[1].tree_reg[1][29]/C
  -------------------------------------------------------------------    -------------------
    SLICE_X90Y654        FDRE (Prop_FFF_SLICEL_C_Q)
                                                      0.039     1.804 r  denselayer3/sum_all/col_trees[26].column_tree/genblk2[0].genblk1[1].tree_reg[1][29]/Q
                         net (fo=1, routed)           0.063     1.867    denselayer3/sum_all/col_trees[26].column_tree/genblk2[0].genblk1[1].tree_reg[1]_356[29]
    SLICE_X91Y654        FDRE                                         r  denselayer3/sum_all/col_trees[26].column_tree/output_data_reg[29]/D
  -------------------------------------------------------------------    -------------------

                         (clock ap_clk rise edge)     0.000     0.000 r  
    AW18                                              0.000     0.000 r  clk (IN)
                         net (fo=0)                   0.000     0.000    clk_IBUF_inst/I
    AW18                 INBUF (Prop_INBUF_HPIOB_M_PAD_O)
                                                      0.381     0.381 r  clk_IBUF_inst/INBUF_INST/O
                         net (fo=1, routed)           0.000     0.381    clk_IBUF_inst/OUT
    AW18                 IBUFCTRL (Prop_IBUFCTRL_HPIOB_M_I_O)
                                                      0.000     0.381 r  clk_IBUF_inst/IBUFCTRL_INST/O
                         net (fo=1, routed)           0.191     0.572    clk_IBUF
    BUFGCE_X0Y122        BUFGCE (Prop_BUFCE_BUFGCE_I_O)
                                                      0.019     0.591 r  clk_IBUF_BUFG_inst/O
    X3Y5 (CLOCK_ROOT)    net (fo=116991, routed)      1.556     2.147    denselayer3/sum_all/col_trees[26].column_tree/clk_IBUF_BUFG
    SLR Crossing[1->2]   
    SLICE_X91Y654        FDRE                                         r  denselayer3/sum_all/col_trees[26].column_tree/output_data_reg[29]/C
                         clock pessimism             -0.341     1.805    
    SLICE_X91Y654        FDRE (Hold_GFF2_SLICEM_C_D)
                                                      0.047     1.852    denselayer3/sum_all/col_trees[26].column_tree/output_data_reg[29]
  -------------------------------------------------------------------
                         required time                         -1.852    
                         arrival time                           1.867    
  -------------------------------------------------------------------
                         slack                                  0.015    





Pulse Width Checks
--------------------------------------------------------------------------------------
Clock Name:         ap_clk
Waveform(ns):       { 0.000 2.500 }
Period(ns):         5.000
Sources:            { clk }

Check Type        Corner  Lib Pin   Reference Pin  Required(ns)  Actual(ns)  Slack(ns)  Location        Pin
Min Period        n/a     BUFGCE/I  n/a            1.122         5.000       3.878      BUFGCE_X0Y122   clk_IBUF_BUFG_inst/I
Low Pulse Width   Slow    FDRE/C    n/a            0.275         2.500       2.225      SLICE_X146Y587  denselayer3/INPUT_SIZE_rows[2].OUTPUT_SIZE_cols[15].sa/data_out_reg[28]/C
High Pulse Width  Fast    FDRE/C    n/a            0.275         2.500       2.225      SLICE_X146Y589  denselayer3/INPUT_SIZE_rows[2].OUTPUT_SIZE_cols[15].sa/data_out_reg[44]/C



