Copyright 1986-2019 Xilinx, Inc. All Rights Reserved.
-----------------------------------------------------------------------------------------
| Tool Version      : Vivado v.2019.1 (lin64) Build 2552052 Fri May 24 14:47:09 MDT 2019
| Date              : Mon Nov 17 17:16:47 2025
| Host              : hvm1 running 64-bit Ubuntu 22.04.5 LTS
| Command           : report_timing_summary -file reports/hls_argmax_13_5_timing.rpt
| Design            : p
| Device            : xcvu13p-fhga2104
| Speed File        : -3  PRODUCTION 1.23 03-18-2019
| Temperature Grade : E
-----------------------------------------------------------------------------------------

Timing Summary Report

------------------------------------------------------------------------------------------------
| Timer Settings
| --------------
------------------------------------------------------------------------------------------------

  Enable Multi Corner Analysis               :  Yes
  Enable Pessimism Removal                   :  Yes
  Pessimism Removal Resolution               :  Nearest Common Node
  Enable Input Delay Default Clock           :  No
  Enable Preset / Clear Arcs                 :  No
  Disable Flight Delays                      :  No
  Ignore I/O Paths                           :  No
  Timing Early Launch at Borrowing Latches   :  No
  Borrow Time for Max Delay Exceptions       :  Yes

  Corner  Analyze    Analyze    
  Name    Max Paths  Min Paths  
  ------  ---------  ---------  
  Slow    Yes        Yes        
  Fast    Yes        Yes        



check_timing report

Table of Contents
-----------------
1. checking no_clock
2. checking constant_clock
3. checking pulse_width_clock
4. checking unconstrained_internal_endpoints
5. checking no_input_delay
6. checking no_output_delay
7. checking multiple_clock
8. checking generated_clocks
9. checking loops
10. checking partial_input_delay
11. checking partial_output_delay
12. checking latch_loops

1. checking no_clock
--------------------
 There are 0 register/latch pins with no clock.


2. checking constant_clock
--------------------------
 There are 0 register/latch pins with constant_clock.


3. checking pulse_width_clock
-----------------------------
 There are 0 register/latch pins which need pulse_width check


4. checking unconstrained_internal_endpoints
--------------------------------------------
 There are 0 pins that are not constrained for maximum delay.

 There are 0 pins that are not constrained for maximum delay due to constant clock.


5. checking no_input_delay
--------------------------
 There are 211 input ports with no input delay specified. (HIGH)

 There are 0 input ports with no input delay but user has a false path constraint.


6. checking no_output_delay
---------------------------
 There are 13 ports with no output delay specified. (HIGH)

 There are 0 ports with no output delay but user has a false path constraint

 There are 0 ports with no output delay but with a timing clock defined on it or propagating through it


7. checking multiple_clock
--------------------------
 There are 0 register/latch pins with multiple clocks.


8. checking generated_clocks
----------------------------
 There are 0 generated clocks that are not connected to a clock source.


9. checking loops
-----------------
 There are 0 combinational loops in the design.


10. checking partial_input_delay
--------------------------------
 There are 0 input ports with partial input delay specified.


11. checking partial_output_delay
---------------------------------
 There are 0 ports with partial output delay specified.


12. checking latch_loops
------------------------
 There are 0 combinational latch loops in the design through latch input



------------------------------------------------------------------------------------------------
| Design Timing Summary
| ---------------------
------------------------------------------------------------------------------------------------

    WNS(ns)      TNS(ns)  TNS Failing Endpoints  TNS Total Endpoints      WHS(ns)      THS(ns)  THS Failing Endpoints  THS Total Endpoints     WPWS(ns)     TPWS(ns)  TPWS Failing Endpoints  TPWS Total Endpoints  
    -------      -------  ---------------------  -------------------      -------      -------  ---------------------  -------------------     --------     --------  ----------------------  --------------------  
     -0.134       -3.580                     65                66550        0.034        0.000                      0                66550        2.225        0.000                       0                  7888  


Timing constraints are not met.


------------------------------------------------------------------------------------------------
| Clock Summary
| -------------
------------------------------------------------------------------------------------------------

Clock   Waveform(ns)         Period(ns)      Frequency(MHz)
-----   ------------         ----------      --------------
ap_clk  {0.000 2.500}        5.000           200.000         


------------------------------------------------------------------------------------------------
| Intra Clock Table
| -----------------
------------------------------------------------------------------------------------------------

Clock             WNS(ns)      TNS(ns)  TNS Failing Endpoints  TNS Total Endpoints      WHS(ns)      THS(ns)  THS Failing Endpoints  THS Total Endpoints     WPWS(ns)     TPWS(ns)  TPWS Failing Endpoints  TPWS Total Endpoints  
-----             -------      -------  ---------------------  -------------------      -------      -------  ---------------------  -------------------     --------     --------  ----------------------  --------------------  
ap_clk             -0.134       -3.580                     65                66550        0.034        0.000                      0                66550        2.225        0.000                       0                  7888  


------------------------------------------------------------------------------------------------
| Inter Clock Table
| -----------------
------------------------------------------------------------------------------------------------

From Clock    To Clock          WNS(ns)      TNS(ns)  TNS Failing Endpoints  TNS Total Endpoints      WHS(ns)      THS(ns)  THS Failing Endpoints  THS Total Endpoints  
----------    --------          -------      -------  ---------------------  -------------------      -------      -------  ---------------------  -------------------  


------------------------------------------------------------------------------------------------
| Other Path Groups Table
| -----------------------
------------------------------------------------------------------------------------------------

Path Group    From Clock    To Clock          WNS(ns)      TNS(ns)  TNS Failing Endpoints  TNS Total Endpoints      WHS(ns)      THS(ns)  THS Failing Endpoints  THS Total Endpoints  
----------    ----------    --------          -------      -------  ---------------------  -------------------      -------      -------  ---------------------  -------------------  


------------------------------------------------------------------------------------------------
| Timing Details
| --------------
------------------------------------------------------------------------------------------------


---------------------------------------------------------------------------------------------------
From Clock:  ap_clk
  To Clock:  ap_clk

Setup :           65  Failing Endpoints,  Worst Slack       -0.134ns,  Total Violation       -3.580ns
Hold  :            0  Failing Endpoints,  Worst Slack        0.034ns,  Total Violation        0.000ns
PW    :            0  Failing Endpoints,  Worst Slack        2.225ns,  Total Violation        0.000ns
---------------------------------------------------------------------------------------------------


Max Delay Paths
--------------------------------------------------------------------------------------
Slack (VIOLATED) :        -0.134ns  (required time - arrival time)
  Source:                 grp_dense_latency_0_0_0_0_0_0_0_0_0_0_0_0_0_0_0_0_0_0_0_0_0_0_0_0_0_0_0_0_0_0_0_0_0_fu_107/mul_ln1118_101_fu_2988_p2/DSP_A_B_DATA_INST/CLK
                            (rising edge-triggered cell DSP_A_B_DATA clocked by ap_clk  {rise@0.000ns fall@2.500ns period=5.000ns})
  Destination:            grp_dense_latency_0_0_0_0_0_0_0_0_0_0_0_0_0_0_0_0_0_0_0_0_0_0_0_0_0_0_0_0_0_0_0_0_0_fu_107/add_ln703_1009_reg_5197079_reg[12]/D
                            (rising edge-triggered cell FDRE clocked by ap_clk  {rise@0.000ns fall@2.500ns period=5.000ns})
  Path Group:             ap_clk
  Path Type:              Setup (Max at Slow Process Corner)
  Requirement:            5.000ns  (ap_clk rise@5.000ns - ap_clk rise@0.000ns)
  Data Path Delay:        5.108ns  (logic 2.137ns (41.836%)  route 2.971ns (58.164%))
  Logic Levels:           16  (CARRY8=4 DSP_ALU=1 DSP_M_DATA=1 DSP_MULTIPLIER=1 DSP_OUTPUT=1 DSP_PREADD_DATA=1 LUT3=3 LUT4=2 LUT5=1 LUT6=1)
  Clock Path Skew:        -0.014ns (DCD - SCD + CPR)
    Destination Clock Delay (DCD):    3.645ns = ( 8.645 - 5.000 ) 
    Source Clock Delay      (SCD):    4.095ns
    Clock Pessimism Removal (CPR):    0.436ns
  Clock Uncertainty:      0.035ns  ((TSJ^2 + TIJ^2)^1/2 + DJ) / 2 + PE
    Total System Jitter     (TSJ):    0.071ns
    Total Input Jitter      (TIJ):    0.000ns
    Discrete Jitter          (DJ):    0.000ns
    Phase Error              (PE):    0.000ns
  Clock Net Delay (Source):      3.236ns (routing 2.044ns, distribution 1.192ns)
  Clock Net Delay (Destination): 3.029ns (routing 1.851ns, distribution 1.178ns)

    Location             Delay type                Incr(ns)  Path(ns)    Netlist Resource(s)
  -------------------------------------------------------------------    -------------------
                         (clock ap_clk rise edge)     0.000     0.000 r  
    P35                                               0.000     0.000 r  ap_clk (IN)
                         net (fo=0)                   0.000     0.000    ap_clk_IBUF_inst/I
    P35                  INBUF (Prop_INBUF_HPIOB_M_PAD_O)
                                                      0.517     0.517 r  ap_clk_IBUF_inst/INBUF_INST/O
                         net (fo=1, routed)           0.000     0.517    ap_clk_IBUF_inst/OUT
    P35                  IBUFCTRL (Prop_IBUFCTRL_HPIOB_M_I_O)
                                                      0.000     0.517 r  ap_clk_IBUF_inst/IBUFCTRL_INST/O
                         net (fo=1, routed)           0.314     0.831    ap_clk_IBUF
    BUFGCE_X0Y194        BUFGCE (Prop_BUFCE_BUFGCE_I_O)
                                                      0.028     0.859 r  ap_clk_IBUF_BUFG_inst/O
    X3Y1 (CLOCK_ROOT)    net (fo=18128, routed)       3.236     4.095    grp_dense_latency_0_0_0_0_0_0_0_0_0_0_0_0_0_0_0_0_0_0_0_0_0_0_0_0_0_0_0_0_0_0_0_0_0_fu_107/mul_ln1118_101_fu_2988_p2/CLK
    SLR Crossing[2->0]   
    DSP48E2_X21Y40       DSP_A_B_DATA                                 r  grp_dense_latency_0_0_0_0_0_0_0_0_0_0_0_0_0_0_0_0_0_0_0_0_0_0_0_0_0_0_0_0_0_0_0_0_0_fu_107/mul_ln1118_101_fu_2988_p2/DSP_A_B_DATA_INST/CLK
  -------------------------------------------------------------------    -------------------
    DSP48E2_X21Y40       DSP_A_B_DATA (Prop_DSP_A_B_DATA_DSP48E2_CLK_A2_DATA[7])
                                                      0.191     4.286 r  grp_dense_latency_0_0_0_0_0_0_0_0_0_0_0_0_0_0_0_0_0_0_0_0_0_0_0_0_0_0_0_0_0_0_0_0_0_fu_107/mul_ln1118_101_fu_2988_p2/DSP_A_B_DATA_INST/A2_DATA[7]
                         net (fo=1, routed)           0.000     4.286    grp_dense_latency_0_0_0_0_0_0_0_0_0_0_0_0_0_0_0_0_0_0_0_0_0_0_0_0_0_0_0_0_0_0_0_0_0_fu_107/mul_ln1118_101_fu_2988_p2/DSP_A_B_DATA.A2_DATA<7>
    DSP48E2_X21Y40       DSP_PREADD_DATA (Prop_DSP_PREADD_DATA_DSP48E2_A2_DATA[7]_A2A1[7])
                                                      0.060     4.346 r  grp_dense_latency_0_0_0_0_0_0_0_0_0_0_0_0_0_0_0_0_0_0_0_0_0_0_0_0_0_0_0_0_0_0_0_0_0_fu_107/mul_ln1118_101_fu_2988_p2/DSP_PREADD_DATA_INST/A2A1[7]
                         net (fo=1, routed)           0.000     4.346    grp_dense_latency_0_0_0_0_0_0_0_0_0_0_0_0_0_0_0_0_0_0_0_0_0_0_0_0_0_0_0_0_0_0_0_0_0_fu_107/mul_ln1118_101_fu_2988_p2/DSP_PREADD_DATA.A2A1<7>
    DSP48E2_X21Y40       DSP_MULTIPLIER (Prop_DSP_MULTIPLIER_DSP48E2_A2A1[7]_U[8])
                                                      0.403     4.749 f  grp_dense_latency_0_0_0_0_0_0_0_0_0_0_0_0_0_0_0_0_0_0_0_0_0_0_0_0_0_0_0_0_0_0_0_0_0_fu_107/mul_ln1118_101_fu_2988_p2/DSP_MULTIPLIER_INST/U[8]
                         net (fo=1, routed)           0.000     4.749    grp_dense_latency_0_0_0_0_0_0_0_0_0_0_0_0_0_0_0_0_0_0_0_0_0_0_0_0_0_0_0_0_0_0_0_0_0_fu_107/mul_ln1118_101_fu_2988_p2/DSP_MULTIPLIER.U<8>
    DSP48E2_X21Y40       DSP_M_DATA (Prop_DSP_M_DATA_DSP48E2_U[8]_U_DATA[8])
                                                      0.035     4.784 r  grp_dense_latency_0_0_0_0_0_0_0_0_0_0_0_0_0_0_0_0_0_0_0_0_0_0_0_0_0_0_0_0_0_0_0_0_0_fu_107/mul_ln1118_101_fu_2988_p2/DSP_M_DATA_INST/U_DATA[8]
                         net (fo=1, routed)           0.000     4.784    grp_dense_latency_0_0_0_0_0_0_0_0_0_0_0_0_0_0_0_0_0_0_0_0_0_0_0_0_0_0_0_0_0_0_0_0_0_fu_107/mul_ln1118_101_fu_2988_p2/DSP_M_DATA.U_DATA<8>
    DSP48E2_X21Y40       DSP_ALU (Prop_DSP_ALU_DSP48E2_U_DATA[8]_ALU_OUT[8])
                                                      0.451     5.235 f  grp_dense_latency_0_0_0_0_0_0_0_0_0_0_0_0_0_0_0_0_0_0_0_0_0_0_0_0_0_0_0_0_0_0_0_0_0_fu_107/mul_ln1118_101_fu_2988_p2/DSP_ALU_INST/ALU_OUT[8]
                         net (fo=1, routed)           0.000     5.235    grp_dense_latency_0_0_0_0_0_0_0_0_0_0_0_0_0_0_0_0_0_0_0_0_0_0_0_0_0_0_0_0_0_0_0_0_0_fu_107/mul_ln1118_101_fu_2988_p2/DSP_ALU.ALU_OUT<8>
    DSP48E2_X21Y40       DSP_OUTPUT (Prop_DSP_OUTPUT_DSP48E2_ALU_OUT[8]_P[8])
                                                      0.089     5.324 r  grp_dense_latency_0_0_0_0_0_0_0_0_0_0_0_0_0_0_0_0_0_0_0_0_0_0_0_0_0_0_0_0_0_0_0_0_0_fu_107/mul_ln1118_101_fu_2988_p2/DSP_OUTPUT_INST/P[8]
                         net (fo=2, routed)           0.429     5.753    grp_dense_latency_0_0_0_0_0_0_0_0_0_0_0_0_0_0_0_0_0_0_0_0_0_0_0_0_0_0_0_0_0_0_0_0_0_fu_107/mult_274_V_fu_5156478_p1[0]
    SLICE_X151Y98        LUT3 (Prop_A5LUT_SLICEL_I1_O)
                                                      0.101     5.854 r  grp_dense_latency_0_0_0_0_0_0_0_0_0_0_0_0_0_0_0_0_0_0_0_0_0_0_0_0_0_0_0_0_0_0_0_0_0_fu_107/add_ln703_1009_reg_5197079[12]_i_223/O
                         net (fo=2, routed)           0.174     6.028    grp_dense_latency_0_0_0_0_0_0_0_0_0_0_0_0_0_0_0_0_0_0_0_0_0_0_0_0_0_0_0_0_0_0_0_0_0_fu_107/add_ln703_1009_reg_5197079[12]_i_223_n_0
    SLICE_X151Y98        LUT4 (Prop_B6LUT_SLICEL_I3_O)
                                                      0.090     6.118 r  grp_dense_latency_0_0_0_0_0_0_0_0_0_0_0_0_0_0_0_0_0_0_0_0_0_0_0_0_0_0_0_0_0_0_0_0_0_fu_107/add_ln703_1009_reg_5197079[12]_i_230/O
                         net (fo=1, routed)           0.012     6.130    grp_dense_latency_0_0_0_0_0_0_0_0_0_0_0_0_0_0_0_0_0_0_0_0_0_0_0_0_0_0_0_0_0_0_0_0_0_fu_107/add_ln703_1009_reg_5197079[12]_i_230_n_0
    SLICE_X151Y98        CARRY8 (Prop_CARRY8_SLICEL_S[1]_O[2])
                                                      0.102     6.232 r  grp_dense_latency_0_0_0_0_0_0_0_0_0_0_0_0_0_0_0_0_0_0_0_0_0_0_0_0_0_0_0_0_0_0_0_0_0_fu_107/add_ln703_1009_reg_5197079_reg[12]_i_114/O[2]
                         net (fo=2, routed)           0.473     6.705    grp_dense_latency_0_0_0_0_0_0_0_0_0_0_0_0_0_0_0_0_0_0_0_0_0_0_0_0_0_0_0_0_0_0_0_0_0_fu_107_n_1224
    SLICE_X145Y108       LUT3 (Prop_C5LUT_SLICEM_I0_O)
                                                      0.087     6.792 r  add_ln703_1009_reg_5197079[12]_i_79/O
                         net (fo=2, routed)           0.313     7.105    add_ln703_1009_reg_5197079[12]_i_79_n_0
    SLICE_X145Y108       LUT4 (Prop_D6LUT_SLICEM_I3_O)
                                                      0.047     7.152 r  add_ln703_1009_reg_5197079[12]_i_86/O
                         net (fo=1, routed)           0.029     7.181    add_ln703_1009_reg_5197079[12]_i_86_n_0
    SLICE_X145Y108       CARRY8 (Prop_CARRY8_SLICEM_S[3]_O[5])
                                                      0.161     7.342 r  add_ln703_1009_reg_5197079_reg[12]_i_18/O[5]
                         net (fo=3, routed)           1.244     8.586    grp_dense_latency_0_0_0_0_0_0_0_0_0_0_0_0_0_0_0_0_0_0_0_0_0_0_0_0_0_0_0_0_0_0_0_0_0_fu_107/add_ln703_1009_reg_5197079_reg[12]_1[5]
    SLICE_X115Y135       LUT3 (Prop_G6LUT_SLICEM_I1_O)
                                                      0.031     8.617 r  grp_dense_latency_0_0_0_0_0_0_0_0_0_0_0_0_0_0_0_0_0_0_0_0_0_0_0_0_0_0_0_0_0_0_0_0_0_fu_107/add_ln703_1009_reg_5197079[7]_i_19/O
                         net (fo=2, routed)           0.093     8.710    grp_dense_latency_0_0_0_0_0_0_0_0_0_0_0_0_0_0_0_0_0_0_0_0_0_0_0_0_0_0_0_0_0_0_0_0_0_fu_107/add_ln703_1009_reg_5197079[7]_i_19_n_0
    SLICE_X115Y133       LUT5 (Prop_F6LUT_SLICEM_I4_O)
                                                      0.031     8.741 r  grp_dense_latency_0_0_0_0_0_0_0_0_0_0_0_0_0_0_0_0_0_0_0_0_0_0_0_0_0_0_0_0_0_0_0_0_0_fu_107/add_ln703_1009_reg_5197079[7]_i_3/O
                         net (fo=2, routed)           0.138     8.879    grp_dense_latency_0_0_0_0_0_0_0_0_0_0_0_0_0_0_0_0_0_0_0_0_0_0_0_0_0_0_0_0_0_0_0_0_0_fu_107/add_ln703_1009_reg_5197079[7]_i_3_n_0
    SLICE_X115Y134       LUT6 (Prop_G6LUT_SLICEM_I0_O)
                                                      0.082     8.961 r  grp_dense_latency_0_0_0_0_0_0_0_0_0_0_0_0_0_0_0_0_0_0_0_0_0_0_0_0_0_0_0_0_0_0_0_0_0_fu_107/add_ln703_1009_reg_5197079[7]_i_11/O
                         net (fo=1, routed)           0.019     8.980    grp_dense_latency_0_0_0_0_0_0_0_0_0_0_0_0_0_0_0_0_0_0_0_0_0_0_0_0_0_0_0_0_0_0_0_0_0_fu_107/add_ln703_1009_reg_5197079[7]_i_11_n_0
    SLICE_X115Y134       CARRY8 (Prop_CARRY8_SLICEM_S[6]_CO[7])
                                                      0.100     9.080 r  grp_dense_latency_0_0_0_0_0_0_0_0_0_0_0_0_0_0_0_0_0_0_0_0_0_0_0_0_0_0_0_0_0_0_0_0_0_fu_107/add_ln703_1009_reg_5197079_reg[7]_i_1/CO[7]
                         net (fo=1, routed)           0.023     9.103    grp_dense_latency_0_0_0_0_0_0_0_0_0_0_0_0_0_0_0_0_0_0_0_0_0_0_0_0_0_0_0_0_0_0_0_0_0_fu_107/add_ln703_1009_reg_5197079_reg[7]_i_1_n_0
    SLICE_X115Y135       CARRY8 (Prop_CARRY8_SLICEM_CI_O[4])
                                                      0.076     9.179 r  grp_dense_latency_0_0_0_0_0_0_0_0_0_0_0_0_0_0_0_0_0_0_0_0_0_0_0_0_0_0_0_0_0_0_0_0_0_fu_107/add_ln703_1009_reg_5197079_reg[12]_i_1/O[4]
                         net (fo=1, routed)           0.024     9.203    grp_dense_latency_0_0_0_0_0_0_0_0_0_0_0_0_0_0_0_0_0_0_0_0_0_0_0_0_0_0_0_0_0_0_0_0_0_fu_107/add_ln703_1009_fu_5190817_p2[12]
    SLICE_X115Y135       FDRE                                         r  grp_dense_latency_0_0_0_0_0_0_0_0_0_0_0_0_0_0_0_0_0_0_0_0_0_0_0_0_0_0_0_0_0_0_0_0_0_fu_107/add_ln703_1009_reg_5197079_reg[12]/D
  -------------------------------------------------------------------    -------------------

                         (clock ap_clk rise edge)     5.000     5.000 r  
    P35                                               0.000     5.000 r  ap_clk (IN)
                         net (fo=0)                   0.000     5.000    ap_clk_IBUF_inst/I
    P35                  INBUF (Prop_INBUF_HPIOB_M_PAD_O)
                                                      0.313     5.313 r  ap_clk_IBUF_inst/INBUF_INST/O
                         net (fo=1, routed)           0.000     5.313    ap_clk_IBUF_inst/OUT
    P35                  IBUFCTRL (Prop_IBUFCTRL_HPIOB_M_I_O)
                                                      0.000     5.313 r  ap_clk_IBUF_inst/IBUFCTRL_INST/O
                         net (fo=1, routed)           0.279     5.592    ap_clk_IBUF
    BUFGCE_X0Y194        BUFGCE (Prop_BUFCE_BUFGCE_I_O)
                                                      0.024     5.616 r  ap_clk_IBUF_BUFG_inst/O
    X3Y1 (CLOCK_ROOT)    net (fo=18128, routed)       3.029     8.645    grp_dense_latency_0_0_0_0_0_0_0_0_0_0_0_0_0_0_0_0_0_0_0_0_0_0_0_0_0_0_0_0_0_0_0_0_0_fu_107/ap_clk_IBUF_BUFG
    SLR Crossing[2->0]   
    SLICE_X115Y135       FDRE                                         r  grp_dense_latency_0_0_0_0_0_0_0_0_0_0_0_0_0_0_0_0_0_0_0_0_0_0_0_0_0_0_0_0_0_0_0_0_0_fu_107/add_ln703_1009_reg_5197079_reg[12]/C
                         clock pessimism              0.436     9.081    
                         clock uncertainty           -0.035     9.045    
    SLICE_X115Y135       FDRE (Setup_EFF_SLICEM_C_D)
                                                      0.023     9.068    grp_dense_latency_0_0_0_0_0_0_0_0_0_0_0_0_0_0_0_0_0_0_0_0_0_0_0_0_0_0_0_0_0_0_0_0_0_fu_107/add_ln703_1009_reg_5197079_reg[12]
  -------------------------------------------------------------------
                         required time                          9.068    
                         arrival time                          -9.203    
  -------------------------------------------------------------------
                         slack                                 -0.134    





Min Delay Paths
--------------------------------------------------------------------------------------
Slack (MET) :             0.034ns  (arrival time - required time)
  Source:                 grp_dense_latency_ap_fixed_ap_fixed_13_5_5_3_0_config14_0_0_0_0_0_0_fu_217/add_ln703_29_reg_61546_reg[12]/C
                            (rising edge-triggered cell FDRE clocked by ap_clk  {rise@0.000ns fall@2.500ns period=5.000ns})
  Destination:            grp_dense_latency_ap_fixed_ap_fixed_13_5_5_3_0_config14_0_0_0_0_0_0_fu_217/ap_return_0_int_reg_reg[12]/D
                            (rising edge-triggered cell FDRE clocked by ap_clk  {rise@0.000ns fall@2.500ns period=5.000ns})
  Path Group:             ap_clk
  Path Type:              Hold (Min at Fast Process Corner)
  Requirement:            0.000ns  (ap_clk rise@0.000ns - ap_clk rise@0.000ns)
  Data Path Delay:        0.146ns  (logic 0.038ns (26.027%)  route 0.108ns (73.973%))
  Logic Levels:           0  
  Clock Path Skew:        0.065ns (DCD - SCD - CPR)
    Destination Clock Delay (DCD):    2.900ns
    Source Clock Delay      (SCD):    2.409ns
    Clock Pessimism Removal (CPR):    0.425ns
  Clock Net Delay (Source):      2.031ns (routing 1.251ns, distribution 0.780ns)
  Clock Net Delay (Destination): 2.297ns (routing 1.402ns, distribution 0.895ns)

    Location             Delay type                Incr(ns)  Path(ns)    Netlist Resource(s)
  -------------------------------------------------------------------    -------------------
                         (clock ap_clk rise edge)     0.000     0.000 r  
    P35                                               0.000     0.000 r  ap_clk (IN)
                         net (fo=0)                   0.000     0.000    ap_clk_IBUF_inst/I
    P35                  INBUF (Prop_INBUF_HPIOB_M_PAD_O)
                                                      0.217     0.217 r  ap_clk_IBUF_inst/INBUF_INST/O
                         net (fo=1, routed)           0.000     0.217    ap_clk_IBUF_inst/OUT
    P35                  IBUFCTRL (Prop_IBUFCTRL_HPIOB_M_I_O)
                                                      0.000     0.217 r  ap_clk_IBUF_inst/IBUFCTRL_INST/O
                         net (fo=1, routed)           0.144     0.361    ap_clk_IBUF
    BUFGCE_X0Y194        BUFGCE (Prop_BUFCE_BUFGCE_I_O)
                                                      0.017     0.378 r  ap_clk_IBUF_BUFG_inst/O
    X3Y1 (CLOCK_ROOT)    net (fo=18128, routed)       2.031     2.409    grp_dense_latency_ap_fixed_ap_fixed_13_5_5_3_0_config14_0_0_0_0_0_0_fu_217/ap_clk_IBUF_BUFG
    SLR Crossing[2->0]   
    SLICE_X157Y190       FDRE                                         r  grp_dense_latency_ap_fixed_ap_fixed_13_5_5_3_0_config14_0_0_0_0_0_0_fu_217/add_ln703_29_reg_61546_reg[12]/C
  -------------------------------------------------------------------    -------------------
    SLICE_X157Y190       FDRE (Prop_EFF_SLICEM_C_Q)
                                                      0.038     2.447 r  grp_dense_latency_ap_fixed_ap_fixed_13_5_5_3_0_config14_0_0_0_0_0_0_fu_217/add_ln703_29_reg_61546_reg[12]/Q
                         net (fo=5, routed)           0.108     2.555    grp_dense_latency_ap_fixed_ap_fixed_13_5_5_3_0_config14_0_0_0_0_0_0_fu_217/add_ln703_29_reg_61546[12]
    SLICE_X156Y192       FDRE                                         r  grp_dense_latency_ap_fixed_ap_fixed_13_5_5_3_0_config14_0_0_0_0_0_0_fu_217/ap_return_0_int_reg_reg[12]/D
  -------------------------------------------------------------------    -------------------

                         (clock ap_clk rise edge)     0.000     0.000 r  
    P35                                               0.000     0.000 r  ap_clk (IN)
                         net (fo=0)                   0.000     0.000    ap_clk_IBUF_inst/I
    P35                  INBUF (Prop_INBUF_HPIOB_M_PAD_O)
                                                      0.403     0.403 r  ap_clk_IBUF_inst/INBUF_INST/O
                         net (fo=1, routed)           0.000     0.403    ap_clk_IBUF_inst/OUT
    P35                  IBUFCTRL (Prop_IBUFCTRL_HPIOB_M_I_O)
                                                      0.000     0.403 r  ap_clk_IBUF_inst/IBUFCTRL_INST/O
                         net (fo=1, routed)           0.181     0.584    ap_clk_IBUF
    BUFGCE_X0Y194        BUFGCE (Prop_BUFCE_BUFGCE_I_O)
                                                      0.019     0.603 r  ap_clk_IBUF_BUFG_inst/O
    X3Y1 (CLOCK_ROOT)    net (fo=18128, routed)       2.297     2.900    grp_dense_latency_ap_fixed_ap_fixed_13_5_5_3_0_config14_0_0_0_0_0_0_fu_217/ap_clk_IBUF_BUFG
    SLR Crossing[2->0]   
    SLICE_X156Y192       FDRE                                         r  grp_dense_latency_ap_fixed_ap_fixed_13_5_5_3_0_config14_0_0_0_0_0_0_fu_217/ap_return_0_int_reg_reg[12]/C
                         clock pessimism             -0.425     2.474    
    SLICE_X156Y192       FDRE (Hold_EFF2_SLICEM_C_D)
                                                      0.047     2.521    grp_dense_latency_ap_fixed_ap_fixed_13_5_5_3_0_config14_0_0_0_0_0_0_fu_217/ap_return_0_int_reg_reg[12]
  -------------------------------------------------------------------
                         required time                         -2.521    
                         arrival time                           2.555    
  -------------------------------------------------------------------
                         slack                                  0.034    





Pulse Width Checks
--------------------------------------------------------------------------------------
Clock Name:         ap_clk
Waveform(ns):       { 0.000 2.500 }
Period(ns):         5.000
Sources:            { ap_clk }

Check Type        Corner  Lib Pin   Reference Pin  Required(ns)  Actual(ns)  Slack(ns)  Location       Pin
Min Period        n/a     BUFGCE/I  n/a            1.122         5.000       3.878      BUFGCE_X0Y194  ap_clk_IBUF_BUFG_inst/I
Low Pulse Width   Slow    FDRE/C    n/a            0.275         2.500       2.225      SLICE_X79Y176  grp_dense_latency_0_0_0_0_0_0_0_0_0_0_0_0_0_0_0_0_0_0_0_0_0_0_0_0_0_0_0_0_0_0_0_0_0_fu_107/mul_ln1118_537_fu_2052_p2_i_6_psdsp/C
High Pulse Width  Slow    FDRE/C    n/a            0.275         2.500       2.225      SLICE_X85Y178  grp_dense_latency_0_0_0_0_0_0_0_0_0_0_0_0_0_0_0_0_0_0_0_0_0_0_0_0_0_0_0_0_0_0_0_0_0_fu_107/mul_ln1118_537_fu_2052_p2_i_10_psdsp/C



