Copyright 1986-2019 Xilinx, Inc. All Rights Reserved.
---------------------------------------------------------------------------------------------------------------------
| Tool Version : Vivado v.2019.1 (lin64) Build 2552052 Fri May 24 14:47:09 MDT 2019
| Date         : Sun Nov 30 19:00:46 2025
| Host         : hvm1 running 64-bit Ubuntu 22.04.5 LTS
| Command      : report_utilization -hierarchical -hierarchical_depth 1 -file ../reports/19_7_Argmax_P1_PO0_hier.rpt
| Design       : waiz_benchmark
| Device       : xcvu13pfhga2104-3
| Design State : Routed
---------------------------------------------------------------------------------------------------------------------

Utilization Design Information

Table of Contents
-----------------
1. Utilization by Hierarchy

1. Utilization by Hierarchy
---------------------------

+--------------------+---------------------------------------+------------+------------+---------+------+-------+--------+--------+------+--------------+
|      Instance      |                 Module                | Total LUTs | Logic LUTs | LUTRAMs | SRLs |  FFs  | RAMB36 | RAMB18 | URAM | DSP48 Blocks |
+--------------------+---------------------------------------+------------+------------+---------+------+-------+--------+--------+------+--------------+
| waiz_benchmark     |                                 (top) |     140977 |     140977 |       0 |    0 | 65942 |      0 |      0 |    0 |            0 |
|   (waiz_benchmark) |                                 (top) |         58 |         58 |       0 |    0 |     0 |      0 |      0 |    0 |            0 |
|   denselayer1      |                            denseLayer |      34795 |      34795 |       0 |    0 | 15194 |      0 |      0 |    0 |            0 |
|   denselayer2      |            denseLayer__parameterized0 |      26259 |      26259 |       0 |    0 | 32631 |      0 |      0 |    0 |            0 |
|   denselayer3      |            denseLayer__parameterized1 |      11121 |      11121 |       0 |    0 | 15456 |      0 |      0 |    0 |            0 |
|   denselayer4      |            denseLayer__parameterized2 |       3182 |       3182 |       0 |    0 |  2655 |      0 |      0 |    0 |            0 |
|   relulayer1       |                   reluActivationLayer |      43385 |      43385 |       0 |    0 |     0 |      0 |      0 |    0 |            0 |
|   relulayer2       |   reluActivationLayer__parameterized0 |      20084 |      20084 |       0 |    0 |     0 |      0 |      0 |    0 |            0 |
|   relulayer3       | reluActivationLayer__parameterized0_0 |       3093 |       3093 |       0 |    0 |     0 |      0 |      0 |    0 |            0 |
|   softmax          |                    softmaxArgmaxLayer |          2 |          2 |       0 |    0 |     6 |      0 |      0 |    0 |            0 |
+--------------------+---------------------------------------+------------+------------+---------+------+-------+--------+--------+------+--------------+
* Note: The sum of lower-level cells may be larger than their parent cells total, due to cross-hierarchy LUT combining


