Copyright 1986-2019 Xilinx, Inc. All Rights Reserved.
-----------------------------------------------------------------------------------------------------------------------------------
| Tool Version : Vivado v.2019.1 (lin64) Build 2552052 Fri May 24 14:47:09 MDT 2019
| Date         : Tue Dec  2 07:23:45 2025
| Host         : hvm1 running 64-bit Ubuntu 22.04.5 LTS
| Command      : report_utilization -hierarchical -hierarchical_depth 1 -file ../reports/28_10_Argmax_P1_PO0_SA2_MULTPIPE_hier.rpt
| Design       : waiz_benchmark
| Device       : xcvu13pfhga2104-3
| Design State : Routed
-----------------------------------------------------------------------------------------------------------------------------------

Utilization Design Information

Table of Contents
-----------------
1. Utilization by Hierarchy

1. Utilization by Hierarchy
---------------------------

+--------------------+---------------------------------------+------------+------------+---------+------+--------+--------+--------+------+--------------+
|      Instance      |                 Module                | Total LUTs | Logic LUTs | LUTRAMs | SRLs |   FFs  | RAMB36 | RAMB18 | URAM | DSP48 Blocks |
+--------------------+---------------------------------------+------------+------------+---------+------+--------+--------+--------+------+--------------+
| waiz_benchmark     |                                 (top) |     665242 |     665242 |       0 |    0 | 127152 |      0 |      0 |    0 |         1120 |
|   (waiz_benchmark) |                                 (top) |      18378 |      18378 |       0 |    0 |      0 |      0 |      0 |    0 |            0 |
|   denselayer1      |                            denseLayer |     331013 |     331013 |       0 |    0 |  30242 |      0 |      0 |    0 |          330 |
|   denselayer2      |            denseLayer__parameterized0 |     209423 |     209423 |       0 |    0 |  64820 |      0 |      0 |    0 |          120 |
|   denselayer3      |            denseLayer__parameterized1 |      74025 |      74025 |       0 |    0 |  26778 |      0 |      0 |    0 |          642 |
|   denselayer4      |            denseLayer__parameterized2 |      11661 |      11661 |       0 |    0 |   5306 |      0 |      0 |    0 |           28 |
|   relulayer1       |                   reluActivationLayer |     131378 |     131378 |       0 |    0 |      0 |      0 |      0 |    0 |            0 |
|   relulayer2       |   reluActivationLayer__parameterized0 |      50263 |      50263 |       0 |    0 |      0 |      0 |      0 |    0 |            0 |
|   relulayer3       | reluActivationLayer__parameterized0_0 |      12047 |      12047 |       0 |    0 |      0 |      0 |      0 |    0 |            0 |
|   softmax          |                    softmaxArgmaxLayer |          3 |          3 |       0 |    0 |      6 |      0 |      0 |    0 |            0 |
+--------------------+---------------------------------------+------------+------------+---------+------+--------+--------+--------+------+--------------+
* Note: The sum of lower-level cells may be larger than their parent cells total, due to cross-hierarchy LUT combining


