Copyright 1986-2019 Xilinx, Inc. All Rights Reserved.
--------------------------------------------------------------------------------------------
| Tool Version      : Vivado v.2019.1 (lin64) Build 2552052 Fri May 24 14:47:09 MDT 2019
| Date              : Tue Dec 23 06:16:27 2025
| Host              : hvm1 running 64-bit Ubuntu 22.04.5 LTS
| Command           : report_timing_summary -file ../reports/31_11_expPipeNegmax_timing.rpt
| Design            : waiz_benchmark
| Device            : xcvu13p-fhga2104
| Speed File        : -3  PRODUCTION 1.23 03-18-2019
| Temperature Grade : E
--------------------------------------------------------------------------------------------

Timing Summary Report

------------------------------------------------------------------------------------------------
| Timer Settings
| --------------
------------------------------------------------------------------------------------------------

  Enable Multi Corner Analysis               :  Yes
  Enable Pessimism Removal                   :  Yes
  Pessimism Removal Resolution               :  Nearest Common Node
  Enable Input Delay Default Clock           :  No
  Enable Preset / Clear Arcs                 :  No
  Disable Flight Delays                      :  No
  Ignore I/O Paths                           :  No
  Timing Early Launch at Borrowing Latches   :  No
  Borrow Time for Max Delay Exceptions       :  Yes

  Corner  Analyze    Analyze    
  Name    Max Paths  Min Paths  
  ------  ---------  ---------  
  Slow    Yes        Yes        
  Fast    Yes        Yes        



check_timing report

Table of Contents
-----------------
1. checking no_clock
2. checking constant_clock
3. checking pulse_width_clock
4. checking unconstrained_internal_endpoints
5. checking no_input_delay
6. checking no_output_delay
7. checking multiple_clock
8. checking generated_clocks
9. checking loops
10. checking partial_input_delay
11. checking partial_output_delay
12. checking latch_loops

1. checking no_clock
--------------------
 There are 0 register/latch pins with no clock.


2. checking constant_clock
--------------------------
 There are 0 register/latch pins with constant_clock.


3. checking pulse_width_clock
-----------------------------
 There are 0 register/latch pins which need pulse_width check


4. checking unconstrained_internal_endpoints
--------------------------------------------
 There are 0 pins that are not constrained for maximum delay.

 There are 0 pins that are not constrained for maximum delay due to constant clock.


5. checking no_input_delay
--------------------------
 There are 498 input ports with no input delay specified. (HIGH)

 There are 0 input ports with no input delay but user has a false path constraint.


6. checking no_output_delay
---------------------------
 There are 111 ports with no output delay specified. (HIGH)

 There are 0 ports with no output delay but user has a false path constraint

 There are 0 ports with no output delay but with a timing clock defined on it or propagating through it


7. checking multiple_clock
--------------------------
 There are 0 register/latch pins with multiple clocks.


8. checking generated_clocks
----------------------------
 There are 0 generated clocks that are not connected to a clock source.


9. checking loops
-----------------
 There are 0 combinational loops in the design.


10. checking partial_input_delay
--------------------------------
 There are 0 input ports with partial input delay specified.


11. checking partial_output_delay
---------------------------------
 There are 0 ports with partial output delay specified.


12. checking latch_loops
------------------------
 There are 0 combinational latch loops in the design through latch input



------------------------------------------------------------------------------------------------
| Design Timing Summary
| ---------------------
------------------------------------------------------------------------------------------------

    WNS(ns)      TNS(ns)  TNS Failing Endpoints  TNS Total Endpoints      WHS(ns)      THS(ns)  THS Failing Endpoints  THS Total Endpoints     WPWS(ns)     TPWS(ns)  TPWS Failing Endpoints  TPWS Total Endpoints  
    -------      -------  ---------------------  -------------------      -------      -------  ---------------------  -------------------     --------     --------  ----------------------  --------------------  
     -2.348   -92260.867                  94203               106087        0.061        0.000                      0               106087        2.005        0.000                       0                 84939  


Timing constraints are not met.


------------------------------------------------------------------------------------------------
| Clock Summary
| -------------
------------------------------------------------------------------------------------------------

Clock   Waveform(ns)         Period(ns)      Frequency(MHz)
-----   ------------         ----------      --------------
ap_clk  {0.000 2.500}        5.000           200.000         


------------------------------------------------------------------------------------------------
| Intra Clock Table
| -----------------
------------------------------------------------------------------------------------------------

Clock             WNS(ns)      TNS(ns)  TNS Failing Endpoints  TNS Total Endpoints      WHS(ns)      THS(ns)  THS Failing Endpoints  THS Total Endpoints     WPWS(ns)     TPWS(ns)  TPWS Failing Endpoints  TPWS Total Endpoints  
-----             -------      -------  ---------------------  -------------------      -------      -------  ---------------------  -------------------     --------     --------  ----------------------  --------------------  
ap_clk             -2.348   -92260.867                  94203               106087        0.061        0.000                      0               106087        2.005        0.000                       0                 84939  


------------------------------------------------------------------------------------------------
| Inter Clock Table
| -----------------
------------------------------------------------------------------------------------------------

From Clock    To Clock          WNS(ns)      TNS(ns)  TNS Failing Endpoints  TNS Total Endpoints      WHS(ns)      THS(ns)  THS Failing Endpoints  THS Total Endpoints  
----------    --------          -------      -------  ---------------------  -------------------      -------      -------  ---------------------  -------------------  


------------------------------------------------------------------------------------------------
| Other Path Groups Table
| -----------------------
------------------------------------------------------------------------------------------------

Path Group    From Clock    To Clock          WNS(ns)      TNS(ns)  TNS Failing Endpoints  TNS Total Endpoints      WHS(ns)      THS(ns)  THS Failing Endpoints  THS Total Endpoints  
----------    ----------    --------          -------      -------  ---------------------  -------------------      -------      -------  ---------------------  -------------------  


------------------------------------------------------------------------------------------------
| Timing Details
| --------------
------------------------------------------------------------------------------------------------


---------------------------------------------------------------------------------------------------
From Clock:  ap_clk
  To Clock:  ap_clk

Setup :        94203  Failing Endpoints,  Worst Slack       -2.348ns,  Total Violation   -92260.867ns
Hold  :            0  Failing Endpoints,  Worst Slack        0.061ns,  Total Violation        0.000ns
PW    :            0  Failing Endpoints,  Worst Slack        2.005ns,  Total Violation        0.000ns
---------------------------------------------------------------------------------------------------


Max Delay Paths
--------------------------------------------------------------------------------------
Slack (VIOLATED) :        -2.348ns  (required time - arrival time)
  Source:                 denselayer2/INPUT_SIZE_rows[13].OUTPUT_SIZE_cols[20].sa/data_out_reg[20]/C
                            (rising edge-triggered cell FDRE clocked by ap_clk  {rise@0.000ns fall@2.500ns period=5.000ns})
  Destination:            denselayer2/sum_all/col_trees[20].column_tree/genblk2[0].genblk1[1].tree_reg[1][29]/D
                            (rising edge-triggered cell FDRE clocked by ap_clk  {rise@0.000ns fall@2.500ns period=5.000ns})
  Path Group:             ap_clk
  Path Type:              Setup (Max at Slow Process Corner)
  Requirement:            5.000ns  (ap_clk rise@5.000ns - ap_clk rise@0.000ns)
  Data Path Delay:        7.077ns  (logic 1.210ns (17.098%)  route 5.867ns (82.902%))
  Logic Levels:           11  (CARRY8=6 LUT3=4 LUT6=1)
  Clock Path Skew:        -0.043ns (DCD - SCD + CPR)
    Destination Clock Delay (DCD):    3.392ns = ( 8.392 - 5.000 ) 
    Source Clock Delay      (SCD):    3.815ns
    Clock Pessimism Removal (CPR):    0.380ns
  Clock Uncertainty:      0.035ns  ((TSJ^2 + TIJ^2)^1/2 + DJ) / 2 + PE
    Total System Jitter     (TSJ):    0.071ns
    Total Input Jitter      (TIJ):    0.000ns
    Discrete Jitter          (DJ):    0.000ns
    Phase Error              (PE):    0.000ns
  Inter-SLR Compensation: 0.216ns  ((DCD - CCD) * PF)
    Destination Clock Delay (DCD):    3.392ns
    Common Clock Delay      (CCD):    1.952ns
    Prorating Factor         (PF):    0.150
  Clock Net Delay (Source):      2.939ns (routing 1.456ns, distribution 1.483ns)
  Clock Net Delay (Destination): 2.759ns (routing 1.319ns, distribution 1.440ns)

    Location             Delay type                Incr(ns)  Path(ns)    Netlist Resource(s)
  -------------------------------------------------------------------    -------------------
                         (clock ap_clk rise edge)     0.000     0.000 r  
    AP13                                              0.000     0.000 r  clk (IN)
                         net (fo=0)                   0.000     0.000    clk_IBUF_inst/I
    AP13                 INBUF (Prop_INBUF_HPIOB_M_PAD_O)
                                                      0.534     0.534 r  clk_IBUF_inst/INBUF_INST/O
                         net (fo=1, routed)           0.000     0.534    clk_IBUF_inst/OUT
    AP13                 IBUFCTRL (Prop_IBUFCTRL_HPIOB_M_I_O)
                                                      0.000     0.534 r  clk_IBUF_inst/IBUFCTRL_INST/O
                         net (fo=1, routed)           0.314     0.848    clk_IBUF
    BUFGCE_X0Y170        BUFGCE (Prop_BUFCE_BUFGCE_I_O)
                                                      0.028     0.876 r  clk_IBUF_BUFG_inst/O
    X3Y3 (CLOCK_ROOT)    net (fo=91549, routed)       2.939     3.815    denselayer2/INPUT_SIZE_rows[13].OUTPUT_SIZE_cols[20].sa/clk_IBUF_BUFG
    SLR Crossing[1->0]   
    SLICE_X30Y208        FDRE                                         r  denselayer2/INPUT_SIZE_rows[13].OUTPUT_SIZE_cols[20].sa/data_out_reg[20]/C
  -------------------------------------------------------------------    -------------------
    SLICE_X30Y208        FDRE (Prop_DFF_SLICEM_C_Q)
                                                      0.068     3.883 r  denselayer2/INPUT_SIZE_rows[13].OUTPUT_SIZE_cols[20].sa/data_out_reg[20]/Q
                         net (fo=3, routed)           0.444     4.327    denselayer2/INPUT_SIZE_rows[24].OUTPUT_SIZE_cols[20].sa/genblk2[0].genblk1[1].tree_reg[1][30]_i_758__18_1[0]
    SLICE_X41Y208        LUT3 (Prop_A6LUT_SLICEM_I2_O)
                                                      0.032     4.359 r  denselayer2/INPUT_SIZE_rows[24].OUTPUT_SIZE_cols[20].sa/genblk2[0].genblk1[1].tree[1][30]_i_1595__17/O
                         net (fo=1, routed)           0.417     4.776    denselayer2/INPUT_SIZE_rows[13].OUTPUT_SIZE_cols[20].sa/DI[0]
    SLICE_X45Y208        CARRY8 (Prop_CARRY8_SLICEL_DI[1]_O[6])
                                                      0.159     4.935 r  denselayer2/INPUT_SIZE_rows[13].OUTPUT_SIZE_cols[20].sa/genblk2[0].genblk1[1].tree_reg[1][30]_i_784__5/O[6]
                         net (fo=3, routed)           0.854     5.789    denselayer2_n_31000
    SLICE_X81Y189        LUT3 (Prop_D6LUT_SLICEM_I1_O)
                                                      0.133     5.922 r  genblk2[0].genblk1[1].tree[1][23]_i_231__19/O
                         net (fo=1, routed)           0.275     6.197    genblk2[0].genblk1[1].tree[1][23]_i_231__19_n_0
    SLICE_X82Y189        CARRY8 (Prop_CARRY8_SLICEL_DI[7]_CO[7])
                                                      0.044     6.241 r  genblk2[0].genblk1[1].tree_reg[1][23]_i_110__19/CO[7]
                         net (fo=1, routed)           0.023     6.264    genblk2[0].genblk1[1].tree_reg[1][23]_i_110__19_n_0
    SLICE_X82Y190        CARRY8 (Prop_CARRY8_SLICEL_CI_O[0])
                                                      0.050     6.314 r  genblk2[0].genblk1[1].tree_reg[1][30]_i_186__19/O[0]
                         net (fo=3, routed)           1.521     7.835    genblk2[0].genblk1[1].tree_reg[1][30]_i_186__19_n_15
    SLICE_X140Y195       LUT3 (Prop_G6LUT_SLICEL_I2_O)
                                                      0.089     7.924 r  genblk2[0].genblk1[1].tree[1][23]_i_76__19/O
                         net (fo=1, routed)           0.329     8.253    genblk2[0].genblk1[1].tree[1][23]_i_76__19_n_0
    SLICE_X141Y195       CARRY8 (Prop_CARRY8_SLICEM_DI[1]_CO[7])
                                                      0.103     8.356 r  genblk2[0].genblk1[1].tree_reg[1][23]_i_27__19/CO[7]
                         net (fo=1, routed)           0.023     8.379    genblk2[0].genblk1[1].tree_reg[1][23]_i_27__19_n_0
    SLICE_X141Y196       CARRY8 (Prop_CARRY8_SLICEM_CI_O[7])
                                                      0.103     8.482 r  genblk2[0].genblk1[1].tree_reg[1][30]_i_26__19/O[7]
                         net (fo=3, routed)           1.408     9.890    denselayer2/sum_all/col_trees[20].column_tree/genblk2[0].genblk1[1].tree_reg[1][30]_0[7]
    SLR Crossing[0->1]   
    SLICE_X144Y274       LUT3 (Prop_H6LUT_SLICEL_I1_O)
                                                      0.082     9.972 r  denselayer2/sum_all/col_trees[20].column_tree/genblk2[0].genblk1[1].tree[1][30]_i_28__83/O
                         net (fo=3, routed)           0.536    10.508    denselayer2/sum_all/col_trees[20].column_tree/genblk2[0].genblk1[1].tree[1][30]_i_28__83_n_0
    SLICE_X151Y278       LUT6 (Prop_A6LUT_SLICEL_I1_O)
                                                      0.135    10.643 r  denselayer2/sum_all/col_trees[20].column_tree/genblk2[0].genblk1[1].tree[1][30]_i_14__19/O
                         net (fo=1, routed)           0.013    10.656    denselayer2/sum_all/col_trees[20].column_tree/genblk2[0].genblk1[1].tree[1][30]_i_14__19_n_0
    SLICE_X151Y278       CARRY8 (Prop_CARRY8_SLICEL_S[0]_O[5])
                                                      0.212    10.868 r  denselayer2/sum_all/col_trees[20].column_tree/genblk2[0].genblk1[1].tree_reg[1][30]_i_1__19/O[5]
                         net (fo=1, routed)           0.024    10.892    denselayer2/sum_all/col_trees[20].column_tree/p_0_in[29]
    SLICE_X151Y278       FDRE                                         r  denselayer2/sum_all/col_trees[20].column_tree/genblk2[0].genblk1[1].tree_reg[1][29]/D
  -------------------------------------------------------------------    -------------------

                         (clock ap_clk rise edge)     5.000     5.000 r  
    AP13                                              0.000     5.000 r  clk (IN)
                         net (fo=0)                   0.000     5.000    clk_IBUF_inst/I
    AP13                 INBUF (Prop_INBUF_HPIOB_M_PAD_O)
                                                      0.330     5.330 r  clk_IBUF_inst/INBUF_INST/O
                         net (fo=1, routed)           0.000     5.330    clk_IBUF_inst/OUT
    AP13                 IBUFCTRL (Prop_IBUFCTRL_HPIOB_M_I_O)
                                                      0.000     5.330 r  clk_IBUF_inst/IBUFCTRL_INST/O
                         net (fo=1, routed)           0.279     5.609    clk_IBUF
    BUFGCE_X0Y170        BUFGCE (Prop_BUFCE_BUFGCE_I_O)
                                                      0.024     5.633 r  clk_IBUF_BUFG_inst/O
    X3Y3 (CLOCK_ROOT)    net (fo=91549, routed)       2.759     8.392    denselayer2/sum_all/col_trees[20].column_tree/clk_IBUF_BUFG
    SLICE_X151Y278       FDRE                                         r  denselayer2/sum_all/col_trees[20].column_tree/genblk2[0].genblk1[1].tree_reg[1][29]/C
                         clock pessimism              0.380     8.772    
                         inter-SLR compensation      -0.216     8.556    
                         clock uncertainty           -0.035     8.520    
    SLICE_X151Y278       FDRE (Setup_FFF_SLICEL_C_D)
                                                      0.023     8.543    denselayer2/sum_all/col_trees[20].column_tree/genblk2[0].genblk1[1].tree_reg[1][29]
  -------------------------------------------------------------------
                         required time                          8.543    
                         arrival time                         -10.892    
  -------------------------------------------------------------------
                         slack                                 -2.348    





Min Delay Paths
--------------------------------------------------------------------------------------
Slack (MET) :             0.061ns  (arrival time - required time)
  Source:                 denselayer2/ready_buffer_reg[0]/C
                            (rising edge-triggered cell FDCE clocked by ap_clk  {rise@0.000ns fall@2.500ns period=5.000ns})
  Destination:            denselayer3/ready_buffer_reg[1]/D
                            (rising edge-triggered cell FDCE clocked by ap_clk  {rise@0.000ns fall@2.500ns period=5.000ns})
  Path Group:             ap_clk
  Path Type:              Hold (Min at Fast Process Corner)
  Requirement:            0.000ns  (ap_clk rise@0.000ns - ap_clk rise@0.000ns)
  Data Path Delay:        0.114ns  (logic 0.039ns (34.211%)  route 0.075ns (65.790%))
  Logic Levels:           0  
  Clock Path Skew:        0.006ns (DCD - SCD - CPR)
    Destination Clock Delay (DCD):    2.795ns
    Source Clock Delay      (SCD):    2.334ns
    Clock Pessimism Removal (CPR):    0.455ns
  Clock Net Delay (Source):      1.939ns (routing 0.887ns, distribution 1.052ns)
  Clock Net Delay (Destination): 2.175ns (routing 0.992ns, distribution 1.183ns)

    Location             Delay type                Incr(ns)  Path(ns)    Netlist Resource(s)
  -------------------------------------------------------------------    -------------------
                         (clock ap_clk rise edge)     0.000     0.000 r  
    AP13                                              0.000     0.000 r  clk (IN)
                         net (fo=0)                   0.000     0.000    clk_IBUF_inst/I
    AP13                 INBUF (Prop_INBUF_HPIOB_M_PAD_O)
                                                      0.234     0.234 r  clk_IBUF_inst/INBUF_INST/O
                         net (fo=1, routed)           0.000     0.234    clk_IBUF_inst/OUT
    AP13                 IBUFCTRL (Prop_IBUFCTRL_HPIOB_M_I_O)
                                                      0.000     0.234 r  clk_IBUF_inst/IBUFCTRL_INST/O
                         net (fo=1, routed)           0.144     0.378    clk_IBUF
    BUFGCE_X0Y170        BUFGCE (Prop_BUFCE_BUFGCE_I_O)
                                                      0.017     0.395 r  clk_IBUF_BUFG_inst/O
    X3Y3 (CLOCK_ROOT)    net (fo=91549, routed)       1.939     2.334    denselayer2/clk_IBUF_BUFG
    SLICE_X7Y462         FDCE                                         r  denselayer2/ready_buffer_reg[0]/C
  -------------------------------------------------------------------    -------------------
    SLICE_X7Y462         FDCE (Prop_FFF_SLICEL_C_Q)
                                                      0.039     2.373 r  denselayer2/ready_buffer_reg[0]/Q
                         net (fo=1, routed)           0.075     2.448    denselayer3/ready_buffer_reg[1]_0[0]
    SLICE_X7Y462         FDCE                                         r  denselayer3/ready_buffer_reg[1]/D
  -------------------------------------------------------------------    -------------------

                         (clock ap_clk rise edge)     0.000     0.000 r  
    AP13                                              0.000     0.000 r  clk (IN)
                         net (fo=0)                   0.000     0.000    clk_IBUF_inst/I
    AP13                 INBUF (Prop_INBUF_HPIOB_M_PAD_O)
                                                      0.420     0.420 r  clk_IBUF_inst/INBUF_INST/O
                         net (fo=1, routed)           0.000     0.420    clk_IBUF_inst/OUT
    AP13                 IBUFCTRL (Prop_IBUFCTRL_HPIOB_M_I_O)
                                                      0.000     0.420 r  clk_IBUF_inst/IBUFCTRL_INST/O
                         net (fo=1, routed)           0.181     0.601    clk_IBUF
    BUFGCE_X0Y170        BUFGCE (Prop_BUFCE_BUFGCE_I_O)
                                                      0.019     0.620 r  clk_IBUF_BUFG_inst/O
    X3Y3 (CLOCK_ROOT)    net (fo=91549, routed)       2.175     2.795    denselayer3/clk_IBUF_BUFG
    SLICE_X7Y462         FDCE                                         r  denselayer3/ready_buffer_reg[1]/C
                         clock pessimism             -0.455     2.340    
    SLICE_X7Y462         FDCE (Hold_GFF2_SLICEL_C_D)
                                                      0.047     2.387    denselayer3/ready_buffer_reg[1]
  -------------------------------------------------------------------
                         required time                         -2.387    
                         arrival time                           2.448    
  -------------------------------------------------------------------
                         slack                                  0.061    





Pulse Width Checks
--------------------------------------------------------------------------------------
Clock Name:         ap_clk
Waveform(ns):       { 0.000 2.500 }
Period(ns):         5.000
Sources:            { clk }

Check Type        Corner  Lib Pin             Reference Pin  Required(ns)  Actual(ns)  Slack(ns)  Location      Pin
Min Period        n/a     RAMB18E2/CLKARDCLK  n/a            1.212         5.000       3.788      RAMB18_X9Y94  softmax/expResult_reg[0]/CLKARDCLK
Low Pulse Width   Slow    RAMB18E2/CLKARDCLK  n/a            0.495         2.500       2.005      RAMB18_X9Y94  softmax/expResult_reg[0]/CLKARDCLK
High Pulse Width  Slow    RAMB18E2/CLKARDCLK  n/a            0.495         2.500       2.005      RAMB18_X9Y92  softmax/expResult_reg[4]/CLKARDCLK



