Copyright 1986-2019 Xilinx, Inc. All Rights Reserved.
---------------------------------------------------------------------------------------------------------
| Tool Version      : Vivado v.2019.1 (lin64) Build 2552052 Fri May 24 14:47:09 MDT 2019
| Date              : Tue Dec  2 11:21:21 2025
| Host              : hvm1 running 64-bit Ubuntu 22.04.5 LTS
| Command           : report_timing_summary -file ../reports/31_11_Argmax_P1_PO0_SA2_MULTPIPE_timing.rpt
| Design            : waiz_benchmark
| Device            : xcvu13p-fhga2104
| Speed File        : -3  PRODUCTION 1.23 03-18-2019
| Temperature Grade : E
---------------------------------------------------------------------------------------------------------

Timing Summary Report

------------------------------------------------------------------------------------------------
| Timer Settings
| --------------
------------------------------------------------------------------------------------------------

  Enable Multi Corner Analysis               :  Yes
  Enable Pessimism Removal                   :  Yes
  Pessimism Removal Resolution               :  Nearest Common Node
  Enable Input Delay Default Clock           :  No
  Enable Preset / Clear Arcs                 :  No
  Disable Flight Delays                      :  No
  Ignore I/O Paths                           :  No
  Timing Early Launch at Borrowing Latches   :  No
  Borrow Time for Max Delay Exceptions       :  Yes

  Corner  Analyze    Analyze    
  Name    Max Paths  Min Paths  
  ------  ---------  ---------  
  Slow    Yes        Yes        
  Fast    Yes        Yes        



check_timing report

Table of Contents
-----------------
1. checking no_clock
2. checking constant_clock
3. checking pulse_width_clock
4. checking unconstrained_internal_endpoints
5. checking no_input_delay
6. checking no_output_delay
7. checking multiple_clock
8. checking generated_clocks
9. checking loops
10. checking partial_input_delay
11. checking partial_output_delay
12. checking latch_loops

1. checking no_clock
--------------------
 There are 0 register/latch pins with no clock.


2. checking constant_clock
--------------------------
 There are 0 register/latch pins with constant_clock.


3. checking pulse_width_clock
-----------------------------
 There are 0 register/latch pins which need pulse_width check


4. checking unconstrained_internal_endpoints
--------------------------------------------
 There are 0 pins that are not constrained for maximum delay.

 There are 0 pins that are not constrained for maximum delay due to constant clock.


5. checking no_input_delay
--------------------------
 There are 498 input ports with no input delay specified. (HIGH)

 There are 0 input ports with no input delay but user has a false path constraint.


6. checking no_output_delay
---------------------------
 There are 6 ports with no output delay specified. (HIGH)

 There are 0 ports with no output delay but user has a false path constraint

 There are 0 ports with no output delay but with a timing clock defined on it or propagating through it


7. checking multiple_clock
--------------------------
 There are 0 register/latch pins with multiple clocks.


8. checking generated_clocks
----------------------------
 There are 0 generated clocks that are not connected to a clock source.


9. checking loops
-----------------
 There are 0 combinational loops in the design.


10. checking partial_input_delay
--------------------------------
 There are 0 input ports with partial input delay specified.


11. checking partial_output_delay
---------------------------------
 There are 0 ports with partial output delay specified.


12. checking latch_loops
------------------------
 There are 0 combinational latch loops in the design through latch input



------------------------------------------------------------------------------------------------
| Design Timing Summary
| ---------------------
------------------------------------------------------------------------------------------------

    WNS(ns)      TNS(ns)  TNS Failing Endpoints  TNS Total Endpoints      WHS(ns)      THS(ns)  THS Failing Endpoints  THS Total Endpoints     WPWS(ns)     TPWS(ns)  TPWS Failing Endpoints  TPWS Total Endpoints  
    -------      -------  ---------------------  -------------------      -------      -------  ---------------------  -------------------     --------     --------  ----------------------  --------------------  
     -0.293     -451.900                   4151               154534        0.014        0.000                      0               154534        2.225        0.000                       0                101742  


Timing constraints are not met.


------------------------------------------------------------------------------------------------
| Clock Summary
| -------------
------------------------------------------------------------------------------------------------

Clock   Waveform(ns)         Period(ns)      Frequency(MHz)
-----   ------------         ----------      --------------
ap_clk  {0.000 2.500}        5.000           200.000         


------------------------------------------------------------------------------------------------
| Intra Clock Table
| -----------------
------------------------------------------------------------------------------------------------

Clock             WNS(ns)      TNS(ns)  TNS Failing Endpoints  TNS Total Endpoints      WHS(ns)      THS(ns)  THS Failing Endpoints  THS Total Endpoints     WPWS(ns)     TPWS(ns)  TPWS Failing Endpoints  TPWS Total Endpoints  
-----             -------      -------  ---------------------  -------------------      -------      -------  ---------------------  -------------------     --------     --------  ----------------------  --------------------  
ap_clk             -0.293     -451.900                   4151               154534        0.014        0.000                      0               154534        2.225        0.000                       0                101742  


------------------------------------------------------------------------------------------------
| Inter Clock Table
| -----------------
------------------------------------------------------------------------------------------------

From Clock    To Clock          WNS(ns)      TNS(ns)  TNS Failing Endpoints  TNS Total Endpoints      WHS(ns)      THS(ns)  THS Failing Endpoints  THS Total Endpoints  
----------    --------          -------      -------  ---------------------  -------------------      -------      -------  ---------------------  -------------------  


------------------------------------------------------------------------------------------------
| Other Path Groups Table
| -----------------------
------------------------------------------------------------------------------------------------

Path Group    From Clock    To Clock          WNS(ns)      TNS(ns)  TNS Failing Endpoints  TNS Total Endpoints      WHS(ns)      THS(ns)  THS Failing Endpoints  THS Total Endpoints  
----------    ----------    --------          -------      -------  ---------------------  -------------------      -------      -------  ---------------------  -------------------  


------------------------------------------------------------------------------------------------
| Timing Details
| --------------
------------------------------------------------------------------------------------------------


---------------------------------------------------------------------------------------------------
From Clock:  ap_clk
  To Clock:  ap_clk

Setup :         4151  Failing Endpoints,  Worst Slack       -0.293ns,  Total Violation     -451.900ns
Hold  :            0  Failing Endpoints,  Worst Slack        0.014ns,  Total Violation        0.000ns
PW    :            0  Failing Endpoints,  Worst Slack        2.225ns,  Total Violation        0.000ns
---------------------------------------------------------------------------------------------------


Max Delay Paths
--------------------------------------------------------------------------------------
Slack (VIOLATED) :        -0.293ns  (required time - arrival time)
  Source:                 denselayer1/sum_all/col_trees[34].column_tree/genblk2[0].genblk1[1].tree_reg[1][13]/C
                            (rising edge-triggered cell FDRE clocked by ap_clk  {rise@0.000ns fall@2.500ns period=5.000ns})
  Destination:            denselayer2/INPUT_SIZE_rows[34].OUTPUT_SIZE_cols[1].sa/data_out_reg[46]/D
                            (rising edge-triggered cell FDRE clocked by ap_clk  {rise@0.000ns fall@2.500ns period=5.000ns})
  Path Group:             ap_clk
  Path Type:              Setup (Max at Slow Process Corner)
  Requirement:            5.000ns  (ap_clk rise@5.000ns - ap_clk rise@0.000ns)
  Data Path Delay:        5.280ns  (logic 1.201ns (22.746%)  route 4.079ns (77.254%))
  Logic Levels:           15  (CARRY8=10 LUT2=2 LUT3=2 LUT6=1)
  Clock Path Skew:        0.000ns (DCD - SCD + CPR)
    Destination Clock Delay (DCD):    3.300ns = ( 8.300 - 5.000 ) 
    Source Clock Delay      (SCD):    3.731ns
    Clock Pessimism Removal (CPR):    0.431ns
  Clock Uncertainty:      0.035ns  ((TSJ^2 + TIJ^2)^1/2 + DJ) / 2 + PE
    Total System Jitter     (TSJ):    0.071ns
    Total Input Jitter      (TIJ):    0.000ns
    Discrete Jitter          (DJ):    0.000ns
    Phase Error              (PE):    0.000ns
  Clock Net Delay (Source):      2.855ns (routing 1.055ns, distribution 1.800ns)
  Clock Net Delay (Destination): 2.667ns (routing 0.956ns, distribution 1.711ns)

    Location             Delay type                Incr(ns)  Path(ns)    Netlist Resource(s)
  -------------------------------------------------------------------    -------------------
                         (clock ap_clk rise edge)     0.000     0.000 r  
    AP13                                              0.000     0.000 r  clk (IN)
                         net (fo=0)                   0.000     0.000    clk_IBUF_inst/I
    AP13                 INBUF (Prop_INBUF_HPIOB_M_PAD_O)
                                                      0.534     0.534 r  clk_IBUF_inst/INBUF_INST/O
                         net (fo=1, routed)           0.000     0.534    clk_IBUF_inst/OUT
    AP13                 IBUFCTRL (Prop_IBUFCTRL_HPIOB_M_I_O)
                                                      0.000     0.534 r  clk_IBUF_inst/IBUFCTRL_INST/O
                         net (fo=1, routed)           0.314     0.848    clk_IBUF
    BUFGCE_X0Y170        BUFGCE (Prop_BUFCE_BUFGCE_I_O)
                                                      0.028     0.876 r  clk_IBUF_BUFG_inst/O
    X3Y5 (CLOCK_ROOT)    net (fo=111591, routed)      2.855     3.731    denselayer1/sum_all/col_trees[34].column_tree/CLK
    SLR Crossing[1->0]   
    SLICE_X35Y216        FDRE                                         r  denselayer1/sum_all/col_trees[34].column_tree/genblk2[0].genblk1[1].tree_reg[1][13]/C
  -------------------------------------------------------------------    -------------------
    SLICE_X35Y216        FDRE (Prop_FFF_SLICEM_C_Q)
                                                      0.066     3.797 r  denselayer1/sum_all/col_trees[34].column_tree/genblk2[0].genblk1[1].tree_reg[1][13]/Q
                         net (fo=1, routed)           0.335     4.132    denselayer1/sum_all/col_trees[34].column_tree/accumulator[34]_134[13]
    SLICE_X34Y216        CARRY8 (Prop_CARRY8_SLICEM_S[5]_CO[7])
                                                      0.137     4.269 r  denselayer1/sum_all/col_trees[34].column_tree/data_out0_i_20__25/CO[7]
                         net (fo=1, routed)           0.023     4.292    denselayer1/sum_all/col_trees[34].column_tree/data_out0_i_20__25_n_0
    SLICE_X34Y217        CARRY8 (Prop_CARRY8_SLICEM_CI_CO[7])
                                                      0.012     4.304 r  denselayer1/sum_all/col_trees[34].column_tree/data_out0_i_18__25/CO[7]
                         net (fo=1, routed)           0.023     4.327    denselayer1/sum_all/col_trees[34].column_tree/data_out0_i_18__25_n_0
    SLICE_X34Y218        CARRY8 (Prop_CARRY8_SLICEM_CI_O[6])
                                                      0.091     4.418 r  denselayer1/sum_all/col_trees[34].column_tree/data_out0_i_19__25/O[6]
                         net (fo=1771, routed)        0.813     5.231    relulayer1/output_data[34][30]
    SLICE_X58Y222        LUT2 (Prop_H6LUT_SLICEL_I1_O)
                                                      0.049     5.280 r  relulayer1/data_out0_carry_i_18__14/O
                         net (fo=129, routed)         0.945     6.225    relulayer1/data_out0_carry_i_18__14_19[7]
    SLICE_X27Y235        LUT2 (Prop_B6LUT_SLICEM_I0_O)
                                                      0.081     6.306 r  relulayer1/data_out0_carry__0_i_15__302/O
                         net (fo=1, routed)           0.020     6.326    denselayer2/INPUT_SIZE_rows[34].OUTPUT_SIZE_cols[1].sa/data_out0__247_carry_i_10__5_1[1]
    SLICE_X27Y235        CARRY8 (Prop_CARRY8_SLICEM_S[1]_O[6])
                                                      0.199     6.525 r  denselayer2/INPUT_SIZE_rows[34].OUTPUT_SIZE_cols[1].sa/data_out0_carry__0/O[6]
                         net (fo=3, routed)           0.296     6.821    denselayer2/INPUT_SIZE_rows[34].OUTPUT_SIZE_cols[1].sa/data_out0_carry__0_n_9
    SLICE_X22Y235        LUT3 (Prop_A6LUT_SLICEL_I0_O)
                                                      0.082     6.903 r  denselayer2/INPUT_SIZE_rows[34].OUTPUT_SIZE_cols[1].sa/data_out0__247_carry__0_i_4__5/O
                         net (fo=1, routed)           0.389     7.292    denselayer2/INPUT_SIZE_rows[34].OUTPUT_SIZE_cols[1].sa/data_out0__247_carry__0_i_4__5_n_0
    SLICE_X24Y235        CARRY8 (Prop_CARRY8_SLICEL_DI[4]_CO[7])
                                                      0.080     7.372 r  denselayer2/INPUT_SIZE_rows[34].OUTPUT_SIZE_cols[1].sa/data_out0__247_carry__0/CO[7]
                         net (fo=1, routed)           0.023     7.395    denselayer2/INPUT_SIZE_rows[34].OUTPUT_SIZE_cols[1].sa/data_out0__247_carry__0_n_0
    SLICE_X24Y236        CARRY8 (Prop_CARRY8_SLICEL_CI_O[6])
                                                      0.091     7.486 r  denselayer2/INPUT_SIZE_rows[34].OUTPUT_SIZE_cols[1].sa/data_out0__247_carry__1/O[6]
                         net (fo=4, routed)           0.589     8.075    relulayer1/data_out_reg[26]_34[6]
    SLICE_X45Y228        LUT3 (Prop_D5LUT_SLICEL_I0_O)
                                                      0.086     8.161 r  relulayer1/data_out0__367_carry__0_i_17__0/O
                         net (fo=1, routed)           0.516     8.677    relulayer1/data_out0__367_carry__0_i_17__0_n_0
    SLICE_X26Y235        LUT6 (Prop_H6LUT_SLICEL_I5_O)
                                                      0.032     8.709 r  relulayer1/data_out0__367_carry__0_i_9__2/O
                         net (fo=1, routed)           0.013     8.722    denselayer2/INPUT_SIZE_rows[34].OUTPUT_SIZE_cols[1].sa/data_out_reg[26]_3[7]
    SLICE_X26Y235        CARRY8 (Prop_CARRY8_SLICEL_S[7]_CO[7])
                                                      0.099     8.821 r  denselayer2/INPUT_SIZE_rows[34].OUTPUT_SIZE_cols[1].sa/data_out0__367_carry__0/CO[7]
                         net (fo=1, routed)           0.023     8.844    denselayer2/INPUT_SIZE_rows[34].OUTPUT_SIZE_cols[1].sa/data_out0__367_carry__0_n_0
    SLICE_X26Y236        CARRY8 (Prop_CARRY8_SLICEL_CI_CO[7])
                                                      0.012     8.856 r  denselayer2/INPUT_SIZE_rows[34].OUTPUT_SIZE_cols[1].sa/data_out0__367_carry__1/CO[7]
                         net (fo=1, routed)           0.023     8.879    denselayer2/INPUT_SIZE_rows[34].OUTPUT_SIZE_cols[1].sa/data_out0__367_carry__1_n_0
    SLICE_X26Y237        CARRY8 (Prop_CARRY8_SLICEL_CI_CO[7])
                                                      0.012     8.891 r  denselayer2/INPUT_SIZE_rows[34].OUTPUT_SIZE_cols[1].sa/data_out0__367_carry__2/CO[7]
                         net (fo=1, routed)           0.023     8.914    denselayer2/INPUT_SIZE_rows[34].OUTPUT_SIZE_cols[1].sa/data_out0__367_carry__2_n_0
    SLICE_X26Y238        CARRY8 (Prop_CARRY8_SLICEL_CI_O[3])
                                                      0.072     8.986 r  denselayer2/INPUT_SIZE_rows[34].OUTPUT_SIZE_cols[1].sa/data_out0__367_carry__3/O[3]
                         net (fo=1, routed)           0.025     9.011    denselayer2/INPUT_SIZE_rows[34].OUTPUT_SIZE_cols[1].sa/data_out0__367_carry__3_n_12
    SLICE_X26Y238        FDRE                                         r  denselayer2/INPUT_SIZE_rows[34].OUTPUT_SIZE_cols[1].sa/data_out_reg[46]/D
  -------------------------------------------------------------------    -------------------

                         (clock ap_clk rise edge)     5.000     5.000 r  
    AP13                                              0.000     5.000 r  clk (IN)
                         net (fo=0)                   0.000     5.000    clk_IBUF_inst/I
    AP13                 INBUF (Prop_INBUF_HPIOB_M_PAD_O)
                                                      0.330     5.330 r  clk_IBUF_inst/INBUF_INST/O
                         net (fo=1, routed)           0.000     5.330    clk_IBUF_inst/OUT
    AP13                 IBUFCTRL (Prop_IBUFCTRL_HPIOB_M_I_O)
                                                      0.000     5.330 r  clk_IBUF_inst/IBUFCTRL_INST/O
                         net (fo=1, routed)           0.279     5.609    clk_IBUF
    BUFGCE_X0Y170        BUFGCE (Prop_BUFCE_BUFGCE_I_O)
                                                      0.024     5.633 r  clk_IBUF_BUFG_inst/O
    X3Y5 (CLOCK_ROOT)    net (fo=111591, routed)      2.667     8.300    denselayer2/INPUT_SIZE_rows[34].OUTPUT_SIZE_cols[1].sa/CLK
    SLR Crossing[1->0]   
    SLICE_X26Y238        FDRE                                         r  denselayer2/INPUT_SIZE_rows[34].OUTPUT_SIZE_cols[1].sa/data_out_reg[46]/C
                         clock pessimism              0.431     8.730    
                         clock uncertainty           -0.035     8.695    
    SLICE_X26Y238        FDRE (Setup_DFF_SLICEL_C_D)
                                                      0.023     8.718    denselayer2/INPUT_SIZE_rows[34].OUTPUT_SIZE_cols[1].sa/data_out_reg[46]
  -------------------------------------------------------------------
                         required time                          8.718    
                         arrival time                          -9.011    
  -------------------------------------------------------------------
                         slack                                 -0.293    





Min Delay Paths
--------------------------------------------------------------------------------------
Slack (MET) :             0.014ns  (arrival time - required time)
  Source:                 denselayer1/INPUT_SIZE_rows[1].OUTPUT_SIZE_cols[49].sa/data_out_reg[41]/C
                            (rising edge-triggered cell FDRE clocked by ap_clk  {rise@0.000ns fall@2.500ns period=5.000ns})
  Destination:            denselayer1/sum_all/col_trees[49].column_tree/genblk2[1].genblk1[4].tree_reg[4][22]/D
                            (rising edge-triggered cell FDRE clocked by ap_clk  {rise@0.000ns fall@2.500ns period=5.000ns})
  Path Group:             ap_clk
  Path Type:              Hold (Min at Fast Process Corner)
  Requirement:            0.000ns  (ap_clk rise@0.000ns - ap_clk rise@0.000ns)
  Data Path Delay:        0.192ns  (logic 0.092ns (47.917%)  route 0.100ns (52.083%))
  Logic Levels:           2  (CARRY8=1 LUT6=1)
  Clock Path Skew:        0.132ns (DCD - SCD - CPR)
    Destination Clock Delay (DCD):    2.755ns
    Source Clock Delay      (SCD):    2.292ns
    Clock Pessimism Removal (CPR):    0.331ns
  Clock Net Delay (Source):      1.897ns (routing 0.639ns, distribution 1.258ns)
  Clock Net Delay (Destination): 2.135ns (routing 0.713ns, distribution 1.422ns)

    Location             Delay type                Incr(ns)  Path(ns)    Netlist Resource(s)
  -------------------------------------------------------------------    -------------------
                         (clock ap_clk rise edge)     0.000     0.000 r  
    AP13                                              0.000     0.000 r  clk (IN)
                         net (fo=0)                   0.000     0.000    clk_IBUF_inst/I
    AP13                 INBUF (Prop_INBUF_HPIOB_M_PAD_O)
                                                      0.234     0.234 r  clk_IBUF_inst/INBUF_INST/O
                         net (fo=1, routed)           0.000     0.234    clk_IBUF_inst/OUT
    AP13                 IBUFCTRL (Prop_IBUFCTRL_HPIOB_M_I_O)
                                                      0.000     0.234 r  clk_IBUF_inst/IBUFCTRL_INST/O
                         net (fo=1, routed)           0.144     0.378    clk_IBUF
    BUFGCE_X0Y170        BUFGCE (Prop_BUFCE_BUFGCE_I_O)
                                                      0.017     0.395 r  clk_IBUF_BUFG_inst/O
    X3Y5 (CLOCK_ROOT)    net (fo=111591, routed)      1.897     2.292    denselayer1/INPUT_SIZE_rows[1].OUTPUT_SIZE_cols[49].sa/CLK
    SLR Crossing[1->2]   
    SLICE_X189Y538       FDRE                                         r  denselayer1/INPUT_SIZE_rows[1].OUTPUT_SIZE_cols[49].sa/data_out_reg[41]/C
  -------------------------------------------------------------------    -------------------
    SLICE_X189Y538       FDRE (Prop_GFF_SLICEL_C_Q)
                                                      0.039     2.331 r  denselayer1/INPUT_SIZE_rows[1].OUTPUT_SIZE_cols[49].sa/data_out_reg[41]/Q
                         net (fo=3, routed)           0.081     2.412    denselayer1/INPUT_SIZE_rows[3].OUTPUT_SIZE_cols[49].sa/genblk2[1].genblk1[4].tree_reg[4][30][20]
    SLICE_X187Y540       LUT6 (Prop_G6LUT_SLICEM_I3_O)
                                                      0.035     2.447 r  denselayer1/INPUT_SIZE_rows[3].OUTPUT_SIZE_cols[49].sa/col_trees[49].column_tree/genblk2[1].genblk1[4].tree[4][23]_i_11/O
                         net (fo=1, routed)           0.012     2.459    denselayer1/INPUT_SIZE_rows[3].OUTPUT_SIZE_cols[49].sa/col_trees[49].column_tree/genblk2[1].genblk1[4].tree[4][23]_i_11_n_0
    SLICE_X187Y540       CARRY8 (Prop_CARRY8_SLICEM_S[6]_O[6])
                                                      0.018     2.477 r  denselayer1/INPUT_SIZE_rows[3].OUTPUT_SIZE_cols[49].sa/col_trees[49].column_tree/genblk2[1].genblk1[4].tree_reg[4][23]_i_1/O[6]
                         net (fo=1, routed)           0.007     2.484    denselayer1/sum_all/col_trees[49].column_tree/genblk2[1].genblk1[4].tree_reg[4][30]_0[22]
    SLICE_X187Y540       FDRE                                         r  denselayer1/sum_all/col_trees[49].column_tree/genblk2[1].genblk1[4].tree_reg[4][22]/D
  -------------------------------------------------------------------    -------------------

                         (clock ap_clk rise edge)     0.000     0.000 r  
    AP13                                              0.000     0.000 r  clk (IN)
                         net (fo=0)                   0.000     0.000    clk_IBUF_inst/I
    AP13                 INBUF (Prop_INBUF_HPIOB_M_PAD_O)
                                                      0.420     0.420 r  clk_IBUF_inst/INBUF_INST/O
                         net (fo=1, routed)           0.000     0.420    clk_IBUF_inst/OUT
    AP13                 IBUFCTRL (Prop_IBUFCTRL_HPIOB_M_I_O)
                                                      0.000     0.420 r  clk_IBUF_inst/IBUFCTRL_INST/O
                         net (fo=1, routed)           0.181     0.601    clk_IBUF
    BUFGCE_X0Y170        BUFGCE (Prop_BUFCE_BUFGCE_I_O)
                                                      0.019     0.620 r  clk_IBUF_BUFG_inst/O
    X3Y5 (CLOCK_ROOT)    net (fo=111591, routed)      2.135     2.755    denselayer1/sum_all/col_trees[49].column_tree/CLK
    SLR Crossing[1->2]   
    SLICE_X187Y540       FDRE                                         r  denselayer1/sum_all/col_trees[49].column_tree/genblk2[1].genblk1[4].tree_reg[4][22]/C
                         clock pessimism             -0.331     2.424    
    SLICE_X187Y540       FDRE (Hold_GFF_SLICEM_C_D)
                                                      0.046     2.470    denselayer1/sum_all/col_trees[49].column_tree/genblk2[1].genblk1[4].tree_reg[4][22]
  -------------------------------------------------------------------
                         required time                         -2.470    
                         arrival time                           2.484    
  -------------------------------------------------------------------
                         slack                                  0.014    





Pulse Width Checks
--------------------------------------------------------------------------------------
Clock Name:         ap_clk
Waveform(ns):       { 0.000 2.500 }
Period(ns):         5.000
Sources:            { clk }

Check Type        Corner  Lib Pin   Reference Pin  Required(ns)  Actual(ns)  Slack(ns)  Location       Pin
Min Period        n/a     BUFGCE/I  n/a            1.122         5.000       3.878      BUFGCE_X0Y170  clk_IBUF_BUFG_inst/I
Low Pulse Width   Slow    FDRE/C    n/a            0.275         2.500       2.225      SLICE_X141Y81  denselayer3/INPUT_SIZE_rows[13].OUTPUT_SIZE_cols[6].sa/data_out_reg[20]/C
High Pulse Width  Slow    FDRE/C    n/a            0.275         2.500       2.225      SLICE_X141Y83  denselayer3/INPUT_SIZE_rows[13].OUTPUT_SIZE_cols[6].sa/data_out_reg[39]/C



