Copyright 1986-2019 Xilinx, Inc. All Rights Reserved.
-----------------------------------------------------------------------------------------------------------------------------------
| Tool Version : Vivado v.2019.1 (lin64) Build 2552052 Fri May 24 14:47:09 MDT 2019
| Date         : Tue Dec  2 18:57:17 2025
| Host         : hvm1 running 64-bit Ubuntu 22.04.5 LTS
| Command      : report_utilization -hierarchical -hierarchical_depth 1 -file ../reports/37_13_Argmax_P1_PO0_SA2_MULTPIPE_hier.rpt
| Design       : waiz_benchmark
| Device       : xcvu13pfhga2104-3
| Design State : Routed
-----------------------------------------------------------------------------------------------------------------------------------

Utilization Design Information

Table of Contents
-----------------
1. Utilization by Hierarchy

1. Utilization by Hierarchy
---------------------------

+--------------------+---------------------------------------+------------+------------+---------+------+--------+--------+--------+------+--------------+
|      Instance      |                 Module                | Total LUTs | Logic LUTs | LUTRAMs | SRLs |   FFs  | RAMB36 | RAMB18 | URAM | DSP48 Blocks |
+--------------------+---------------------------------------+------------+------------+---------+------+--------+--------+--------+------+--------------+
| waiz_benchmark     |                                 (top) |     472463 |     472463 |       0 |    0 | 145358 |      0 |      0 |    0 |         6486 |
|   (waiz_benchmark) |                                 (top) |      20344 |      20344 |       0 |    0 |      0 |      0 |      0 |    0 |            0 |
|   denselayer1      |                            denseLayer |      98848 |      98848 |       0 |    0 |  34458 |      0 |      0 |    0 |         1718 |
|   denselayer2      |            denseLayer__parameterized0 |     146642 |     146642 |       0 |    0 |  69912 |      0 |      0 |    0 |         2804 |
|   denselayer3      |            denseLayer__parameterized1 |      73019 |      73019 |       0 |    0 |  35399 |      0 |      0 |    0 |         1668 |
|   denselayer4      |            denseLayer__parameterized2 |      13685 |      13685 |       0 |    0 |   5583 |      0 |      0 |    0 |          296 |
|   relulayer1       |                   reluActivationLayer |     104631 |     104631 |       0 |    0 |      0 |      0 |      0 |    0 |            0 |
|   relulayer2       |   reluActivationLayer__parameterized0 |      34820 |      34820 |       0 |    0 |      0 |      0 |      0 |    0 |            0 |
|   relulayer3       | reluActivationLayer__parameterized0_0 |       3015 |       3015 |       0 |    0 |      0 |      0 |      0 |    0 |            0 |
|   softmax          |                    softmaxArgmaxLayer |          2 |          2 |       0 |    0 |      6 |      0 |      0 |    0 |            0 |
+--------------------+---------------------------------------+------------+------------+---------+------+--------+--------+--------+------+--------------+
* Note: The sum of lower-level cells may be larger than their parent cells total, due to cross-hierarchy LUT combining


