Copyright 1986-2019 Xilinx, Inc. All Rights Reserved.
----------------------------------------------------------------------------------------------------------------------
| Tool Version : Vivado v.2019.1 (lin64) Build 2552052 Fri May 24 14:47:09 MDT 2019
| Date         : Sun Nov 30 23:25:28 2025
| Host         : hvm1 running 64-bit Ubuntu 22.04.5 LTS
| Command      : report_utilization -hierarchical -hierarchical_depth 1 -file ../reports/37_13_Argmax_P1_PO1_hier.rpt
| Design       : waiz_benchmark
| Device       : xcvu13pfhga2104-3
| Design State : Routed
----------------------------------------------------------------------------------------------------------------------

Utilization Design Information

Table of Contents
-----------------
1. Utilization by Hierarchy

1. Utilization by Hierarchy
---------------------------

+--------------------+---------------------------------------+------------+------------+---------+------+--------+--------+--------+------+--------------+
|      Instance      |                 Module                | Total LUTs | Logic LUTs | LUTRAMs | SRLs |   FFs  | RAMB36 | RAMB18 | URAM | DSP48 Blocks |
+--------------------+---------------------------------------+------------+------------+---------+------+--------+--------+--------+------+--------------+
| waiz_benchmark     |                                 (top) |     460897 |     460894 |       0 |    3 | 127842 |      0 |      0 |    0 |            0 |
|   (waiz_benchmark) |                                 (top) |       4459 |       4459 |       0 |    0 |      0 |      0 |      0 |    0 |            0 |
|   denselayer1      |                            denseLayer |     274757 |     274757 |       0 |    0 |  30373 |      0 |      0 |    0 |            0 |
|   denselayer2      |            denseLayer__parameterized0 |     134867 |     134866 |       0 |    1 |  66245 |      0 |      0 |    0 |            0 |
|   denselayer3      |            denseLayer__parameterized1 |      35648 |      35647 |       0 |    1 |  26873 |      0 |      0 |    0 |            0 |
|   denselayer4      |            denseLayer__parameterized2 |       3451 |       3450 |       0 |    1 |   4345 |      0 |      0 |    0 |            0 |
|   relulayer1       |                   reluActivationLayer |      27420 |      27420 |       0 |    0 |      0 |      0 |      0 |    0 |            0 |
|   relulayer2       |   reluActivationLayer__parameterized0 |      10424 |      10424 |       0 |    0 |      0 |      0 |      0 |    0 |            0 |
|   relulayer3       | reluActivationLayer__parameterized0_0 |       2328 |       2328 |       0 |    0 |      0 |      0 |      0 |    0 |            0 |
|   softmax          |                    softmaxArgmaxLayer |          2 |          2 |       0 |    0 |      6 |      0 |      0 |    0 |            0 |
+--------------------+---------------------------------------+------------+------------+---------+------+--------+--------+--------+------+--------------+
* Note: The sum of lower-level cells may be larger than their parent cells total, due to cross-hierarchy LUT combining


