Copyright 1986-2019 Xilinx, Inc. All Rights Reserved.
--------------------------------------------------------------------------------------------------------------
| Tool Version : Vivado v.2019.1 (lin64) Build 2552052 Fri May 24 14:47:09 MDT 2019
| Date         : Fri Nov 28 16:15:51 2025
| Host         : hvm1 running 64-bit Ubuntu 22.04.5 LTS
| Command      : report_utilization -hierarchical -hierarchical_depth 1 -file ../reports/4_2_Testing_hier.rpt
| Design       : waiz_benchmark
| Device       : xcvu13pfhga2104-3
| Design State : Routed
--------------------------------------------------------------------------------------------------------------

Utilization Design Information

Table of Contents
-----------------
1. Utilization by Hierarchy

1. Utilization by Hierarchy
---------------------------

+--------------------+---------------------------------------+------------+------------+---------+------+------+--------+--------+------+--------------+
|      Instance      |                 Module                | Total LUTs | Logic LUTs | LUTRAMs | SRLs |  FFs | RAMB36 | RAMB18 | URAM | DSP48 Blocks |
+--------------------+---------------------------------------+------------+------------+---------+------+------+--------+--------+------+--------------+
| waiz_benchmark     |                                 (top) |       7118 |       7118 |       0 |    0 | 6178 |      0 |      0 |    0 |            0 |
|   (waiz_benchmark) |                                 (top) |          0 |          0 |       0 |    0 |    0 |      0 |      0 |    0 |            0 |
|   denselayer1      |                            denseLayer |       2158 |       2158 |       0 |    0 | 1451 |      0 |      0 |    0 |            0 |
|   denselayer2      |            denseLayer__parameterized0 |       2719 |       2719 |       0 |    0 | 2456 |      0 |      0 |    0 |            0 |
|   denselayer3      |            denseLayer__parameterized1 |       1929 |       1929 |       0 |    0 | 1916 |      0 |      0 |    0 |            0 |
|   denselayer4      |            denseLayer__parameterized2 |        266 |        266 |       0 |    0 |  349 |      0 |      0 |    0 |            0 |
|   relulayer1       |                   reluActivationLayer |         35 |         35 |       0 |    0 |    0 |      0 |      0 |    0 |            0 |
|   relulayer2       |   reluActivationLayer__parameterized0 |          4 |          4 |       0 |    0 |    0 |      0 |      0 |    0 |            0 |
|   relulayer3       | reluActivationLayer__parameterized0_0 |          7 |          7 |       0 |    0 |    0 |      0 |      0 |    0 |            0 |
|   softmax          |                    softmaxArgmaxLayer |          0 |          0 |       0 |    0 |    6 |      0 |      0 |    0 |            0 |
+--------------------+---------------------------------------+------------+------------+---------+------+------+--------+--------+------+--------------+
* Note: The sum of lower-level cells may be larger than their parent cells total, due to cross-hierarchy LUT combining


