Copyright 1986-2019 Xilinx, Inc. All Rights Reserved.
----------------------------------------------------------------------------------------------------------------------------------------------------------
| Tool Version      : Vivado v.2019.1 (lin64) Build 2552052 Fri May 24 14:47:09 MDT 2019
| Date              : Tue Jul 28 08:33:02 2026
| Host              : hvm1 running 64-bit Ubuntu 22.04.5 LTS
| Command           : report_timing_summary -file /home/aya/HLS4ML_VS_MANUAL/src/hdl/RHEED_Gaussian/reports/hls4ml_reports_new/gaussian_hsl4ml_timing.rpt
| Design            : myproject
| Device            : xcku035-fbva676
| Speed File        : -2  PRODUCTION 1.25 12-04-2018
| Temperature Grade : E
----------------------------------------------------------------------------------------------------------------------------------------------------------

Timing Summary Report

------------------------------------------------------------------------------------------------
| Timer Settings
| --------------
------------------------------------------------------------------------------------------------

  Enable Multi Corner Analysis               :  Yes
  Enable Pessimism Removal                   :  Yes
  Pessimism Removal Resolution               :  Nearest Common Node
  Enable Input Delay Default Clock           :  No
  Enable Preset / Clear Arcs                 :  No
  Disable Flight Delays                      :  No
  Ignore I/O Paths                           :  No
  Timing Early Launch at Borrowing Latches   :  No
  Borrow Time for Max Delay Exceptions       :  Yes

  Corner  Analyze    Analyze    
  Name    Max Paths  Min Paths  
  ------  ---------  ---------  
  Slow    Yes        Yes        
  Fast    Yes        Yes        



check_timing report

Table of Contents
-----------------
1. checking no_clock
2. checking constant_clock
3. checking pulse_width_clock
4. checking unconstrained_internal_endpoints
5. checking no_input_delay
6. checking no_output_delay
7. checking multiple_clock
8. checking generated_clocks
9. checking loops
10. checking partial_input_delay
11. checking partial_output_delay
12. checking latch_loops

1. checking no_clock
--------------------
 There are 0 register/latch pins with no clock.


2. checking constant_clock
--------------------------
 There are 0 register/latch pins with constant_clock.


3. checking pulse_width_clock
-----------------------------
 There are 0 register/latch pins which need pulse_width check


4. checking unconstrained_internal_endpoints
--------------------------------------------
 There are 0 pins that are not constrained for maximum delay.

 There are 0 pins that are not constrained for maximum delay due to constant clock.


5. checking no_input_delay
--------------------------
 There are 16 input ports with no input delay specified. (HIGH)

 There are 0 input ports with no input delay but user has a false path constraint.


6. checking no_output_delay
---------------------------
 There are 69 ports with no output delay specified. (HIGH)

 There are 0 ports with no output delay but user has a false path constraint

 There are 0 ports with no output delay but with a timing clock defined on it or propagating through it


7. checking multiple_clock
--------------------------
 There are 0 register/latch pins with multiple clocks.


8. checking generated_clocks
----------------------------
 There are 0 generated clocks that are not connected to a clock source.


9. checking loops
-----------------
 There are 0 combinational loops in the design.


10. checking partial_input_delay
--------------------------------
 There are 0 input ports with partial input delay specified.


11. checking partial_output_delay
---------------------------------
 There are 0 ports with partial output delay specified.


12. checking latch_loops
------------------------
 There are 0 combinational latch loops in the design through latch input



------------------------------------------------------------------------------------------------
| Design Timing Summary
| ---------------------
------------------------------------------------------------------------------------------------

    WNS(ns)      TNS(ns)  TNS Failing Endpoints  TNS Total Endpoints      WHS(ns)      THS(ns)  THS Failing Endpoints  THS Total Endpoints     WPWS(ns)     TPWS(ns)  TPWS Failing Endpoints  TPWS Total Endpoints  
    -------      -------  ---------------------  -------------------      -------      -------  ---------------------  -------------------     --------     --------  ----------------------  --------------------  
      0.287        0.000                      0                36500        0.025        0.000                      0                36500        1.520        0.000                       0                 17496  


All user specified timing constraints are met.


------------------------------------------------------------------------------------------------
| Clock Summary
| -------------
------------------------------------------------------------------------------------------------

Clock   Waveform(ns)         Period(ns)      Frequency(MHz)
-----   ------------         ----------      --------------
ap_clk  {0.000 2.500}        5.000           200.000         


------------------------------------------------------------------------------------------------
| Intra Clock Table
| -----------------
------------------------------------------------------------------------------------------------

Clock             WNS(ns)      TNS(ns)  TNS Failing Endpoints  TNS Total Endpoints      WHS(ns)      THS(ns)  THS Failing Endpoints  THS Total Endpoints     WPWS(ns)     TPWS(ns)  TPWS Failing Endpoints  TPWS Total Endpoints  
-----             -------      -------  ---------------------  -------------------      -------      -------  ---------------------  -------------------     --------     --------  ----------------------  --------------------  
ap_clk              0.287        0.000                      0                36500        0.025        0.000                      0                36500        1.520        0.000                       0                 17496  


------------------------------------------------------------------------------------------------
| Inter Clock Table
| -----------------
------------------------------------------------------------------------------------------------

From Clock    To Clock          WNS(ns)      TNS(ns)  TNS Failing Endpoints  TNS Total Endpoints      WHS(ns)      THS(ns)  THS Failing Endpoints  THS Total Endpoints  
----------    --------          -------      -------  ---------------------  -------------------      -------      -------  ---------------------  -------------------  


------------------------------------------------------------------------------------------------
| Other Path Groups Table
| -----------------------
------------------------------------------------------------------------------------------------

Path Group    From Clock    To Clock          WNS(ns)      TNS(ns)  TNS Failing Endpoints  TNS Total Endpoints      WHS(ns)      THS(ns)  THS Failing Endpoints  THS Total Endpoints  
----------    ----------    --------          -------      -------  ---------------------  -------------------      -------      -------  ---------------------  -------------------  


------------------------------------------------------------------------------------------------
| Timing Details
| --------------
------------------------------------------------------------------------------------------------


---------------------------------------------------------------------------------------------------
From Clock:  ap_clk
  To Clock:  ap_clk

Setup :            0  Failing Endpoints,  Worst Slack        0.287ns,  Total Violation        0.000ns
Hold  :            0  Failing Endpoints,  Worst Slack        0.025ns,  Total Violation        0.000ns
PW    :            0  Failing Endpoints,  Worst Slack        1.520ns,  Total Violation        0.000ns
---------------------------------------------------------------------------------------------------


Max Delay Paths
--------------------------------------------------------------------------------------
Slack (MET) :             0.287ns  (required time - arrival time)
  Source:                 conv_2d_cl_array_ap_ufixed_8u_array_ap_fixed_8_2_5_3_0_10u_config10_U0/grp_compute_output_buffer_2d_array_array_ap_fixed_8_2_5_3_0_10u_config10_s_fu_451/grp_dense_resource_rf_leq_nin_0_0_0_0_0_0_0_0_0_0_0_fu_414/w_index25_reg_2051_reg[0]/C
                            (rising edge-triggered cell FDRE clocked by ap_clk  {rise@0.000ns fall@2.500ns period=5.000ns})
  Destination:            conv_2d_cl_array_ap_ufixed_8u_array_ap_fixed_8_2_5_3_0_10u_config10_U0/grp_compute_output_buffer_2d_array_array_ap_fixed_8_2_5_3_0_10u_config10_s_fu_451/grp_dense_resource_rf_leq_nin_0_0_0_0_0_0_0_0_0_0_0_fu_414/trunc_ln708_172_reg_30992_reg[11]/D
                            (rising edge-triggered cell FDRE clocked by ap_clk  {rise@0.000ns fall@2.500ns period=5.000ns})
  Path Group:             ap_clk
  Path Type:              Setup (Max at Slow Process Corner)
  Requirement:            5.000ns  (ap_clk rise@5.000ns - ap_clk rise@0.000ns)
  Data Path Delay:        4.736ns  (logic 1.482ns (31.292%)  route 3.254ns (68.708%))
  Logic Levels:           8  (CARRY8=3 LUT2=2 LUT6=2 MUXF7=1)
  Clock Uncertainty:      0.035ns  ((TSJ^2 + TIJ^2)^1/2 + DJ) / 2 + PE
    Total System Jitter     (TSJ):    0.071ns
    Total Input Jitter      (TIJ):    0.000ns
    Discrete Jitter          (DJ):    0.000ns
    Phase Error              (PE):    0.000ns

    Location             Delay type                Incr(ns)  Path(ns)    Netlist Resource(s)
  -------------------------------------------------------------------    -------------------
                         (clock ap_clk rise edge)     0.000     0.000 r  
                                                      0.000     0.000 r  ap_clk (IN)
                         net (fo=17495, unset)        0.000     0.000    conv_2d_cl_array_ap_ufixed_8u_array_ap_fixed_8_2_5_3_0_10u_config10_U0/grp_compute_output_buffer_2d_array_array_ap_fixed_8_2_5_3_0_10u_config10_s_fu_451/grp_dense_resource_rf_leq_nin_0_0_0_0_0_0_0_0_0_0_0_fu_414/ap_clk
    SLICE_X87Y80         FDRE                                         r  conv_2d_cl_array_ap_ufixed_8u_array_ap_fixed_8_2_5_3_0_10u_config10_U0/grp_compute_output_buffer_2d_array_array_ap_fixed_8_2_5_3_0_10u_config10_s_fu_451/grp_dense_resource_rf_leq_nin_0_0_0_0_0_0_0_0_0_0_0_fu_414/w_index25_reg_2051_reg[0]/C
  -------------------------------------------------------------------    -------------------
    SLICE_X87Y80         FDRE (Prop_EFF2_SLICEL_C_Q)
                                                      0.116     0.116 r  conv_2d_cl_array_ap_ufixed_8u_array_ap_fixed_8_2_5_3_0_10u_config10_U0/grp_compute_output_buffer_2d_array_array_ap_fixed_8_2_5_3_0_10u_config10_s_fu_451/grp_dense_resource_rf_leq_nin_0_0_0_0_0_0_0_0_0_0_0_fu_414/w_index25_reg_2051_reg[0]/Q
                         net (fo=163, routed)         0.617     0.733    conv_2d_cl_array_ap_ufixed_8u_array_ap_fixed_8_2_5_3_0_10u_config10_U0/grp_compute_output_buffer_2d_array_array_ap_fixed_8_2_5_3_0_10u_config10_s_fu_451/grp_dense_resource_rf_leq_nin_0_0_0_0_0_0_0_0_0_0_0_fu_414/myproject_mux_1287_8_1_1_U411/Q[0]
    SLICE_X90Y86         LUT6 (Prop_C6LUT_SLICEL_I4_O)
                                                      0.173     0.906 f  conv_2d_cl_array_ap_ufixed_8u_array_ap_fixed_8_2_5_3_0_10u_config10_U0/grp_compute_output_buffer_2d_array_array_ap_fixed_8_2_5_3_0_10u_config10_s_fu_451/grp_dense_resource_rf_leq_nin_0_0_0_0_0_0_0_0_0_0_0_fu_414/myproject_mux_1287_8_1_1_U411/trunc_ln708_91_reg_30587[1]_i_35/O
                         net (fo=1, routed)           0.000     0.906    conv_2d_cl_array_ap_ufixed_8u_array_ap_fixed_8_2_5_3_0_10u_config10_U0/grp_compute_output_buffer_2d_array_array_ap_fixed_8_2_5_3_0_10u_config10_s_fu_451/grp_dense_resource_rf_leq_nin_0_0_0_0_0_0_0_0_0_0_0_fu_414/myproject_mux_1287_8_1_1_U411/mux_2_1__5[3]
    SLICE_X90Y86         MUXF7 (Prop_F7MUX_CD_SLICEL_I1_O)
                                                      0.067     0.973 f  conv_2d_cl_array_ap_ufixed_8u_array_ap_fixed_8_2_5_3_0_10u_config10_U0/grp_compute_output_buffer_2d_array_array_ap_fixed_8_2_5_3_0_10u_config10_s_fu_451/grp_dense_resource_rf_leq_nin_0_0_0_0_0_0_0_0_0_0_0_fu_414/myproject_mux_1287_8_1_1_U411/trunc_ln708_91_reg_30587_reg[1]_i_20/O
                         net (fo=190, routed)         1.432     2.405    conv_2d_cl_array_ap_ufixed_8u_array_ap_fixed_8_2_5_3_0_10u_config10_U0/grp_compute_output_buffer_2d_array_array_ap_fixed_8_2_5_3_0_10u_config10_s_fu_451/grp_dense_resource_rf_leq_nin_0_0_0_0_0_0_0_0_0_0_0_fu_414/myproject_mux_1287_8_1_1_U411_n_4
    SLICE_X73Y67         LUT2 (Prop_D5LUT_SLICEL_I0_O)
                                                      0.133     2.538 r  conv_2d_cl_array_ap_ufixed_8u_array_ap_fixed_8_2_5_3_0_10u_config10_U0/grp_compute_output_buffer_2d_array_array_ap_fixed_8_2_5_3_0_10u_config10_s_fu_451/grp_dense_resource_rf_leq_nin_0_0_0_0_0_0_0_0_0_0_0_fu_414/trunc_ln708_172_reg_30992[1]_i_21/O
                         net (fo=1, routed)           0.291     2.829    conv_2d_cl_array_ap_ufixed_8u_array_ap_fixed_8_2_5_3_0_10u_config10_U0/grp_compute_output_buffer_2d_array_array_ap_fixed_8_2_5_3_0_10u_config10_s_fu_451/grp_dense_resource_rf_leq_nin_0_0_0_0_0_0_0_0_0_0_0_fu_414/trunc_ln708_172_reg_30992[1]_i_21_n_1
    SLICE_X72Y67         LUT6 (Prop_D6LUT_SLICEM_I1_O)
                                                      0.118     2.947 r  conv_2d_cl_array_ap_ufixed_8u_array_ap_fixed_8_2_5_3_0_10u_config10_U0/grp_compute_output_buffer_2d_array_array_ap_fixed_8_2_5_3_0_10u_config10_s_fu_451/grp_dense_resource_rf_leq_nin_0_0_0_0_0_0_0_0_0_0_0_fu_414/trunc_ln708_172_reg_30992[1]_i_13/O
                         net (fo=1, routed)           0.000     2.947    conv_2d_cl_array_ap_ufixed_8u_array_ap_fixed_8_2_5_3_0_10u_config10_U0/grp_compute_output_buffer_2d_array_array_ap_fixed_8_2_5_3_0_10u_config10_s_fu_451/grp_dense_resource_rf_leq_nin_0_0_0_0_0_0_0_0_0_0_0_fu_414/trunc_ln708_172_reg_30992[1]_i_13_n_1
    SLICE_X72Y67         CARRY8 (Prop_CARRY8_SLICEM_S[3]_O[5])
                                                      0.271     3.218 r  conv_2d_cl_array_ap_ufixed_8u_array_ap_fixed_8_2_5_3_0_10u_config10_U0/grp_compute_output_buffer_2d_array_array_ap_fixed_8_2_5_3_0_10u_config10_s_fu_451/grp_dense_resource_rf_leq_nin_0_0_0_0_0_0_0_0_0_0_0_fu_414/trunc_ln708_172_reg_30992_reg[1]_i_1/O[5]
                         net (fo=2, routed)           0.432     3.650    conv_2d_cl_array_ap_ufixed_8u_array_ap_fixed_8_2_5_3_0_10u_config10_U0/grp_compute_output_buffer_2d_array_array_ap_fixed_8_2_5_3_0_10u_config10_s_fu_451/grp_dense_resource_rf_leq_nin_0_0_0_0_0_0_0_0_0_0_0_fu_414/trunc_ln708_172_reg_30992_reg[1]_i_1_n_11
    SLICE_X70Y66         LUT2 (Prop_C5LUT_SLICEL_I1_O)
                                                      0.134     3.784 r  conv_2d_cl_array_ap_ufixed_8u_array_ap_fixed_8_2_5_3_0_10u_config10_U0/grp_compute_output_buffer_2d_array_array_ap_fixed_8_2_5_3_0_10u_config10_s_fu_451/grp_dense_resource_rf_leq_nin_0_0_0_0_0_0_0_0_0_0_0_fu_414/trunc_ln708_172_reg_30992[9]_i_6/O
                         net (fo=2, routed)           0.414     4.198    conv_2d_cl_array_ap_ufixed_8u_array_ap_fixed_8_2_5_3_0_10u_config10_U0/grp_compute_output_buffer_2d_array_array_ap_fixed_8_2_5_3_0_10u_config10_s_fu_451/grp_dense_resource_rf_leq_nin_0_0_0_0_0_0_0_0_0_0_0_fu_414/trunc_ln708_172_reg_30992[9]_i_6_n_1
    SLICE_X70Y66         CARRY8 (Prop_CARRY8_SLICEL_DI[3]_CO[7])
                                                      0.337     4.535 r  conv_2d_cl_array_ap_ufixed_8u_array_ap_fixed_8_2_5_3_0_10u_config10_U0/grp_compute_output_buffer_2d_array_array_ap_fixed_8_2_5_3_0_10u_config10_s_fu_451/grp_dense_resource_rf_leq_nin_0_0_0_0_0_0_0_0_0_0_0_fu_414/trunc_ln708_172_reg_30992_reg[9]_i_1/CO[7]
                         net (fo=1, routed)           0.027     4.562    conv_2d_cl_array_ap_ufixed_8u_array_ap_fixed_8_2_5_3_0_10u_config10_U0/grp_compute_output_buffer_2d_array_array_ap_fixed_8_2_5_3_0_10u_config10_s_fu_451/grp_dense_resource_rf_leq_nin_0_0_0_0_0_0_0_0_0_0_0_fu_414/trunc_ln708_172_reg_30992_reg[9]_i_1_n_1
    SLICE_X70Y67         CARRY8 (Prop_CARRY8_SLICEL_CI_O[1])
                                                      0.133     4.695 r  conv_2d_cl_array_ap_ufixed_8u_array_ap_fixed_8_2_5_3_0_10u_config10_U0/grp_compute_output_buffer_2d_array_array_ap_fixed_8_2_5_3_0_10u_config10_s_fu_451/grp_dense_resource_rf_leq_nin_0_0_0_0_0_0_0_0_0_0_0_fu_414/trunc_ln708_172_reg_30992_reg[11]_i_1/O[1]
                         net (fo=1, routed)           0.041     4.736    conv_2d_cl_array_ap_ufixed_8u_array_ap_fixed_8_2_5_3_0_10u_config10_U0/grp_compute_output_buffer_2d_array_array_ap_fixed_8_2_5_3_0_10u_config10_s_fu_451/grp_dense_resource_rf_leq_nin_0_0_0_0_0_0_0_0_0_0_0_fu_414/mul_ln1118_161_fu_28961_p2[12]
    SLICE_X70Y67         FDRE                                         r  conv_2d_cl_array_ap_ufixed_8u_array_ap_fixed_8_2_5_3_0_10u_config10_U0/grp_compute_output_buffer_2d_array_array_ap_fixed_8_2_5_3_0_10u_config10_s_fu_451/grp_dense_resource_rf_leq_nin_0_0_0_0_0_0_0_0_0_0_0_fu_414/trunc_ln708_172_reg_30992_reg[11]/D
  -------------------------------------------------------------------    -------------------

                         (clock ap_clk rise edge)     5.000     5.000 r  
                                                      0.000     5.000 r  ap_clk (IN)
                         net (fo=17495, unset)        0.000     5.000    conv_2d_cl_array_ap_ufixed_8u_array_ap_fixed_8_2_5_3_0_10u_config10_U0/grp_compute_output_buffer_2d_array_array_ap_fixed_8_2_5_3_0_10u_config10_s_fu_451/grp_dense_resource_rf_leq_nin_0_0_0_0_0_0_0_0_0_0_0_fu_414/ap_clk
    SLICE_X70Y67         FDRE                                         r  conv_2d_cl_array_ap_ufixed_8u_array_ap_fixed_8_2_5_3_0_10u_config10_U0/grp_compute_output_buffer_2d_array_array_ap_fixed_8_2_5_3_0_10u_config10_s_fu_451/grp_dense_resource_rf_leq_nin_0_0_0_0_0_0_0_0_0_0_0_fu_414/trunc_ln708_172_reg_30992_reg[11]/C
                         clock pessimism              0.000     5.000    
                         clock uncertainty           -0.035     4.965    
    SLICE_X70Y67         FDRE (Setup_BFF_SLICEL_C_D)
                                                      0.058     5.023    conv_2d_cl_array_ap_ufixed_8u_array_ap_fixed_8_2_5_3_0_10u_config10_U0/grp_compute_output_buffer_2d_array_array_ap_fixed_8_2_5_3_0_10u_config10_s_fu_451/grp_dense_resource_rf_leq_nin_0_0_0_0_0_0_0_0_0_0_0_fu_414/trunc_ln708_172_reg_30992_reg[11]
  -------------------------------------------------------------------
                         required time                          5.023    
                         arrival time                          -4.736    
  -------------------------------------------------------------------
                         slack                                  0.287    





Min Delay Paths
--------------------------------------------------------------------------------------
Slack (MET) :             0.025ns  (arrival time - required time)
  Source:                 conv_2d_cl_array_ap_ufixed_1u_array_ap_fixed_8_2_5_3_0_6u_config2_U0/grp_compute_output_buffer_2d_array_array_ap_fixed_8_2_5_3_0_6u_config2_s_fu_173/call_ret_shift_line_buffer_array_ap_ufixed_8_0_5_3_0_1u_config2_s_fu_208/line_buffer_Array_V_0_0_U/shift_line_buffer_array_ap_ufixed_8_0_5_3_0_1u_config2_s_line_buffer_Array_V_bkb_core_U/ShiftRegMem_reg[34][5]_srl32/CLK
                            (rising edge-triggered cell SRLC32E clocked by ap_clk  {rise@0.000ns fall@2.500ns period=5.000ns})
  Destination:            conv_2d_cl_array_ap_ufixed_1u_array_ap_fixed_8_2_5_3_0_6u_config2_U0/grp_compute_output_buffer_2d_array_array_ap_fixed_8_2_5_3_0_6u_config2_s_fu_173/call_ret_shift_line_buffer_array_ap_ufixed_8_0_5_3_0_1u_config2_s_fu_208/line_buffer_Array_V_0_0_U/shift_line_buffer_array_ap_ufixed_8_0_5_3_0_1u_config2_s_line_buffer_Array_V_bkb_core_U/ShiftRegMem_reg[47][5]_srl13/D
                            (rising edge-triggered cell SRL16E clocked by ap_clk  {rise@0.000ns fall@2.500ns period=5.000ns})
  Path Group:             ap_clk
  Path Type:              Hold (Min at Fast Process Corner)
  Requirement:            0.000ns  (ap_clk rise@0.000ns - ap_clk rise@0.000ns)
  Data Path Delay:        0.145ns  (logic 0.145ns (100.000%)  route 0.000ns (0.000%))
  Logic Levels:           0  

    Location             Delay type                Incr(ns)  Path(ns)    Netlist Resource(s)
  -------------------------------------------------------------------    -------------------
                         (clock ap_clk rise edge)     0.000     0.000 r  
                                                      0.000     0.000 r  ap_clk (IN)
                         net (fo=17495, unset)        0.000     0.000    conv_2d_cl_array_ap_ufixed_1u_array_ap_fixed_8_2_5_3_0_6u_config2_U0/grp_compute_output_buffer_2d_array_array_ap_fixed_8_2_5_3_0_6u_config2_s_fu_173/call_ret_shift_line_buffer_array_ap_ufixed_8_0_5_3_0_1u_config2_s_fu_208/line_buffer_Array_V_0_0_U/shift_line_buffer_array_ap_ufixed_8_0_5_3_0_1u_config2_s_line_buffer_Array_V_bkb_core_U/ap_clk
    SLICE_X94Y131        SRLC32E                                      r  conv_2d_cl_array_ap_ufixed_1u_array_ap_fixed_8_2_5_3_0_6u_config2_U0/grp_compute_output_buffer_2d_array_array_ap_fixed_8_2_5_3_0_6u_config2_s_fu_173/call_ret_shift_line_buffer_array_ap_ufixed_8_0_5_3_0_1u_config2_s_fu_208/line_buffer_Array_V_0_0_U/shift_line_buffer_array_ap_ufixed_8_0_5_3_0_1u_config2_s_line_buffer_Array_V_bkb_core_U/ShiftRegMem_reg[34][5]_srl32/CLK
  -------------------------------------------------------------------    -------------------
    SLICE_X94Y131        SRLC32E (Prop_D6LUT_SLICEM_CLK_Q31)
                                                      0.145     0.145 r  conv_2d_cl_array_ap_ufixed_1u_array_ap_fixed_8_2_5_3_0_6u_config2_U0/grp_compute_output_buffer_2d_array_array_ap_fixed_8_2_5_3_0_6u_config2_s_fu_173/call_ret_shift_line_buffer_array_ap_ufixed_8_0_5_3_0_1u_config2_s_fu_208/line_buffer_Array_V_0_0_U/shift_line_buffer_array_ap_ufixed_8_0_5_3_0_1u_config2_s_line_buffer_Array_V_bkb_core_U/ShiftRegMem_reg[34][5]_srl32/Q31
                         net (fo=1, routed)           0.000     0.145    conv_2d_cl_array_ap_ufixed_1u_array_ap_fixed_8_2_5_3_0_6u_config2_U0/grp_compute_output_buffer_2d_array_array_ap_fixed_8_2_5_3_0_6u_config2_s_fu_173/call_ret_shift_line_buffer_array_ap_ufixed_8_0_5_3_0_1u_config2_s_fu_208/line_buffer_Array_V_0_0_U/shift_line_buffer_array_ap_ufixed_8_0_5_3_0_1u_config2_s_line_buffer_Array_V_bkb_core_U/ShiftRegMem_reg[34][5]_srl32_n_2
    SLICE_X94Y131        SRL16E                                       r  conv_2d_cl_array_ap_ufixed_1u_array_ap_fixed_8_2_5_3_0_6u_config2_U0/grp_compute_output_buffer_2d_array_array_ap_fixed_8_2_5_3_0_6u_config2_s_fu_173/call_ret_shift_line_buffer_array_ap_ufixed_8_0_5_3_0_1u_config2_s_fu_208/line_buffer_Array_V_0_0_U/shift_line_buffer_array_ap_ufixed_8_0_5_3_0_1u_config2_s_line_buffer_Array_V_bkb_core_U/ShiftRegMem_reg[47][5]_srl13/D
  -------------------------------------------------------------------    -------------------

                         (clock ap_clk rise edge)     0.000     0.000 r  
                                                      0.000     0.000 r  ap_clk (IN)
                         net (fo=17495, unset)        0.000     0.000    conv_2d_cl_array_ap_ufixed_1u_array_ap_fixed_8_2_5_3_0_6u_config2_U0/grp_compute_output_buffer_2d_array_array_ap_fixed_8_2_5_3_0_6u_config2_s_fu_173/call_ret_shift_line_buffer_array_ap_ufixed_8_0_5_3_0_1u_config2_s_fu_208/line_buffer_Array_V_0_0_U/shift_line_buffer_array_ap_ufixed_8_0_5_3_0_1u_config2_s_line_buffer_Array_V_bkb_core_U/ap_clk
    SLICE_X94Y131        SRL16E                                       r  conv_2d_cl_array_ap_ufixed_1u_array_ap_fixed_8_2_5_3_0_6u_config2_U0/grp_compute_output_buffer_2d_array_array_ap_fixed_8_2_5_3_0_6u_config2_s_fu_173/call_ret_shift_line_buffer_array_ap_ufixed_8_0_5_3_0_1u_config2_s_fu_208/line_buffer_Array_V_0_0_U/shift_line_buffer_array_ap_ufixed_8_0_5_3_0_1u_config2_s_line_buffer_Array_V_bkb_core_U/ShiftRegMem_reg[47][5]_srl13/CLK
                         clock pessimism              0.000     0.000    
    SLICE_X94Y131        SRL16E (Hold_C6LUT_SLICEM_CLK_D)
                                                      0.120     0.120    conv_2d_cl_array_ap_ufixed_1u_array_ap_fixed_8_2_5_3_0_6u_config2_U0/grp_compute_output_buffer_2d_array_array_ap_fixed_8_2_5_3_0_6u_config2_s_fu_173/call_ret_shift_line_buffer_array_ap_ufixed_8_0_5_3_0_1u_config2_s_fu_208/line_buffer_Array_V_0_0_U/shift_line_buffer_array_ap_ufixed_8_0_5_3_0_1u_config2_s_line_buffer_Array_V_bkb_core_U/ShiftRegMem_reg[47][5]_srl13
  -------------------------------------------------------------------
                         required time                         -0.120    
                         arrival time                           0.145    
  -------------------------------------------------------------------
                         slack                                  0.025    





Pulse Width Checks
--------------------------------------------------------------------------------------
Clock Name:         ap_clk
Waveform(ns):       { 0.000 2.500 }
Period(ns):         5.000
Sources:            { ap_clk }

Check Type        Corner  Lib Pin             Reference Pin  Required(ns)  Actual(ns)  Slack(ns)  Location      Pin
Min Period        n/a     RAMB36E2/CLKARDCLK  n/a            1.961         5.000       3.039      RAMB36_X8Y27  layer2_out_V_data_2_V_U/mem_reg_bram_0/CLKARDCLK
Low Pulse Width   Slow    RAMB36E2/CLKARDCLK  n/a            0.980         2.500       1.520      RAMB36_X8Y27  layer2_out_V_data_2_V_U/mem_reg_bram_0/CLKARDCLK
High Pulse Width  Slow    RAMB36E2/CLKARDCLK  n/a            0.980         2.500       1.520      RAMB36_X8Y27  layer2_out_V_data_2_V_U/mem_reg_bram_0/CLKARDCLK



