Copyright 1986-2019 Xilinx, Inc. All Rights Reserved.
----------------------------------------------------------------------------------------------------------------------------------------------------------
| Tool Version      : Vivado v.2019.1 (lin64) Build 2552052 Fri May 24 14:47:09 MDT 2019
| Date              : Tue Sep 22 06:44:50 2026
| Host              : hvm1 running 64-bit Ubuntu 22.04.5 LTS
| Command           : report_timing_summary -file /home/aya/HLS4ML_VS_MANUAL/src/hdl/RHEED_Gaussian/reports/hls4ml_reports_new/gaussian_hls4ml_timing.rpt
| Design            : myproject
| Device            : xcku035-fbva676
| Speed File        : -2  PRODUCTION 1.25 12-04-2018
| Temperature Grade : E
----------------------------------------------------------------------------------------------------------------------------------------------------------

Timing Summary Report

------------------------------------------------------------------------------------------------
| Timer Settings
| --------------
------------------------------------------------------------------------------------------------

  Enable Multi Corner Analysis               :  Yes
  Enable Pessimism Removal                   :  Yes
  Pessimism Removal Resolution               :  Nearest Common Node
  Enable Input Delay Default Clock           :  No
  Enable Preset / Clear Arcs                 :  No
  Disable Flight Delays                      :  No
  Ignore I/O Paths                           :  No
  Timing Early Launch at Borrowing Latches   :  No
  Borrow Time for Max Delay Exceptions       :  Yes

  Corner  Analyze    Analyze    
  Name    Max Paths  Min Paths  
  ------  ---------  ---------  
  Slow    Yes        Yes        
  Fast    Yes        Yes        



check_timing report

Table of Contents
-----------------
1. checking no_clock
2. checking constant_clock
3. checking pulse_width_clock
4. checking unconstrained_internal_endpoints
5. checking no_input_delay
6. checking no_output_delay
7. checking multiple_clock
8. checking generated_clocks
9. checking loops
10. checking partial_input_delay
11. checking partial_output_delay
12. checking latch_loops

1. checking no_clock
--------------------
 There are 0 register/latch pins with no clock.


2. checking constant_clock
--------------------------
 There are 0 register/latch pins with constant_clock.


3. checking pulse_width_clock
-----------------------------
 There are 0 register/latch pins which need pulse_width check


4. checking unconstrained_internal_endpoints
--------------------------------------------
 There are 0 pins that are not constrained for maximum delay.

 There are 0 pins that are not constrained for maximum delay due to constant clock.


5. checking no_input_delay
--------------------------
 There are 16 input ports with no input delay specified. (HIGH)

 There are 0 input ports with no input delay but user has a false path constraint.


6. checking no_output_delay
---------------------------
 There are 64 ports with no output delay specified. (HIGH)

 There are 0 ports with no output delay but user has a false path constraint

 There are 0 ports with no output delay but with a timing clock defined on it or propagating through it


7. checking multiple_clock
--------------------------
 There are 0 register/latch pins with multiple clocks.


8. checking generated_clocks
----------------------------
 There are 0 generated clocks that are not connected to a clock source.


9. checking loops
-----------------
 There are 0 combinational loops in the design.


10. checking partial_input_delay
--------------------------------
 There are 0 input ports with partial input delay specified.


11. checking partial_output_delay
---------------------------------
 There are 0 ports with partial output delay specified.


12. checking latch_loops
------------------------
 There are 0 combinational latch loops in the design through latch input



------------------------------------------------------------------------------------------------
| Design Timing Summary
| ---------------------
------------------------------------------------------------------------------------------------

    WNS(ns)      TNS(ns)  TNS Failing Endpoints  TNS Total Endpoints      WHS(ns)      THS(ns)  THS Failing Endpoints  THS Total Endpoints     WPWS(ns)     TPWS(ns)  TPWS Failing Endpoints  TPWS Total Endpoints  
    -------      -------  ---------------------  -------------------      -------      -------  ---------------------  -------------------     --------     --------  ----------------------  --------------------  
      2.669        0.000                      0                36186        0.025        0.000                      0                36186        4.020        0.000                       0                 17306  


All user specified timing constraints are met.


------------------------------------------------------------------------------------------------
| Clock Summary
| -------------
------------------------------------------------------------------------------------------------

Clock   Waveform(ns)       Period(ns)      Frequency(MHz)
-----   ------------       ----------      --------------
ap_clk  {0.000 5.000}      10.000          100.000         


------------------------------------------------------------------------------------------------
| Intra Clock Table
| -----------------
------------------------------------------------------------------------------------------------

Clock             WNS(ns)      TNS(ns)  TNS Failing Endpoints  TNS Total Endpoints      WHS(ns)      THS(ns)  THS Failing Endpoints  THS Total Endpoints     WPWS(ns)     TPWS(ns)  TPWS Failing Endpoints  TPWS Total Endpoints  
-----             -------      -------  ---------------------  -------------------      -------      -------  ---------------------  -------------------     --------     --------  ----------------------  --------------------  
ap_clk              2.669        0.000                      0                36186        0.025        0.000                      0                36186        4.020        0.000                       0                 17306  


------------------------------------------------------------------------------------------------
| Inter Clock Table
| -----------------
------------------------------------------------------------------------------------------------

From Clock    To Clock          WNS(ns)      TNS(ns)  TNS Failing Endpoints  TNS Total Endpoints      WHS(ns)      THS(ns)  THS Failing Endpoints  THS Total Endpoints  
----------    --------          -------      -------  ---------------------  -------------------      -------      -------  ---------------------  -------------------  


------------------------------------------------------------------------------------------------
| Other Path Groups Table
| -----------------------
------------------------------------------------------------------------------------------------

Path Group    From Clock    To Clock          WNS(ns)      TNS(ns)  TNS Failing Endpoints  TNS Total Endpoints      WHS(ns)      THS(ns)  THS Failing Endpoints  THS Total Endpoints  
----------    ----------    --------          -------      -------  ---------------------  -------------------      -------      -------  ---------------------  -------------------  


------------------------------------------------------------------------------------------------
| Timing Details
| --------------
------------------------------------------------------------------------------------------------


---------------------------------------------------------------------------------------------------
From Clock:  ap_clk
  To Clock:  ap_clk

Setup :            0  Failing Endpoints,  Worst Slack        2.669ns,  Total Violation        0.000ns
Hold  :            0  Failing Endpoints,  Worst Slack        0.025ns,  Total Violation        0.000ns
PW    :            0  Failing Endpoints,  Worst Slack        4.020ns,  Total Violation        0.000ns
---------------------------------------------------------------------------------------------------


Max Delay Paths
--------------------------------------------------------------------------------------
Slack (MET) :             2.669ns  (required time - arrival time)
  Source:                 conv_2d_cl_array_ap_ufixed_8u_array_ap_fixed_8_3_5_3_0_10u_config10_U0/grp_compute_output_buffer_2d_array_array_ap_fixed_8_3_5_3_0_10u_config10_s_fu_451/grp_dense_resource_rf_leq_nin_0_0_0_0_0_0_0_0_0_0_0_fu_414/w_index25_reg_2049_reg[2]/C
                            (rising edge-triggered cell FDRE clocked by ap_clk  {rise@0.000ns fall@5.000ns period=10.000ns})
  Destination:            conv_2d_cl_array_ap_ufixed_8u_array_ap_fixed_8_3_5_3_0_10u_config10_U0/grp_compute_output_buffer_2d_array_array_ap_fixed_8_3_5_3_0_10u_config10_s_fu_451/grp_dense_resource_rf_leq_nin_0_0_0_0_0_0_0_0_0_0_0_fu_414/trunc_ln708_97_reg_30615_reg[11]/D
                            (rising edge-triggered cell FDRE clocked by ap_clk  {rise@0.000ns fall@5.000ns period=10.000ns})
  Path Group:             ap_clk
  Path Type:              Setup (Max at Slow Process Corner)
  Requirement:            10.000ns  (ap_clk rise@10.000ns - ap_clk rise@0.000ns)
  Data Path Delay:        7.354ns  (logic 1.268ns (17.242%)  route 6.086ns (82.758%))
  Logic Levels:           7  (CARRY8=4 LUT3=1 LUT4=1 MUXF7=1)
  Clock Uncertainty:      0.035ns  ((TSJ^2 + TIJ^2)^1/2 + DJ) / 2 + PE
    Total System Jitter     (TSJ):    0.071ns
    Total Input Jitter      (TIJ):    0.000ns
    Discrete Jitter          (DJ):    0.000ns
    Phase Error              (PE):    0.000ns

    Location             Delay type                Incr(ns)  Path(ns)    Netlist Resource(s)
  -------------------------------------------------------------------    -------------------
                         (clock ap_clk rise edge)     0.000     0.000 r  
                                                      0.000     0.000 r  ap_clk (IN)
                         net (fo=17305, unset)        0.000     0.000    conv_2d_cl_array_ap_ufixed_8u_array_ap_fixed_8_3_5_3_0_10u_config10_U0/grp_compute_output_buffer_2d_array_array_ap_fixed_8_3_5_3_0_10u_config10_s_fu_451/grp_dense_resource_rf_leq_nin_0_0_0_0_0_0_0_0_0_0_0_fu_414/ap_clk
    SLICE_X83Y137        FDRE                                         r  conv_2d_cl_array_ap_ufixed_8u_array_ap_fixed_8_3_5_3_0_10u_config10_U0/grp_compute_output_buffer_2d_array_array_ap_fixed_8_3_5_3_0_10u_config10_s_fu_451/grp_dense_resource_rf_leq_nin_0_0_0_0_0_0_0_0_0_0_0_fu_414/w_index25_reg_2049_reg[2]/C
  -------------------------------------------------------------------    -------------------
    SLICE_X83Y137        FDRE (Prop_FFF_SLICEL_C_Q)
                                                      0.114     0.114 r  conv_2d_cl_array_ap_ufixed_8u_array_ap_fixed_8_3_5_3_0_10u_config10_U0/grp_compute_output_buffer_2d_array_array_ap_fixed_8_3_5_3_0_10u_config10_s_fu_451/grp_dense_resource_rf_leq_nin_0_0_0_0_0_0_0_0_0_0_0_fu_414/w_index25_reg_2049_reg[2]/Q
                         net (fo=81, routed)          1.969     2.083    conv_2d_cl_array_ap_ufixed_8u_array_ap_fixed_8_3_5_3_0_10u_config10_U0/grp_compute_output_buffer_2d_array_array_ap_fixed_8_3_5_3_0_10u_config10_s_fu_451/grp_dense_resource_rf_leq_nin_0_0_0_0_0_0_0_0_0_0_0_fu_414/myproject_mux_1287_8_1_1_U408/Q[2]
    SLICE_X94Y112        MUXF7 (Prop_F7MUX_CD_SLICEM_S_O)
                                                      0.095     2.178 r  conv_2d_cl_array_ap_ufixed_8u_array_ap_fixed_8_3_5_3_0_10u_config10_U0/grp_compute_output_buffer_2d_array_array_ap_fixed_8_3_5_3_0_10u_config10_s_fu_451/grp_dense_resource_rf_leq_nin_0_0_0_0_0_0_0_0_0_0_0_fu_414/myproject_mux_1287_8_1_1_U408/trunc_ln708_88_reg_30570_reg[9]_i_17/O
                         net (fo=150, routed)         3.043     5.221    conv_2d_cl_array_ap_ufixed_8u_array_ap_fixed_8_3_5_3_0_10u_config10_U0/grp_compute_output_buffer_2d_array_array_ap_fixed_8_3_5_3_0_10u_config10_s_fu_451/grp_dense_resource_rf_leq_nin_0_0_0_0_0_0_0_0_0_0_0_fu_414/myproject_mux_1287_8_1_1_U408_n_1
    SLICE_X63Y134        LUT4 (Prop_F6LUT_SLICEL_I3_O)
                                                      0.115     5.336 r  conv_2d_cl_array_ap_ufixed_8u_array_ap_fixed_8_3_5_3_0_10u_config10_U0/grp_compute_output_buffer_2d_array_array_ap_fixed_8_3_5_3_0_10u_config10_s_fu_451/grp_dense_resource_rf_leq_nin_0_0_0_0_0_0_0_0_0_0_0_fu_414/trunc_ln708_97_reg_30615[1]_i_7/O
                         net (fo=1, routed)           0.293     5.629    conv_2d_cl_array_ap_ufixed_8u_array_ap_fixed_8_3_5_3_0_10u_config10_U0/grp_compute_output_buffer_2d_array_array_ap_fixed_8_3_5_3_0_10u_config10_s_fu_451/grp_dense_resource_rf_leq_nin_0_0_0_0_0_0_0_0_0_0_0_fu_414/trunc_ln708_97_reg_30615[1]_i_7_n_1
    SLICE_X62Y135        CARRY8 (Prop_CARRY8_SLICEM_DI[2]_CO[7])
                                                      0.342     5.971 r  conv_2d_cl_array_ap_ufixed_8u_array_ap_fixed_8_3_5_3_0_10u_config10_U0/grp_compute_output_buffer_2d_array_array_ap_fixed_8_3_5_3_0_10u_config10_s_fu_451/grp_dense_resource_rf_leq_nin_0_0_0_0_0_0_0_0_0_0_0_fu_414/trunc_ln708_97_reg_30615_reg[1]_i_1/CO[7]
                         net (fo=1, routed)           0.027     5.998    conv_2d_cl_array_ap_ufixed_8u_array_ap_fixed_8_3_5_3_0_10u_config10_U0/grp_compute_output_buffer_2d_array_array_ap_fixed_8_3_5_3_0_10u_config10_s_fu_451/grp_dense_resource_rf_leq_nin_0_0_0_0_0_0_0_0_0_0_0_fu_414/trunc_ln708_97_reg_30615_reg[1]_i_1_n_1
    SLICE_X62Y136        CARRY8 (Prop_CARRY8_SLICEM_CI_O[0])
                                                      0.099     6.097 r  conv_2d_cl_array_ap_ufixed_8u_array_ap_fixed_8_3_5_3_0_10u_config10_U0/grp_compute_output_buffer_2d_array_array_ap_fixed_8_3_5_3_0_10u_config10_s_fu_451/grp_dense_resource_rf_leq_nin_0_0_0_0_0_0_0_0_0_0_0_fu_414/trunc_ln708_97_reg_30615_reg[12]_i_9/O[0]
                         net (fo=2, routed)           0.313     6.410    conv_2d_cl_array_ap_ufixed_8u_array_ap_fixed_8_3_5_3_0_10u_config10_U0/grp_compute_output_buffer_2d_array_array_ap_fixed_8_3_5_3_0_10u_config10_s_fu_451/grp_dense_resource_rf_leq_nin_0_0_0_0_0_0_0_0_0_0_0_fu_414/trunc_ln708_97_reg_30615_reg[12]_i_9_n_16
    SLICE_X61Y136        LUT3 (Prop_F5LUT_SLICEM_I2_O)
                                                      0.208     6.618 r  conv_2d_cl_array_ap_ufixed_8u_array_ap_fixed_8_3_5_3_0_10u_config10_U0/grp_compute_output_buffer_2d_array_array_ap_fixed_8_3_5_3_0_10u_config10_s_fu_451/grp_dense_resource_rf_leq_nin_0_0_0_0_0_0_0_0_0_0_0_fu_414/trunc_ln708_97_reg_30615[9]_i_3/O
                         net (fo=2, routed)           0.373     6.991    conv_2d_cl_array_ap_ufixed_8u_array_ap_fixed_8_3_5_3_0_10u_config10_U0/grp_compute_output_buffer_2d_array_array_ap_fixed_8_3_5_3_0_10u_config10_s_fu_451/grp_dense_resource_rf_leq_nin_0_0_0_0_0_0_0_0_0_0_0_fu_414/trunc_ln708_97_reg_30615[9]_i_3_n_1
    SLICE_X61Y136        CARRY8 (Prop_CARRY8_SLICEM_DI[6]_CO[7])
                                                      0.162     7.153 r  conv_2d_cl_array_ap_ufixed_8u_array_ap_fixed_8_3_5_3_0_10u_config10_U0/grp_compute_output_buffer_2d_array_array_ap_fixed_8_3_5_3_0_10u_config10_s_fu_451/grp_dense_resource_rf_leq_nin_0_0_0_0_0_0_0_0_0_0_0_fu_414/trunc_ln708_97_reg_30615_reg[9]_i_1/CO[7]
                         net (fo=1, routed)           0.027     7.180    conv_2d_cl_array_ap_ufixed_8u_array_ap_fixed_8_3_5_3_0_10u_config10_U0/grp_compute_output_buffer_2d_array_array_ap_fixed_8_3_5_3_0_10u_config10_s_fu_451/grp_dense_resource_rf_leq_nin_0_0_0_0_0_0_0_0_0_0_0_fu_414/trunc_ln708_97_reg_30615_reg[9]_i_1_n_1
    SLICE_X61Y137        CARRY8 (Prop_CARRY8_SLICEM_CI_O[1])
                                                      0.133     7.313 r  conv_2d_cl_array_ap_ufixed_8u_array_ap_fixed_8_3_5_3_0_10u_config10_U0/grp_compute_output_buffer_2d_array_array_ap_fixed_8_3_5_3_0_10u_config10_s_fu_451/grp_dense_resource_rf_leq_nin_0_0_0_0_0_0_0_0_0_0_0_fu_414/trunc_ln708_97_reg_30615_reg[12]_i_1/O[1]
                         net (fo=1, routed)           0.041     7.354    conv_2d_cl_array_ap_ufixed_8u_array_ap_fixed_8_3_5_3_0_10u_config10_U0/grp_compute_output_buffer_2d_array_array_ap_fixed_8_3_5_3_0_10u_config10_s_fu_451/grp_dense_resource_rf_leq_nin_0_0_0_0_0_0_0_0_0_0_0_fu_414/mul_ln1118_86_fu_6759_p2[12]
    SLICE_X61Y137        FDRE                                         r  conv_2d_cl_array_ap_ufixed_8u_array_ap_fixed_8_3_5_3_0_10u_config10_U0/grp_compute_output_buffer_2d_array_array_ap_fixed_8_3_5_3_0_10u_config10_s_fu_451/grp_dense_resource_rf_leq_nin_0_0_0_0_0_0_0_0_0_0_0_fu_414/trunc_ln708_97_reg_30615_reg[11]/D
  -------------------------------------------------------------------    -------------------

                         (clock ap_clk rise edge)    10.000    10.000 r  
                                                      0.000    10.000 r  ap_clk (IN)
                         net (fo=17305, unset)        0.000    10.000    conv_2d_cl_array_ap_ufixed_8u_array_ap_fixed_8_3_5_3_0_10u_config10_U0/grp_compute_output_buffer_2d_array_array_ap_fixed_8_3_5_3_0_10u_config10_s_fu_451/grp_dense_resource_rf_leq_nin_0_0_0_0_0_0_0_0_0_0_0_fu_414/ap_clk
    SLICE_X61Y137        FDRE                                         r  conv_2d_cl_array_ap_ufixed_8u_array_ap_fixed_8_3_5_3_0_10u_config10_U0/grp_compute_output_buffer_2d_array_array_ap_fixed_8_3_5_3_0_10u_config10_s_fu_451/grp_dense_resource_rf_leq_nin_0_0_0_0_0_0_0_0_0_0_0_fu_414/trunc_ln708_97_reg_30615_reg[11]/C
                         clock pessimism              0.000    10.000    
                         clock uncertainty           -0.035     9.965    
    SLICE_X61Y137        FDRE (Setup_BFF_SLICEM_C_D)
                                                      0.058    10.023    conv_2d_cl_array_ap_ufixed_8u_array_ap_fixed_8_3_5_3_0_10u_config10_U0/grp_compute_output_buffer_2d_array_array_ap_fixed_8_3_5_3_0_10u_config10_s_fu_451/grp_dense_resource_rf_leq_nin_0_0_0_0_0_0_0_0_0_0_0_fu_414/trunc_ln708_97_reg_30615_reg[11]
  -------------------------------------------------------------------
                         required time                         10.023    
                         arrival time                          -7.354    
  -------------------------------------------------------------------
                         slack                                  2.669    





Min Delay Paths
--------------------------------------------------------------------------------------
Slack (MET) :             0.025ns  (arrival time - required time)
  Source:                 conv_2d_cl_array_ap_ufixed_1u_array_ap_fixed_8_3_5_3_0_6u_config2_U0/grp_compute_output_buffer_2d_array_array_ap_fixed_8_3_5_3_0_6u_config2_s_fu_173/call_ret_shift_line_buffer_array_ap_ufixed_8_0_5_3_0_1u_config2_s_fu_208/line_buffer_Array_V_0_0_U/shift_line_buffer_array_ap_ufixed_8_0_5_3_0_1u_config2_s_line_buffer_Array_V_bkb_core_U/ShiftRegMem_reg[34][7]_srl32/CLK
                            (rising edge-triggered cell SRLC32E clocked by ap_clk  {rise@0.000ns fall@5.000ns period=10.000ns})
  Destination:            conv_2d_cl_array_ap_ufixed_1u_array_ap_fixed_8_3_5_3_0_6u_config2_U0/grp_compute_output_buffer_2d_array_array_ap_fixed_8_3_5_3_0_6u_config2_s_fu_173/call_ret_shift_line_buffer_array_ap_ufixed_8_0_5_3_0_1u_config2_s_fu_208/line_buffer_Array_V_0_0_U/shift_line_buffer_array_ap_ufixed_8_0_5_3_0_1u_config2_s_line_buffer_Array_V_bkb_core_U/ShiftRegMem_reg[47][7]_srl13/D
                            (rising edge-triggered cell SRL16E clocked by ap_clk  {rise@0.000ns fall@5.000ns period=10.000ns})
  Path Group:             ap_clk
  Path Type:              Hold (Min at Fast Process Corner)
  Requirement:            0.000ns  (ap_clk rise@0.000ns - ap_clk rise@0.000ns)
  Data Path Delay:        0.145ns  (logic 0.145ns (100.000%)  route 0.000ns (0.000%))
  Logic Levels:           0  

    Location             Delay type                Incr(ns)  Path(ns)    Netlist Resource(s)
  -------------------------------------------------------------------    -------------------
                         (clock ap_clk rise edge)     0.000     0.000 r  
                                                      0.000     0.000 r  ap_clk (IN)
                         net (fo=17305, unset)        0.000     0.000    conv_2d_cl_array_ap_ufixed_1u_array_ap_fixed_8_3_5_3_0_6u_config2_U0/grp_compute_output_buffer_2d_array_array_ap_fixed_8_3_5_3_0_6u_config2_s_fu_173/call_ret_shift_line_buffer_array_ap_ufixed_8_0_5_3_0_1u_config2_s_fu_208/line_buffer_Array_V_0_0_U/shift_line_buffer_array_ap_ufixed_8_0_5_3_0_1u_config2_s_line_buffer_Array_V_bkb_core_U/ap_clk
    SLICE_X50Y207        SRLC32E                                      r  conv_2d_cl_array_ap_ufixed_1u_array_ap_fixed_8_3_5_3_0_6u_config2_U0/grp_compute_output_buffer_2d_array_array_ap_fixed_8_3_5_3_0_6u_config2_s_fu_173/call_ret_shift_line_buffer_array_ap_ufixed_8_0_5_3_0_1u_config2_s_fu_208/line_buffer_Array_V_0_0_U/shift_line_buffer_array_ap_ufixed_8_0_5_3_0_1u_config2_s_line_buffer_Array_V_bkb_core_U/ShiftRegMem_reg[34][7]_srl32/CLK
  -------------------------------------------------------------------    -------------------
    SLICE_X50Y207        SRLC32E (Prop_D6LUT_SLICEM_CLK_Q31)
                                                      0.145     0.145 r  conv_2d_cl_array_ap_ufixed_1u_array_ap_fixed_8_3_5_3_0_6u_config2_U0/grp_compute_output_buffer_2d_array_array_ap_fixed_8_3_5_3_0_6u_config2_s_fu_173/call_ret_shift_line_buffer_array_ap_ufixed_8_0_5_3_0_1u_config2_s_fu_208/line_buffer_Array_V_0_0_U/shift_line_buffer_array_ap_ufixed_8_0_5_3_0_1u_config2_s_line_buffer_Array_V_bkb_core_U/ShiftRegMem_reg[34][7]_srl32/Q31
                         net (fo=1, routed)           0.000     0.145    conv_2d_cl_array_ap_ufixed_1u_array_ap_fixed_8_3_5_3_0_6u_config2_U0/grp_compute_output_buffer_2d_array_array_ap_fixed_8_3_5_3_0_6u_config2_s_fu_173/call_ret_shift_line_buffer_array_ap_ufixed_8_0_5_3_0_1u_config2_s_fu_208/line_buffer_Array_V_0_0_U/shift_line_buffer_array_ap_ufixed_8_0_5_3_0_1u_config2_s_line_buffer_Array_V_bkb_core_U/ShiftRegMem_reg[34][7]_srl32_n_2
    SLICE_X50Y207        SRL16E                                       r  conv_2d_cl_array_ap_ufixed_1u_array_ap_fixed_8_3_5_3_0_6u_config2_U0/grp_compute_output_buffer_2d_array_array_ap_fixed_8_3_5_3_0_6u_config2_s_fu_173/call_ret_shift_line_buffer_array_ap_ufixed_8_0_5_3_0_1u_config2_s_fu_208/line_buffer_Array_V_0_0_U/shift_line_buffer_array_ap_ufixed_8_0_5_3_0_1u_config2_s_line_buffer_Array_V_bkb_core_U/ShiftRegMem_reg[47][7]_srl13/D
  -------------------------------------------------------------------    -------------------

                         (clock ap_clk rise edge)     0.000     0.000 r  
                                                      0.000     0.000 r  ap_clk (IN)
                         net (fo=17305, unset)        0.000     0.000    conv_2d_cl_array_ap_ufixed_1u_array_ap_fixed_8_3_5_3_0_6u_config2_U0/grp_compute_output_buffer_2d_array_array_ap_fixed_8_3_5_3_0_6u_config2_s_fu_173/call_ret_shift_line_buffer_array_ap_ufixed_8_0_5_3_0_1u_config2_s_fu_208/line_buffer_Array_V_0_0_U/shift_line_buffer_array_ap_ufixed_8_0_5_3_0_1u_config2_s_line_buffer_Array_V_bkb_core_U/ap_clk
    SLICE_X50Y207        SRL16E                                       r  conv_2d_cl_array_ap_ufixed_1u_array_ap_fixed_8_3_5_3_0_6u_config2_U0/grp_compute_output_buffer_2d_array_array_ap_fixed_8_3_5_3_0_6u_config2_s_fu_173/call_ret_shift_line_buffer_array_ap_ufixed_8_0_5_3_0_1u_config2_s_fu_208/line_buffer_Array_V_0_0_U/shift_line_buffer_array_ap_ufixed_8_0_5_3_0_1u_config2_s_line_buffer_Array_V_bkb_core_U/ShiftRegMem_reg[47][7]_srl13/CLK
                         clock pessimism              0.000     0.000    
    SLICE_X50Y207        SRL16E (Hold_C6LUT_SLICEM_CLK_D)
                                                      0.120     0.120    conv_2d_cl_array_ap_ufixed_1u_array_ap_fixed_8_3_5_3_0_6u_config2_U0/grp_compute_output_buffer_2d_array_array_ap_fixed_8_3_5_3_0_6u_config2_s_fu_173/call_ret_shift_line_buffer_array_ap_ufixed_8_0_5_3_0_1u_config2_s_fu_208/line_buffer_Array_V_0_0_U/shift_line_buffer_array_ap_ufixed_8_0_5_3_0_1u_config2_s_line_buffer_Array_V_bkb_core_U/ShiftRegMem_reg[47][7]_srl13
  -------------------------------------------------------------------
                         required time                         -0.120    
                         arrival time                           0.145    
  -------------------------------------------------------------------
                         slack                                  0.025    





Pulse Width Checks
--------------------------------------------------------------------------------------
Clock Name:         ap_clk
Waveform(ns):       { 0.000 5.000 }
Period(ns):         10.000
Sources:            { ap_clk }

Check Type        Corner  Lib Pin             Reference Pin  Required(ns)  Actual(ns)  Slack(ns)  Location      Pin
Min Period        n/a     RAMB36E2/CLKARDCLK  n/a            1.961         10.000      8.039      RAMB36_X6Y41  layer2_out_V_data_2_V_U/mem_reg_bram_0/CLKARDCLK
Low Pulse Width   Slow    RAMB36E2/CLKARDCLK  n/a            0.980         5.000       4.020      RAMB36_X6Y41  layer2_out_V_data_2_V_U/mem_reg_bram_0/CLKARDCLK
High Pulse Width  Slow    RAMB36E2/CLKARDCLK  n/a            0.980         5.000       4.020      RAMB36_X6Y41  layer2_out_V_data_2_V_U/mem_reg_bram_0/CLKARDCLK



